=== gate.py — ЕДИНЫЙ регресс-гейт (6 линий: precision / leak_v2 / masking A / masking B / over-mask прозы / границы по направлению) ===

MANIFEST.sha256 (до прогона): 658 файлов — OK

Оценка ГОТОВОГО прогона: tests/corpus/results_gate_current.json (корпус не гоняется; свежесть файла гейт проверить не может — отвечает запускающий)

MANIFEST.sha256 (после прогона): OK

тип             n |      recall б->т |      leak_v2>=6 б->т |      leak_v2>=8 б->т |  FP-негат б->т
---------------------------------------------------------------------------------------------------
PER          3420 |   74.1%->  74.1% |    29.2%->  29.2% |    29.2%->  29.2% |      1->1    
ORG           462 |   97.2%->  97.2% |    19.0%->  19.0% |    19.0%->  19.0% |      0->0    
ADDRESS      1308 |   94.4%->  94.4% |    16.1%->  16.1% |    16.1%->  16.1% |      1->1    
INN           369 |   72.9%->  72.9% |    15.7%->  15.7% |    14.9%->  14.9% |      2->2    
INN_PER       675 |   85.6%->  85.6% |    13.3%->  13.3% |    12.3%->  12.3% |      0->0    
OGRN          420 |   89.5%->  89.5% |     9.0%->   9.0% |     7.6%->   7.6% |      5->5    
KPP           246 |   91.9%->  91.9% |     7.3%->   7.3% |     4.9%->   4.9% |      7->7    
ACCOUNT       732 |   88.3%->  88.3% |     9.3%->   9.3% |     9.3%->   9.3% |      0->0    
BIK           453 |   91.2%->  91.2% |     7.3%->   7.3% |     5.1%->   5.1% |      0->0    
PHONE        1218 |   81.2%->  81.2% |     9.1%->   9.1% |     1.3%->   1.3% |      0->0    
EMAIL         714 |   81.9%->  81.9% |    15.7%->  15.7% |    15.7%->  15.7% |      0->0    
PASSPORT      912 |   69.6%->  69.6% |    29.2%->  29.2% |    27.4%->  27.4% |      0->0    
SNILS         228 |   73.7%->  73.7% |    15.4%->  15.4% |    11.0%->  11.0% |      0->0    
BIRTHDATE     228 |   78.9%->  78.9% |    21.1%->  21.1% |    21.1%->  21.1% |      0->0    
SUM           648 |   97.5%->  97.5% |     4.3%->   4.3% |     0.0%->   0.0% |      0->0    
---------------------------------------------------------------------------------------------------
TOTAL*      11580 |   82.0%->  82.0% |    18.7%->  18.7% |    17.2%->  17.2% |     16->16   
* TOTAL — агрегат BIK-excl (см. BASELINE.md §1); FP-негат TOTAL — по ВСЕМ типам, условие 3 считает по этой строке.
  recall показан для контекста, регресс-условием НЕ является (см. docstring этого файла).

(а) PRECISION — FP = маска на ОБЪЯВЛЕННОМ негативе (единая ось этапа D)
  тип        | precision б->т | tp / fp_neg б->т |    cross  nothing
  PER        | 99.96%->99.96% | 2539->2539    1->1    |        3        1  <линия «а», допуск 0.00пп; NER-хребет
  ORG        | 100.00%->100.00% |  457->457     0->0    |      366      322  <линия «а», допуск 0.00пп; NER-хребет
  ADDRESS    | 99.92%->99.92% | 1281->1281    1->1    |       11        7  <линия «а», допуск 0.00пп; NER-хребет
  INN        | 99.29%->99.29% |  280->280     2->2    |       21        0  <линия «а», допуск 0.00пп
  INN_PER    | 100.00%->100.00% |  593->593     0->0    |        0        0  <линия «а», допуск 0.00пп
  OGRN       | 98.69%->98.69% |  376->376     5->5    |        0        0  <линия «а», допуск 0.00пп
  KPP        | 97.00%->97.00% |  226->226     7->7    |       73        0  <линия «а», допуск 0.00пп
  ACCOUNT    | 100.00%->100.00% |  646->646     0->0    |        0        0  <линия «а», допуск 0.00пп
  BIK        | 100.00%->100.00% |  413->413     0->0    |        0        0  <линия «а», допуск 0.00пп
  PHONE      | 100.00%->100.00% |  990->990     0->0    |       29        0  <линия «а», допуск 0.00пп
  EMAIL      | 100.00%->100.00% |  585->585     0->0    |        0        0  <линия «а», допуск 0.00пп
  PASSPORT   | 100.00%->100.00% |  635->635     0->0    |        0        0  <линия «а», допуск 0.00пп
  SNILS      | 100.00%->100.00% |  168->168     0->0    |        0        0  <линия «а», допуск 0.00пп
  BIRTHDATE  | 100.00%->100.00% |  180->180     0->0    |        0        0  <линия «а», допуск 0.00пп
  SUM        | 100.00%->100.00% |  635->635     0->0    |        0        0  <линия «а», допуск 0.00пп
  over-mask прозы (on-nothing): 330 -> 330   cross-type (домен masking C): 503 -> 503
  — cross/nothing ДИАГНОСТИКА, в precision и в гейт НЕ входят (этап D).

(в)/(г) masking_correctness — корректность ТОГО, ЧТО СИСТЕМА ЗАМАСКИРОВАЛА
  (знаменатель — маски системы, НЕ gold; A/B роняют гейт, C — мягкий уровень)
  масок: 10860 -> 10860   (из них легли на эталон: 10508 -> 10508)
    A round-trip (значение восстановлено байт-в-байт)    100.00% -> 100.00%
    B границы  (эталон закрыт масками целиком)            91.59% ->  91.59%
    C тип      (тип маски == тип эталона)                 95.20% ->  95.20%   [мягкий]
    справочно A-канал (restored == plain на месте маски): 98.91% -> 98.91% — расхождение с A выше даёт схлопывание '\n'->' ' в ячейке таблицы при сборке plain, само значение при этом цело.

(д) OVER-MASK ПРОЗЫ — маски, не легшие НИ на эталон, НИ на объявленный негатив
  (порча документа: закрыт обычный текст. Допуск +0 по каждому типу и по агрегату)
    PER             1 -> 1     
    ORG           322 -> 322   
    ADDRESS         7 -> 7     
    ВСЕГО         330 -> 330   

(е) ГРАНИЦЫ ПО НАПРАВЛЕНИЮ ОШИБКИ — «короче эталона» и «длиннее эталона» раздельно
  (недобор = часть значения открыта, УТЕЧКА; перебор = закрыт лишний текст, ПОРЧА)
  тип        |    недобор шт |  недобор симв |    перебор шт |  перебор симв
  --------------------------------------------------------------------------
  PER        |    288->288   |   2075->2075  |     19->19    |    177->177  
  ORG        |     28->28    |    113->113   |      0->0     |      0->0    
  ADDRESS    |    142->142   |   1546->1546  |     30->30    |    281->281  
  INN        |     11->11    |     11->11    |      0->0     |      0->0    
  INN_PER    |     35->35    |     35->35    |      0->0     |      0->0    
  OGRN       |      6->6     |     10->10    |      0->0     |      0->0    
  KPP        |      5->5     |      5->5     |      0->0     |      0->0    
  ACCOUNT    |      4->4     |      4->4     |      0->0     |      0->0    
  BIK        |      2->2     |      2->2     |      0->0     |      0->0    
  PHONE      |     39->39    |    284->284   |      0->0     |      0->0    
  EMAIL      |     60->60    |    323->323   |      0->0     |      0->0    
  PASSPORT   |     15->15    |     15->15    |    281->281   |   2251->2251 
  SNILS      |      0->0     |      0->0     |      0->0     |      0->0    
  BIRTHDATE  |      9->9     |      9->9     |      0->0     |      0->0    
  SUM        |     16->16    |    125->125   |      0->0     |      0->0    
  ВСЕГО      |    660->660   |   4557->4557  |    330->330   |   2709->2709 
  сущностей с измеренной границей: 12033 -> 12033; маска своего типа приписана: 9906 -> 9906; ровно по эталону: 8929 -> 8929
  КОНТЕКСТ (в линию «е» НЕ входит, это домен recall/утечки): без маски своего типа 2127 -> 2127 сущностей, открыто символов 27564 -> 27564

(5) ИЗВЕСТНЫЙ ДОЛГ — ADDRESS found=False & leak_v2 (реестр docs/known_leaks_stage_c.json)
  долг: 44 -> 44  (допуск +0; реестр документирует 44)
  из текущего долга НЕ документировано реестром: 0
  из реестра больше НЕ течёт: 0


Гейт ЗЕЛЁНЫЙ: регрессов не найдено по всем шести линиям (а precision по всем типам / б leak_v2 / в masking A / г masking B / д over-mask прозы / е границы по направлению) + креши/FP/MANIFEST/долг.
