документов: 324

ВСЕГО составных сущностей: 401 в 161 док. (ORG-сущностей всего 1189)

ФОРМА ORG-СТОРОНЫ:
  ип_прописью                 258
  ип_аббревиатура             130
  иное                         13

ТИП СОСТАВНОЙ:
  ORG                         401

ЭТАЛОН ПОД СПАНОМ СКЛЕЙКИ:
  PER                         387
  НИЧЕГО                       14

ФОРМА x ЭТАЛОН:
  ип_прописью                PER               258
  ип_аббревиатура            PER               116
  ип_аббревиатура            НИЧЕГО             14
  иное                       PER                13

СКОЛЬКО ЭТАЛОННЫХ СУЩНОСТЕЙ ПОД ОДНИМ СПАНОМ:
  0 эталонных:   14
  1 эталонных:  387

JSON: C:\Users\user\ARP\experiments\crosstype_recon\compound_census.json
