docs to check: 324

=== 1a СТРУКТУРНЫЙ ===
ok=280  ws_only(Aprime-3, пред-существующий)=44  FAIL=0  побочные=0

=== 1b КАНОН ===
замен канона всего: 2450; по типам: {'PERSON': 2265, 'ORG': 185}
канон-конструкция сошлась во всех документах: True

=== МУЛЬТИСПАН (N>1) — поимённо ===
документов с мультиспаном: 165
  agency_0001                              PHONE      '846 8268514'
  agency_0001__m1337_combo                 PHONE      '84б 82б85\xa01Ч'
  agency_0001__m1337_combo                 PHONE      '8(383)22\xa01338\u200bб'
  agency_0001__m2718_homoglyph             PHONE      '84б 826851Ч'
  agency_0002                              BANK_ACCOUNT '408028104\n45145901597'
  agency_0002__m1337_invisible             PHONE      '+7 \u202f(499) \xa0298\xa0-46-18'
  agency_0002__m1337_invisible             PHONE      '+\u200d7\u200d (846)\xa0 4\u2060\u206055-90-65'
  agency_0002__m1337_invisible             BANK_ACCOUNT '4080281\xad04\u200b\n45145\u202f901597'
  agency_0002__m1337_invisible             PHONE      '+7 (\u202f843\xad) \u200b801-48-72'
  agency_0002__m2718_digit_spaces          PHONE      '+7\u200d (846 ) 4\u206055-90-65'
  agency_0002__m2718_digit_spaces          BANK_ACCOUNT '408 0 2810 4 \n451 4 59015 97'
  agency_0002__m2718_digit_spaces          PHONE      '+7 (843 ) 801 -48-72'
  agency_0004__m1337_digit_spaces          PHONE      '+7 (495\xa0) 399-19-67'
  agency_0004__m1337_digit_spaces          PHONE      '+7 (846\xa0) 539-27-51'
  agency_0004__m1337_digit_spaces          PHONE      '+7 (843\xa0) 593\xa0-74-88'
  agency_0004__m2718_combo                 PHONE      '+7\u2060 \xa0(Ч95) 399-19-\u206067'
  agency_0004__m2718_combo                 PHONE      '+7 (8Ч\xad3) 593-\xa07\u2060Ч-88'
  agency_0005__m1337_digit_spaces          PHONE      '+7 (495 ) 217 -44-49'
  agency_0005__m1337_digit_spaces          PHONE      '+7 (383-) 496--17-58'
  agency_0006__m1337_combo                 PHONE      '+\u200d7 (8\u202f43) 653\u202f-8І-9З'
  agency_0006__m1337_combo                 PHONE      '+7 (Ч99) \u200d12\xad0-3\xa08-92'
  agency_0006__m2718_homoglyph             PHONE      '+7 (843) 653-81-9З'
  agency_0006__m2718_homoglyph             PHONE      '+7 (З83) 9Ч8-Ч2-76'
  agency_0007__m1337_combo                 PHONE      '+7 \xa0(8Ч3) 2\u200d32-6\xad7-33'
  agency_0007__m1337_combo                 PHONE      '+7\u2060 (8Ч3) 53\xa03-89\u200b-47'
  agency_0007__m1337_combo                 PHONE      '+7 (4\u200d9\u202f9) \u2060Ч98-48-І9'
  agency_0007__m1337_combo                 PHONE      '+7 (З83) 795-\u200bІ0\u202f-\xa021'
  agency_0007__m2718_homoglyph             PHONE      '+7 (499) 498-Ч8-І9'
  agency_0007__m2718_homoglyph             PHONE      '+7 (З8З) 795-І0-2І'
  agency_0008__m1337_homoglyph             PHONE      '+7 499 497 Ч9 47'
  agency_0009__m1337_invisible             PHONE      '+7 \xa0(49\u20605) 236-86\u2060-23'
  agency_0009__m1337_invisible             PHONE      '+7 \xa0(383) 299-96-\xad8\u20601'
  agency_0010__m2718_linebreak             PHONE      '846) 584-84-11'
  agency_0010__m2718_linebreak             BANK_ACCOUNT '40802810717011\n235378'
  cession_0001__m1337_digit_spaces         PHONE      '+7 (812\xa0) 689-43-43'
  cession_0002                             PHONE      '812 4528997'
  cession_0002__m1337_linebreak            BANK_ACCOUNT '408\n1 7810 0458 2791 1144'
  cession_0002__m1337_linebreak            BIRTHDATE  '03.06\n.1956'
  cession_0002__m1337_linebreak            BIRTHDATE  '12.10.\n1965'
  cession_0002__m2718_cell_split           PHONE      '812 4528997'
  cession_0003__m1337_combo                PHONE      '+7\u202f \u200b(812) І2О-42-\u2060З1'
  cession_0003__m1337_combo                PHONE      '+7 (8Ч3)\xa0 5\u206068-72-\xad1Ч'
  cession_0003__m1337_combo                PHONE      '+7 (8Чб) 5\u200b8\u202f2\xa0-29-75'
  cession_0003__m2718_homoglyph            PHONE      '+7 (812) І20-Ч2-3І'
  cession_0003__m2718_homoglyph            PHONE      '+7 (8Ч3) 5б8-72-1Ч'
  cession_0004__m2718_invisible            PHONE      '+7 (84\xa03\xad) 159-49\u2060-84'
  cession_0006__m1337_invisible            PHONE      '+7 (495) 743\u2060-5\xa08-\u200b99'
  cession_0006__m1337_invisible            PHONE      '+7 (\u202f812)\u2060 947-1\u200d2-33'
  cession_0006__m1337_invisible            PHONE      '+7 (495) 98\u200b5-5\xa08-3\xad1'
  cession_0007__m1337_digit_spaces         PHONE      '+7 (383\xa0) 813\xa0-50-29'
  cession_0007__m1337_digit_spaces         PHONE      '+7 (843-) 136--92-84'
  cession_0007__m1337_digit_spaces         PHONE      '+7 (495\xa0) 339\xa0-51-50'
  cession_0008__m1337_digit_spaces         PHONE      '+7 (499\xa0) 267-59-89'
  cession_0008__m2718_combo                PHONE      '7 (Ч9\u20609) 267\u200d-59-89'
  cession_0008__m2718_combo                PHONE      '+7 (843) \xad54\u200d9-5Ч\u2060-84'
  cession_0008__m2718_combo                PHONE      '+\u20607 (8ЧЗ) 32З\u2060-\xad69-57'
  cession_0008__m2718_combo                PHONE      '+7\u200b (Ч9\u200d5) 270-б7-\u200d65'
  labor_0001__m1337_combo                  PHONE      '+\u200b7 \xad(812) 988-61-\xad5З'
  labor_0001__m1337_combo                  PHONE      '8І5-б\xad52-2І3 9\u200bЧ'
  labor_0001__m2718_homoglyph              PHONE      '+7 (8Чб) б92-21-11'
  labor_0001__m2718_homoglyph              PHONE      '815-652-2ІЗ 94'
  labor_0002__m1337_combo                  PHONE      '71 2\xa00 З25\xad868'
  labor_0002__m1337_combo                  PHONE      '+7 (\u200b8Ч3) 753-62\u200d-8\u202f7'
  labor_0002__m1337_combo                  PHONE      '7І\u202f 20 32\u200d5868'
  labor_0002__m2718_homoglyph              PHONE      '+7 (8І2) 837-2О-61'
  labor_0002__m2718_homoglyph              PHONE      '+7 (499) 3І8-49-8б'
  labor_0003__m1337_invisible              PHONE      '+7 \u202f(81\u200b2) 86\u200d2-45-65'
  labor_0003__m1337_invisible              PHONE      '+7\u200b (81\u200b2) 1\xa080-73-14'
  labor_0003__m1337_invisible              PHONE      '7\xad47-435-9\u202f38 42'
  labor_0003__m1337_invisible              PHONE      '+7 \u200b(495) 7\u200b50-1\u202f1-78'
  labor_0004                               PHONE      '+7 (843)\xa0 301\u2060-10-13'
  labor_0004                               BANK_ACCOUNT '408178107\n46841992878'
  labor_0004__m1337_homoglyph              PHONE      '+7 (84З)\xa0 З01\u2060-І0-1З'
  labor_0004__m1337_homoglyph              BANK_ACCOUNT 'Ч08І781О7\n4684І992878'
  labor_0004__m1337_homoglyph              PHONE      '+7 843 94О 1З 3З'
  labor_0004__m1337_homoglyph              PHONE      '+7 8Ч3 7О7 42 Ч7'
  labor_0004__m2718_case                   PHONE      '+7 (843)\xa0 301\u2060-10-13'
  labor_0004__m2718_case                   BANK_ACCOUNT '408178107\n46841992878'
  labor_0005__m1337_digit_spaces           PHONE      '+7 (843\xa0) 952-85-77'
  labor_0005__m1337_digit_spaces           PHONE      '8383 28 76 2 65'
  labor_0005__m1337_digit_spaces           PHONE      '+7 (846\xa0) 326\xa0-44-18'
  labor_0005__m1337_digit_spaces           PHONE      '+7 (499\xa0) 582\xa0-95-31'
  labor_0005__m2718_linebreak              PHONE      '843) 952-85-77'
  labor_0006__m2718_linebreak              BANK_ACCOUNT '407\n02810228200603876'
  labor_0006__m2718_linebreak              BANK_ACCOUNT '3010\n1810150040000763'
  labor_0007__m1337_combo                  PHONE      '+7 (84\u200bб) 8\u200d20-75\xad-2І'
  labor_0007__m1337_combo                  PHONE      '+7\u200b \xa0(8Ч6)\u200d 343-95-98'
  labor_0007__m1337_combo                  PHONE      '+7 \xad(499) \xad271-6\u20607-Ч8'
  labor_0007__m2718_homoglyph              PHONE      '+7 (846) 82О-75-2І'
  labor_0007__m2718_homoglyph              PHONE      '+7 (499) 271-67-Ч8'
  labor_0008__m1337_linebreak              BANK_ACCOUNT '4070 2810 8100 236\n8 8019'
  labor_0008__m1337_linebreak              BANK_ACCOUNT '4070 2810 810\n0 2368 8019'
  labor_0008__m1337_linebreak              BANK_ACCOUNT '30101810145\n250000974'
  labor_0009__m1337_invisible              PHONE      '+7\u202f (812) \u200d2\u200b50-32-83'
  labor_0009__m1337_invisible              PHONE      '+\u20607 (843) 8\xad1\xa01-84-47'
  labor_0010__m2718_invisible              PHONE      '+7 (8\xa043) 434\u202f-70-\u202f42'
  labor_0010__m2718_invisible              PHONE      '+7\xa0 \u2060(812) 792-33-4\u200b8'
  labor_0011                               PHONE      '+7 (\xa0383) 4\u200d60-16-53'
  labor_0011__m1337_digit_spaces           PHONE      '+7 (846-) 228--24-89'
  labor_0011__m1337_digit_spaces           PHONE      '+7 (\xa0383) 4\u200d60-16-53'
  labor_0012__m1337_invisible              PHONE      '854\u2060-022-93\u202f4 94'
  labor_0012__m2718_digit_spaces           PHONE      '+7 (812 ) 181 -90-19'
  labor_0012__m2718_digit_spaces           PHONE      '+7 (495 ) 436-59-47'
  lease_0001__m1337_combo                  PHONE      '+7 (499) \u202fЧ15\u200d-27\xa0-9З'
  lease_0001__m1337_combo                  PHONE      '+7 (4\u200b95) 451-1\u200d2-3\u2060З'
  lease_0001__m2718_homoglyph              PHONE      '+7 (84З) 6О8-7З-44'
  lease_0001__m2718_homoglyph              PHONE      '+7 (Ч95) Ч5І-12-З3'
  lease_0002__m1337_digit_spaces           PHONE      '+7 (846\xa0) 500\xa0-15-56'
  lease_0002__m1337_digit_spaces           PHONE      '+7 (812 ) 498 -96-69'
  lease_0002__m1337_digit_spaces           PHONE      '+7 (499 ) 337 -13-72'
  lease_0002__m2718_combo                  PHONE      '+7\xa0 (8І2)\u200b 88\u200d5-18-86'
  lease_0002__m2718_combo                  PHONE      '+7\xad (Ч99) 337-1\xa03\xa0-72'
  lease_0003__m1337_invisible              PHONE      '+7 (843\u202f) 161-75\u2060-92'
  lease_0004__m1337_combo                  PHONE      '+7\xad (8Ч3) З3\u200b6-З1-\u20603З'
  lease_0004__m1337_combo                  PHONE      '+7 (\u202f84б) І9\u20606-22-\u200b47'
  lease_0004__m2718_homoglyph              PHONE      '+7 (84б) 196-22-47'
  lease_0004__m2718_homoglyph              PHONE      '+7 (Ч95) 2Ч6-95-7З'
  lease_0005__m1337_digit_spaces           PHONE      '+7 (812 ) 478-76-89'
  lease_0005__m1337_digit_spaces           PHONE      '+7 (499 ) 634-58-99'
  lease_0005__m1337_digit_spaces           PHONE      '+7 (495-) 591--73-17'
  lease_0006__m1337_homoglyph              PHONE      '+7 (38З) 1ОО-42-13'
  lease_0007__m1337_combo                  PHONE      '+7 (8\u2060І\u202f2) 24З-95\u2060-44'
  lease_0007__m1337_combo                  PHONE      '+7 (4\u202f9\u200d9) 534-5О-\u202f72'
  lease_0007__m2718_homoglyph              PHONE      '+7 (499) 534-5О-72'
  lease_0008__m2718_linebreak              BANK_ACCOUNT '4070281005285\n2396677'
  lease_0008__m2718_linebreak              BANK_ACCOUNT '3010181\n0900000000790'
  lease_0008__m2718_linebreak              BANK_ACCOUNT '408028108\n71707550461'
  lease_0009__m1337_invisible              PHONE      '87 15 32\xad3\xa0953'
  lease_0009__m1337_invisible              PHONE      '7 (\u202f846) 692-8\u202f7-82'
  lease_0009__m1337_invisible              PHONE      '+\u200d7 (846)\u2060 5\u202f23-98-27'
  lease_0010__m1337_linebreak              BANK_ACCOUNT '40802810734041\n341318'
  lease_0010__m1337_linebreak              BANK_ACCOUNT '4080281055566091\n8343'
  lease_0011__m1337_digit_spaces           PHONE      '+7 (846 ) 893 -55-17'
  lease_0011__m1337_digit_spaces           PHONE      '+7 (846\xa0) 359\xa0-92-48'
  lease_0011__m1337_digit_spaces           PHONE      '+7 (812\xa0) 858-94-69'
  lease_0011__m2718_linebreak              PHONE      '812) 858-94-69'
  lease_0012__m2718_invisible              PHONE      '82\u202f 19 59002\u202f3'
  lease_0012__m2718_invisible              PHONE      '82 1\u202f9 5\xad90023'
  lease_0012__m2718_invisible              PHONE      '+7 (846) 655-5\xad7\xad-7\xa08'
  lease_0012__m2718_invisible              PHONE      '+7 (4\u202f99) \u202f993-43-\xa058'
  loan_0001__m1337_combo                   PHONE      '+7 (495)\xad 978-\u200b9\u202f4-1Ч'
  loan_0001__m2718_homoglyph               PHONE      '+7 (495) 978-94-І4'
  loan_0001__m2718_homoglyph               PHONE      '+7 (383) 892-58-8З'
  loan_0002__m2718_digit_spaces            PHONE      '+7 (812-) 107-65-11'
  loan_0003                                PHONE      '+7 \xa0(499) 115-55-\u206031'
  loan_0003__m1337_invisible               PHONE      '+7 \u2060\xa0\u200d(499) \xa0115-55-\u206031'
  loan_0003__m1337_invisible               PHONE      '+7 (8\u202f46) 28\u200d5-66\u200b-69'
  loan_0003__m2718_case                    PHONE      '+7 \xa0(499) 115-55-\u206031'
  loan_0004__m1337_digit_spaces            PHONE      '+7 (383 ) 427-99-39'
  loan_0004__m1337_digit_spaces            PHONE      '+7 (495\xa0) 242\xa0-93-14'
  loan_0004__m1337_digit_spaces            PHONE      '+7 (812 ) 169 -36-77'
  loan_0004__m2718_combo                   PHONE      '+7 (38\u202f3\u202f) 4\xad27-99-З9'
  loan_0004__m2718_combo                   PHONE      '+7 \u200d(49\xa05) 2Ч2\u2060-93-14'
  loan_0004__m2718_combo                   PHONE      '+\u20607 (8\xa012) 169\u200b-3б-77'
  loan_0005__m1337_digit_spaces            PHONE      '83 17 765 8 81'
  loan_0005__m1337_digit_spaces            PHONE      '+7 (846-) 918--79-77'
  loan_0005__m1337_digit_spaces            PHONE      '+7 (383-) 315-81-94'
  loan_0005__m1337_digit_spaces            PHONE      '83 17 7658\xa081'
  loan_0005__m1337_digit_spaces            PHONE      '+7 (812\xa0) 845\xa0-73-33'
  loan_0005__m1337_digit_spaces            PHONE      '+7 (499 ) 111-23-18'
  loan_0005__m2718_linebreak               PHONE      '812) 845-73-33'
  loan_0006__m1337_combo                   PHONE      '7б 18\xa0 7\xa041821'
  loan_0006__m1337_combo                   PHONE      '+7 495 815\xad \xad22 Ч8'
  loan_0006__m1337_combo                   PHONE      '7\u2060б 18 741\xa0821'
  loan_0006__m1337_combo                   PHONE      '8-8\u202fІ\xad2-290-26-70'
  loan_0006__m1337_combo                   PHONE      '+7 499\u202f ІО4 39 З\u200d5'
  loan_0006__m2718_homoglyph               PHONE      '76 І8 74І82І'
  loan_0007__m1337_combo                   PHONE      '+7 \u202f(8\u202fЧ6) 9\xad6б-45-68'
  loan_0007__m1337_combo                   PHONE      '+7 (\xad84\u200dб) 247\u202f-37-73'
  loan_0007__m1337_combo                   PHONE      '+7 (81\xa02) 18\xadЧ\u200b-27-5О'
  loan_0007__m2718_homoglyph               PHONE      '+7 (84б) 9бб-Ч5-68'
  loan_0007__m2718_homoglyph               PHONE      '+7 (84б) 247-З7-73'
  loan_0007__m2718_homoglyph               PHONE      '+7 (812) І8Ч-27-50'
  loan_0008                                PHONE      '+7 (4\xa099) 5\u202f20-61-68'
  loan_0008                                BANK_ACCOUNT '408028103\n40521156801'
  loan_0008__m1337_homoglyph               PHONE      '+7 (495) 8З7-8О-І7'
  loan_0008__m1337_homoglyph               BANK_ACCOUNT '4О8О28ІО3\n40521156801'
  loan_0008__m1337_homoglyph               PHONE      '+7 (383) 35З-7І-64'
  loan_0008__m2718_case                    PHONE      '+7 (4\xa099) 5\u202f20-61-68'
  loan_0008__m2718_case                    BANK_ACCOUNT '408028103\n40521156801'
  loan_0009__m1337_invisible               PHONE      '+7 \u2060(499) 6\u200d41-8\u202f2-89'
  loan_0009__m1337_invisible               PHONE      '+7 (383\u2060) 8\u202f30-78-8\u200b5'
  loan_0009__m1337_invisible               PHONE      '+7 (8\u206043) \u200b842-69-8\u202f4'
  loan_0010__m2718_linebreak               BANK_ACCOUNT '4080281\n0513492937727'
  sale_0001__m1337_digit_spaces            PHONE      '+7 (846 ) 857-13-93'
  sale_0002__m1337_linebreak               BIRTHDATE  '14.10.\n1972'
  sale_0002__m1337_linebreak               BIRTHDATE  '06.01.1\n959'
  sale_0003__m1337_combo                   PHONE      '+7 (8\u200d4б) 985-\xad52\xa0-92'
  sale_0003__m1337_combo                   PHONE      '+7 \xa0(38З)\u202f 213-\u202fб1-92'
  sale_0003__m1337_combo                   PHONE      '+7 (846) 9\u200b86-9\u2060Ч-\u202f46'
  sale_0003__m2718_homoglyph               PHONE      '+7 (8Ч6) 98б-94-46'
  sale_0004                                BANK_ACCOUNT '408028101\n84403400452'
  sale_0004__m1337_cell_split              BANK_ACCOUNT '408028101\n84403400452'
  sale_0004__m2718_invisible               PHONE      '+\u20607 \u200d(\xa0383) 23\u200b0-33\u2060-29'
  sale_0004__m2718_invisible               BANK_ACCOUNT '4\xad08028101\u2060\n8\u20604403400452'
  sale_0004__m2718_invisible               PHONE      '+\u20607 (\xa0383) 388-1\u200b3-99'
  sale_0004__m2718_invisible               PHONE      '7 (\xad846) \xad550-26-15'
  sale_0005__m1337_invisible               PHONE      '+7\u200d (4\xa099) 866-4\xad8-55'
  sale_0005__m1337_invisible               PHONE      '+7 \xad(499) 91\xa07-30\u200d-64'
  sale_0006__m2718_digit_spaces            PHONE      '+7 (495\xa0) 769\xa0-88-85'
  sale_0007__m1337_digit_spaces            PHONE      '+7 (843 ) 792 -17-43'
  sale_0008__m1337_digit_spaces            PHONE      '+7 (843-) 462-46-23'
  sale_0008__m1337_digit_spaces            PHONE      '+7 (843 ) 571 -93-12'
  sale_0008__m2718_combo                   PHONE      '+\u200b7 (8\u20604З)\u202f Ч62-46-23'
  sale_0008__m2718_combo                   PHONE      '+7 (\xa04\u200d95) \xad4І5-41-8І'
  sale_0008__m2718_combo                   PHONE      '+7 (8\u202f4З) 571\u2060-93\u200d-12'
  sale_0009__m1337_combo                   PHONE      '+7 (8І2) 8\xa005\u200b-31-1\xad4'
  sale_0009__m1337_combo                   PHONE      '+7 \xa0(383\u202f) З3б-Ч2\u200d-2б'
  sale_0009__m2718_homoglyph               PHONE      '+7 (495) З15-8б-21'
  sale_0009__m2718_homoglyph               PHONE      '+7 (812) 8О5-31-І4'
  sale_0009__m2718_homoglyph               PHONE      '+7 (З83) З36-42-2б'
  sale_0010__m1337_combo                   PHONE      '+7 (Ч99\u200d) \xad50Ч-\xad75-б9'
  sale_0010__m1337_combo                   PHONE      '+7\u200d (Ч95)\u200b 245-9\u202f5-72'
  sale_0010__m2718_homoglyph               PHONE      '+7 (Ч99) 50Ч-75-б9'
  sale_0010__m2718_homoglyph               PHONE      '+7 (38З) 22І-25-І4'
  sale_0011__m1337_invisible               PHONE      '+7 (38\xa03) 544-5\u202f4\u2060-10'
  sale_0011__m1337_invisible               PHONE      '+7 (8\u202f12)\u200b \u2060751-4\u200d5\xa0-66'
  sale_0011__m1337_invisible               PHONE      '+7 \xa0(\u200b4\u200b99) 665-53-18'
  sale_0012                                PHONE      '846 4034654'
  sale_0012__m1337_homoglyph               PHONE      '846 4О34б54'
  sale_0012__m1337_homoglyph               PHONE      '+7 812 440 б6 6О'
  sale_0012__m2718_case                    PHONE      '846 4034654'
  sale_0013__m1337_digit_spaces            PHONE      '+7 (499-) 491--21-77'
  sale_0014__m2718_linebreak               BIRTHDATE  '23.\n05.1976'
  sale_0014__m2718_linebreak               BIRTHDATE  '27.\n10.1978'
  sale_0014__m2718_linebreak               PHONE      '843) 159-96-52'
  services_0001__m1337_combo               PHONE      '+7 (38З\xa0) 6\u200d24\xa0-86-84'
  services_0001__m1337_combo               PHONE      '79З-23Ч-\u200d9Ч1\u200d З3'
  services_0001__m1337_combo               PHONE      '+7\xa0 (Ч95\u202f) 2О2-6Ч\xa0-96'
  services_0001__m2718_homoglyph           PHONE      '+7 (812) ІЧ7-98-72'
  services_0001__m2718_homoglyph           PHONE      '+7 (38З) б24-86-8Ч'
  services_0002__m1337_linebreak           BIRTHDATE  '10\n.02.1959'
  services_0002__m1337_linebreak           BIRTHDATE  '04.03.19\n68'
  services_0003__m1337_invisible           PHONE      '+\u200d7 (49\xa09\u200d) 975-93-41'
  services_0003__m1337_invisible           PHONE      '+7 (843) 18\xa06-8\u202f0\u202f-96'
  services_0003__m1337_invisible           PHONE      '+7 (8\u202f46) \u2060104-\u202f93-58'
  services_0004__m2718_invisible           PHONE      '+781\xa0216\u202f76329'
  services_0005__m1337_digit_spaces        PHONE      '+7 (495 ) 647 -87-62'
  services_0005__m1337_digit_spaces        PHONE      '+7 (495 ) 612-62-41'
  services_0006__m1337_invisible           PHONE      '+\xad7 (383) 8\xa055-\xa078-58'
  services_0006__m1337_invisible           PHONE      '+7 (846\xad) 96\u202f7-\u206014-31'
  services_0006__m1337_invisible           PHONE      '+7 (383) 5\xa02\u202f9-6\xa02-57'
  services_0006__m2718_digit_spaces        PHONE      '+7 (383-) 855--78-58'
  services_0006__m2718_digit_spaces        PHONE      '+7 (846\xa0) 967\xa0-14-31'
  services_0006__m2718_digit_spaces        PHONE      '+7 (383 ) 965 -16-43'
  services_0007__m1337_combo               PHONE      '+7 \u202f(495) 270-47\u200d-2\u200bЗ'
  services_0007__m1337_combo               PHONE      '+7 \xa0(495) Ч6\xadб-7З-\u202f44'
  services_0007__m1337_combo               PHONE      '+7 (\xa08Чб)\u200b 877\u2060-Ч8-7Ч'
  services_0008__m1337_digit_spaces        PHONE      '+7 (499-) 666--79-61'
  services_0008__m1337_digit_spaces        PHONE      '+7 (495-) 265-97-67'
  services_0008__m1337_digit_spaces        PHONE      '+7 (383\xa0) 448-83-90'
  services_0008__m2718_combo               PHONE      '+\u200d7\u200b (499) \u200dбб6-79-6І'
  services_0008__m2718_combo               PHONE      '+\xad7 (495\u202f) 2б5-\u200b97-б7'
  services_0008__m2718_combo               PHONE      '+7 (\u200bЗ83) 448-8З\xad-9\xa00'
  services_0009__m1337_invisible           PHONE      '+7 \u202f(495\xa0) 3\u200b26-49-57'
  services_0009__m1337_invisible           PHONE      '+7 (495)\u202f 705-9\u202f0\u202f-52'
  services_0010__m1337_combo               PHONE      '8\xa0(Ч99)3397\u202f1З9'
  services_0010__m1337_combo               PHONE      '8-8Ч3-72\xa03-52-\xa024'
  services_0011__m1337_digit_spaces        PHONE      '+7 (843-) 397-56-67'
  services_0011__m1337_digit_spaces        PHONE      '+7 (846 ) 103 -32-55'
  services_0011__m2718_linebreak           PHONE      '846) 103-32-55'
  services_0012__m1337_homoglyph           PHONE      '+7 (Ч99) 286-20-б2'
  services_0012__m1337_homoglyph           PHONE      '+7 (84б) Чб8-З6-52'
  services_0012__m1337_homoglyph           PHONE      '+7 (8ЧЗ) 562-7І-31'
  services_0013__m1337_combo               PHONE      '+7 \u2060(\xad499) 95\u2060І-З8-88'
  services_0013__m1337_combo               PHONE      '+\u20607 (З83) 5\u200b43-І\u200b9-27'
  services_0013__m2718_homoglyph           PHONE      '+7 (499) бЧ8-55-б9'
  services_0013__m2718_homoglyph           PHONE      '+7 (З8З) 5Ч3-19-27'
  services_0013__m2718_homoglyph           PHONE      '+7 (812) І2І-3Ч-72'
  services_0014__m2718_linebreak           BIRTHDATE  '02.01.1\n983'
  supply_0001__m1337_invisible             PHONE      '+7 (4\u202f9\u200b9) 305\xad-23-53'
  supply_0001__m1337_invisible             PHONE      '+\xad7 (\u202f843) 38\xad6-38-37'
  supply_0001__m1337_invisible             PHONE      '+\u200b7 (38\xa03) 643-76-6\u200d6'
  supply_0002__m1337_linebreak             BANK_ACCOUNT '40702810718861452\n602'
  supply_0002__m1337_linebreak             BANK_ACCOUNT '301018107000000\n00187'
  supply_0002__m1337_linebreak             BANK_ACCOUNT '40802810107022\n174410'
  supply_0003__m2718_linebreak             PHONE      '846) 702-48-21'
  supply_0004__m2718_invisible             PHONE      '+7 (843)\u202f 291\xad-48-\xa018'
  supply_0005__m1337_combo                 PHONE      '+7 (Ч95)\u200b 800-\u202f5\u200dІ-83'
  supply_0005__m1337_combo                 PHONE      '+7 (499)\xa0 9\u200dО6-98\u200d-5І'
  supply_0005__m1337_combo                 PHONE      '72\xa02-\xadО72-858 77'
  supply_0005__m2718_homoglyph             PHONE      '+7 (495) 8О0-5І-83'
  supply_0006__m1337_invisible             PHONE      '+7 (81\u202f2) 215\u200d-8\u20605-50'
  supply_0006__m2718_digit_spaces          PHONE      '+7 (812-) 215--85-50'
  supply_0006__m2718_digit_spaces          PHONE      '+7 (383-) 991--51-97'
  supply_0007__m1337_invisible             PHONE      '+7\xa0 (\u200d499) 4\xad10-43-31'
  supply_0007__m1337_invisible             PHONE      '+7 (3\u202f83) \xad886-5\u200d8-78'
  supply_0007__m1337_invisible             PHONE      '+\u20607\u202f \u2060(495) 287-61-13'
  supply_0008__m1337_digit_spaces          PHONE      '+7 (846-) 629-70-97'
  supply_0008__m1337_digit_spaces          PHONE      '+7 (499 ) 284 -98-87'
  supply_0008__m1337_digit_spaces          PHONE      '+7 (495-) 667--23-12'
  supply_0008__m2718_combo                 PHONE      '+7 (8Ч6)\xa0 б29\u200b-70-\u200b97'
  supply_0010__m1337_combo                 PHONE      '+7 \xad(\u200d84б) 4З2-98-8\u200b2'
  supply_0010__m1337_combo                 PHONE      '+7 (8Чб\u2060) 755-8\xad8\u200b-75'
  supply_0010__m2718_homoglyph             PHONE      '+7 (846) ЧЗ2-98-82'
  supply_0011__m1337_combo                 PHONE      '+7\xa0 (\u200d846) 5ІО\xa0-50-89'
  supply_0011__m1337_combo                 PHONE      '+7 (49\u200d9\u200d) І1Ч-2\u20606-67'
  supply_0011__m1337_combo                 PHONE      '835\xad-251-77\xadб 11'
  supply_0011__m2718_homoglyph             PHONE      '+7 (8Чб) 510-5О-89'
  supply_0011__m2718_homoglyph             PHONE      '+7 (499) І14-2б-67'
  supply_0011__m2718_homoglyph             PHONE      '8З5-251-77б 11'
  supply_0012__m1337_homoglyph             PHONE      '7З 07 277588'
  supply_0012__m1337_homoglyph             PHONE      '+7 (84З) бЗ2-З2-68'
  supply_0012__m1337_homoglyph             PHONE      '7З 07 277588'
  supply_0014__m2718_linebreak             BANK_ACCOUNT '407\n02810316782145493'
  supply_0014__m2718_linebreak             BANK_ACCOUNT '301018102000000\n00593'
  supply_0014__m2718_linebreak             BANK_ACCOUNT '408028102985414\n33541'
  supply_0015__m1337_digit_spaces          PHONE      '76 05 376\xa0027'
  supply_0015__m1337_digit_spaces          PHONE      '+7 (499\xa0) 397-41-64'
  supply_0015__m1337_digit_spaces          PHONE      '+7 (499 ) 410-78-86'
  supply_0015__m2718_linebreak             PHONE      '843) 199-34-71'
  supply_0016__m1337_linebreak             BANK_ACCOUNT '40\n802810111464978945'
  supply_0016__m1337_linebreak             BANK_ACCOUNT '40802810628689086\n300'
  works_0001__m1337_combo                  PHONE      '+7 (4\u200b95)\xa0 54\u20607-74-6З'
  works_0001__m1337_combo                  PHONE      '+7 (З8\u202f3) 255-14-\xa04\u20602'
  works_0001__m1337_combo                  PHONE      '7 (8Ч6) 399-53-\u200d9\u200d3'
  works_0001__m2718_homoglyph              PHONE      '+7 (843) 6З5-І3-З0'
  works_0001__m2718_homoglyph              PHONE      '+7 (З83) 255-14-Ч2'
  works_0002__m2718_invisible              PHONE      '+7 (38\u200d3) 27\xa04-16-\u206015'
  works_0003                               PHONE      '+7 (49\u200b5) 7\xa085-22-91'
  works_0003__m1337_invisible              PHONE      '+7 (4\xa09\u200b\u20605) \u200d7\xa085-22-91'
  works_0003__m2718_case                   PHONE      '+7 (49\u200b5) 7\xa085-22-91'
  works_0004__m1337_invisible              PHONE      '+781\u202f277251\u206079'
  works_0004__m2718_digit_spaces           PHONE      '8(383 )888386 6'
  works_0004__m2718_digit_spaces           PHONE      '+7 (812 ) 186 -49-49'
  works_0004__m2718_digit_spaces           PHONE      '+781277\xa025\xa0179'
  works_0005__m1337_digit_spaces           PHONE      '+7 (812\xa0) 687\xa0-35-53'
  works_0006__m1337_digit_spaces           PHONE      '+7 (383-) 837-47-98'
  works_0006__m1337_digit_spaces           PHONE      '+7 (843 ) 217 -18-62'
  works_0006__m2718_combo                  PHONE      '7\xa0 (З83)\xad 837-47-98'
  works_0006__m2718_combo                  PHONE      '+7\xa0 (8Ч\u2060З) 2І7\u202f-18-62'
  works_0007__m1337_combo                  PHONE      '+7 (8І2) \u20602Ч\u202f7-\u202f80-92'
  works_0007__m1337_combo                  PHONE      '+7\xad (846) 29б\u2060-80-\xad58'
  works_0007__m2718_homoglyph              PHONE      '+7 (8Чб) 296-8О-58'
  works_0008                               BANK_ACCOUNT '408028107\n19913282048'
  works_0008__m1337_combo                  PHONE      '+7 (\u202f8\u20604\xad6) 434-8Ч-89'
  works_0008__m1337_combo                  PHONE      '+\u200d7 (8Ч6) \u202f45\xad0\xa0-\xad50-57'
  works_0008__m1337_combo                  BANK_ACCOUNT 'Ч08\u202fО281О7\xa0\n1991З28204\xad8'
  works_0008__m1337_combo                  PHONE      '+7 (81\u20602) 816\xad-І3\u2060-71'
  works_0008__m1337_combo                  PHONE      '+7 (8\xad43\u200d) Ч4І-\xa064-57'
  works_0008__m2718_homoglyph              PHONE      '+7 (846) Ч34-8Ч-89'
  works_0008__m2718_homoglyph              PHONE      '+\u200d7 (84б) 450\xa0-50-57'
  works_0008__m2718_homoglyph              BANK_ACCOUNT 'Ч080281О7\n1991З282048'
  works_0008__m2718_homoglyph              PHONE      '+7 (812) 8І6-1З-7І'
  works_0009__m1337_invisible              PHONE      '+7 (499\u200d) 170\u200d-36-8\u202f4'
  works_0009__m1337_invisible              PHONE      '84\xa0998346591'
  works_0009__m1337_invisible              PHONE      '+7 (4\xa099)\u202f 104-9\u202f9-44'
  works_0009__m1337_invisible              PHONE      '+7 \xad(8\xa012) 518-39-\u200d15'
  works_0010__m1337_homoglyph              PHONE      '+7 (846) 15б-16-68'
  works_0010__m1337_homoglyph              PHONE      '+7 (84З) 784-52-9І'
  works_0010__m1337_homoglyph              PHONE      '+7 (84б) 758-71-33'
  works_0011                               PHONE      '846 1745087'
  works_0011__m1337_digit_spaces           PHONE      '846 174 5087'
  works_0012__m2718_linebreak              BANK_ACCOUNT '4081 781\n0 4259 2834 3119'
  works_0012__m2718_linebreak              BIRTHDATE  '12.10.19\n60'
  works_0012__m2718_linebreak              BIRTHDATE  '27.08.1\n982'

saved: C:\Jesus\ARP\experiments\stage_e\verify_1a1b_result.json
