сервер наш: build=u1b-rebuild-20260725 pid=19768 порт=8901, настройки в C:\Users\E0F1~1\AppData\Local\Temp\shifrator_t2_ui_lg8vabze\.shifrator\settings.json

1. ЭКРАН «Что маскировать» — ответ сервера, 15 типов:
   INN         {'type': 'INN', 'label': 'ИНН организации (10 цифр)', 'in_profile': False, 'enabled': False, 'override': None}
   INN_PERSON  {'type': 'INN_PERSON', 'label': 'ИНН человека (12 цифр)', 'in_profile': True, 'enabled': True, 'override': None}
   наборы:
     personal               ФИО, адреса, телефоны, почта, паспорта, СНИЛС, даты рождения, ИНН человека (12 цифр)
     personal_requisites    всё перечисленное выше и, кроме того, названия организаций, ИНН организации (10 цифр), ОГРН, КПП, БИК, банковские счета
     with_money             всё перечисленное выше и, кроме того, денежные суммы
     maximum                все типы данных, которые программа умеет находить, без исключений

Документ agency_0003: ИНН организаций ['9177276266', '9177276266'], ИНН человека ['864067395705']

только персональные данные:
   масок всего: 21;  ИНН организации: 0;  ИНН человека: 1
   ИНН организации 9177276266 в тексте: ОСТАЛСЯ
   ИНН организации 9177276266 в тексте: ОСТАЛСЯ
   ИНН человека    864067395705 в тексте: замаскирован
   экран проверки: набор «Только персональные данные», полный: False
   осталось намеренно: Организация, ИНН организации (10 цифр), ОГРН/ОГРНИП, КПП, Банковский счёт, БИК, Сумма

то же + галочка «ИНН организации»:
   масок всего: 22;  ИНН организации: 1;  ИНН человека: 1
   ИНН организации 9177276266 в тексте: замаскирован
   ИНН организации 9177276266 в тексте: замаскирован
   ИНН человека    864067395705 в тексте: замаскирован
   экран проверки: набор «Только персональные данные», полный: False
   осталось намеренно: Организация, ОГРН/ОГРНИП, КПП, Банковский счёт, БИК, Сумма

то же − галочка «ИНН человека»:
   масок всего: 20;  ИНН организации: 0;  ИНН человека: 0
   ИНН организации 9177276266 в тексте: ОСТАЛСЯ
   ИНН организации 9177276266 в тексте: ОСТАЛСЯ
   ИНН человека    864067395705 в тексте: ОСТАЛСЯ
   экран проверки: набор «Только персональные данные», полный: False
   осталось намеренно: Организация, ИНН организации (10 цифр), ИНН человека (12 цифр), ОГРН/ОГРНИП, КПП, Банковский счёт, БИК, Сумма

максимум:
   масок всего: 31;  ИНН организации: 1;  ИНН человека: 1
   ИНН организации 9177276266 в тексте: замаскирован
   ИНН организации 9177276266 в тексте: замаскирован
   ИНН человека    864067395705 в тексте: замаскирован
   экран проверки: набор «Максимум (все типы)», полный: True
   осталось намеренно: —
