==============================================================================
ПРОВЕРКА 1. Приложение запустилось, интерфейс отдаётся.
  порт: 8934   метка сборки в /api/ping: build-20260729   (в launcher.lock: build-20260729)
  GET / : 65682 байт, метка в HTML: build-20260729

ПРОВЕРКА 2. Обезличивание документа корпуса agency_0003 (набор по умолчанию).
  статус: ok;  масок: 18;  сессия: 773a114c-3ffb-4ef0-80d6-262f7470f578
  типы масок: {'EMAIL': 2, 'ADDRESS': 4, 'BIRTHDATE': 1, 'INN_PERSON': 1, 'PASSPORT': 3, 'SNILS': 1, 'PHONE': 4, 'PERSON': 2}

ПРОВЕРКА 3. Экран «Что маскировать».
  наборов: 4
     personal               Только персональные данные
     personal_requisites    Персональные данные и реквизиты
     with_money             Всё, включая деньги
     maximum                Максимум (все типы)
  галочек типов: 15, среди них:
     INN         {'type': 'INN', 'label': 'ИНН организации (10 цифр)', 'in_profile': False, 'enabled': False, 'override': None}
     INN_PERSON  {'type': 'INN_PERSON', 'label': 'ИНН человека (12 цифр)', 'in_profile': True, 'enabled': True, 'override': None}

ПРОВЕРКА 4. Переключение набора. ИНН организаций ['9177276266', '9177276266'], ИНН человека ['864067395705']
  только персональные данные:
     масок 18; ИНН орг. масок 0; ИНН чел. масок 1
     ИНН организации 9177276266: ОСТАЛСЯ в тексте
     ИНН организации 9177276266: ОСТАЛСЯ в тексте
     ИНН человека    864067395705: замаскирован
     экран проверки: набор «Только персональные данные», намеренно не маскируется: Организация, ИНН организации (10 цифр), ОГРН/ОГРНИП, КПП, Банковский счёт, БИК, Сумма
  то же + галочка «ИНН организации»:
     масок 19; ИНН орг. масок 1; ИНН чел. масок 1
     ИНН организации 9177276266: замаскирован
     ИНН организации 9177276266: замаскирован
     ИНН человека    864067395705: замаскирован
     экран проверки: набор «Только персональные данные», намеренно не маскируется: Организация, ОГРН/ОГРНИП, КПП, Банковский счёт, БИК, Сумма
  то же − галочка «ИНН человека»:
     масок 17; ИНН орг. масок 0; ИНН чел. масок 0
     ИНН организации 9177276266: ОСТАЛСЯ в тексте
     ИНН организации 9177276266: ОСТАЛСЯ в тексте
     ИНН человека    864067395705: ОСТАЛСЯ в тексте
     экран проверки: набор «Только персональные данные», намеренно не маскируется: Организация, ИНН организации (10 цифр), ИНН человека (12 цифр), ОГРН/ОГРНИП, КПП, Банковский счёт, БИК, Сумма
  максимум:
     масок 28; ИНН орг. масок 1; ИНН чел. масок 1
     ИНН организации 9177276266: замаскирован
     ИНН организации 9177276266: замаскирован
     ИНН человека    864067395705: замаскирован
     экран проверки: набор «Максимум (все типы)», намеренно не маскируется: —

  (подготовка отчёта: отмечена ложная маска [PERSON_1] -> ok)

ПРОВЕРКА 5. Отчёт программы.
  статус: ok;  tool_build: build-20260729;  разбивка by_build: ['build-20260729']
  состав включённых типов (policy): набор=personal, включено=['PERSON', 'ADDRESS', 'INN_PERSON', 'PASSPORT', 'SNILS', 'BIRTHDATE', 'PHONE', 'EMAIL']
  --- начало текста отчёта ---
  # Отчёт о качестве обезличивания
  
  - Сборка инструмента: `build-20260729`
  - Отчёт собран: 2026-07-29T19:09:52.981653+03:00
  - Область: вся накопленная разметка
  - Период разметки: 2026-07-29T19:09:52.960631+03:00 — 2026-07-29T19:09:52.960631+03:00
  - Версия схемы отчёта: 1
  
  ## Что в этом отчёте есть
  
  - Числа: сколько масок поставил движок, сколько правок сделал проверяющий, в каком соотношении.
  - Структурные коды находок: тип ПДн, механизм детекции, где в документе (абзац/ячейка), длина и признаки фрагмента.
  - Разбивка по типам ПДн, по механизмам детекции и по версиям сборки.
  
  ## Чего в этом отчёте НЕТ

ПРОВЕРКА 6. Восстановление текста из токенов (сессия 773a114c-3ffb-4ef0-80d6-262f7470f578).
  статус: ok
  восстановлено символов: 3608;  нерешённых токенов: []
  побайтно совпадает с исходным документом: False (канон E — не ждём)
  токенов-масок осталось в тексте: 0 []
  исходных значений вернулось на место: 16 из 18

ПРОВЕРКА 7. Документ с непрочитанными зонами (agency_0002).
  статус: refused
     зона: вложенная таблица (word/document.xml), символов 86
     зона: колонтитул (верхний) (word/header1.xml), символов 51

==============================================================================
ИТОГ: все семь проверок пройдены
проверялось на порту 8934
