=== gate.py — ЕДИНЫЙ регресс-гейт (4 линии: precision / leak_v2 / masking A / masking B) ===

MANIFEST.sha256 (до прогона): 658 файлов — FAIL
  !! README.md: sha256 не совпадает с MANIFEST.sha256
  !! gold.json: sha256 не совпадает с MANIFEST.sha256
  !! mutate.py: sha256 не совпадает с MANIFEST.sha256

Оценка ГОТОВОГО прогона: tests/corpus/results_t2inn.json (корпус не гоняется; свежесть файла гейт проверить не может — отвечает запускающий)

MANIFEST.sha256 (после прогона): FAIL
  !! README.md: sha256 не совпадает с MANIFEST.sha256
  !! gold.json: sha256 не совпадает с MANIFEST.sha256
  !! mutate.py: sha256 не совпадает с MANIFEST.sha256

тип             n |      recall б->т |      leak_v2>=6 б->т |      leak_v2>=8 б->т |  FP-негат б->т
---------------------------------------------------------------------------------------------------
PER          3420 |   74.1%->  74.1% |    29.2%->  29.2% |    29.2%->  29.2% |      1->1    
ORG           462 |   97.2%->  97.2% |    19.0%->  19.0% |    19.0%->  19.0% | +    1->0    
ADDRESS      1308 |   93.0%->  93.0% |    21.1%->  21.1% |    21.1%->  21.1% |      1->1    
INN           369 |   82.6%->  72.9% | +  14.2%->  15.7% | +  13.2%->  14.9% | -    0->2    
INN_PER       675 |    0.0%->  85.6% | -   0.0%->  13.3% | -   0.0%->  12.3% |      0->0    
OGRN          420 |   89.5%->  89.5% |     9.0%->   9.0% |     7.6%->   7.6% |      5->5    
KPP           246 |   91.9%->  91.9% |     7.3%->   7.3% |     4.9%->   4.9% |      7->7    
ACCOUNT       732 |   88.3%->  88.3% |     9.3%->   9.3% |     9.3%->   9.3% |      0->0    
BIK           453 |   91.2%->  91.2% |     7.3%->   7.3% |     5.1%->   5.1% |      0->0    
PHONE        1218 |   81.2%->  81.2% |     9.1%->   9.1% |     1.3%->   1.3% |      0->0    
EMAIL         714 |   81.9%->  81.9% |    15.7%->  15.7% |    15.7%->  15.7% |      0->0    
PASSPORT      912 |   69.6%->  69.6% |    29.2%->  29.2% |    27.4%->  27.4% |      0->0    
SNILS         228 |   73.7%->  73.7% |    15.4%->  15.4% |    11.0%->  11.0% |      0->0    
BIRTHDATE     228 |   78.9%->  78.9% |    20.6%->  20.6% |    20.6%->  20.6% |      0->0    
SUM           648 |   97.5%->  97.5% |     4.3%->   4.3% |     0.0%->   0.0% |      0->0    
---------------------------------------------------------------------------------------------------
TOTAL*      11580 |   82.0%->  81.9% |    19.3%->  19.3% |    17.8%->  17.8% | -   15->16   
* TOTAL — агрегат BIK-excl (см. BASELINE.md §1); FP-негат TOTAL — по ВСЕМ типам, условие 3 считает по этой строке.
  recall показан для контекста, регресс-условием НЕ является (см. docstring этого файла).

(а) PRECISION — FP = маска на ОБЪЯВЛЕННОМ негативе (единая ось этапа D)
  тип        | precision б->т | tp / fp_neg б->т |    cross  nothing
  PER        | 99.96%->99.96% | 2539->2539    1->1    |        6        1 <NER-хребет (линия «а», допуск 0.00пп)
  ORG        | 99.78%->100.00% |  457->457     1->0    |      366      322 <NER-хребет (линия «а», допуск 0.00пп)
  ADDRESS    | 99.93%->99.93% | 1409->1409    1->1    |       12        7 <NER-хребет (линия «а», допуск 0.00пп)
  INN        | 100.00%->99.29% |  889->280     0->2    |       21        0
  INN_PER    |    n/a->100.00% |    0->593     0->0    |        0        0
  OGRN       | 98.69%->98.69% |  376->376     5->5    |        0        0
  KPP        | 97.00%->97.00% |  226->226     7->7    |       73        0
  ACCOUNT    | 100.00%->100.00% |  646->646     0->0    |        0        0
  BIK        | 100.00%->100.00% |  413->413     0->0    |        0        0
  PHONE      | 100.00%->100.00% |  990->990     0->0    |       29        0
  EMAIL      | 100.00%->100.00% |  585->585     0->0    |        0        0
  PASSPORT   | 100.00%->100.00% |  635->635     0->0    |        0        0
  SNILS      | 100.00%->100.00% |  168->168     0->0    |        0        0
  BIRTHDATE  | 100.00%->100.00% |  180->180     0->0    |        0        0
  SUM        | 100.00%->100.00% |  635->635     0->0    |        0        0
  over-mask прозы (on-nothing): 330 -> 330   cross-type (домен masking C): 492 -> 507
  — cross/nothing ДИАГНОСТИКА, в precision и в гейт НЕ входят (этап D).

(в)/(г) masking_correctness — корректность ТОГО, ЧТО СИСТЕМА ЗАМАСКИРОВАЛА
  (знаменатель — маски системы, НЕ gold; A/B роняют гейт, C — мягкий уровень)
  масок: 10992 -> 10992   (из них легли на эталон: 10641 -> 10640)
    A round-trip (значение восстановлено байт-в-байт)    100.00% -> 100.00%
  + B границы  (эталон закрыт масками целиком)            86.95% ->  86.95%
  - C тип      (тип маски == тип эталона)                 95.37% ->  95.23%   [мягкий]
    справочно A-канал (restored == plain на месте маски): 98.93% -> 98.93% — расхождение с A выше даёт схлопывание '\n'->' ' в ячейке таблицы при сборке plain, само значение при этом цело.

(5) ИЗВЕСТНЫЙ ДОЛГ — ADDRESS found=False & leak_v2 (реестр docs/known_leaks_stage_c.json)
  долг: 63 -> 63  (допуск +0; реестр документирует 57)
  из текущего долга НЕ документировано реестром: 6
  из реестра больше НЕ течёт: 0

Улучшения (4):
  + INN[leak_v2>=6]: 148 -> 58 (-90)
  + INN[leak_v2>=8]: 138 -> 55 (-83)
  + masking_correctness[B границы]: 86.95% -> 86.95%
  + precision[ORG]: 99.78% -> 100.00%

ПРЕДУПРЕЖДЕНИЯ (1) — не роняют гейт:
  ⚠ masking_correctness[C тип]: 95.37% -> 95.23% — упал. МЯГКИЙ уровень (решение владельца, STATE §6): гейт не роняю, но тип маски стал чаще расходиться с эталоном

РЕГРЕССЫ (5) — ГЕЙТ КРАСНЫЙ:
  - (4) MANIFEST.sha256 не совпал (см. вывод выше) — корпус изменился, замер недействителен
  - (б) INN_PER[leak_v2>=6]: 0 -> 90 (+90 сущностей) — рост частичной утечки
  - (б) INN_PER[leak_v2>=8]: 0 -> 83 (+83 сущностей) — рост частичной утечки
  - (3) FP по негативам: 15 -> 16 (+1), допуск gate_config.FP_TOLERANCE=+0 превышен
  - (г) masking_correctness[B границы / INN]: 89.93% -> 86.71% — границы масок типа УПАЛИ (допуск 0.00пп; агрегат мог вырасти за счёт других типов)
