=== gate.py — ЕДИНЫЙ регресс-гейт (4 линии: precision / leak_v2 / masking A / masking B) ===

MANIFEST.sha256 (до прогона): 658 файлов — OK

Оценка ГОТОВОГО прогона: tests/corpus/results_t2inn.json (корпус не гоняется; свежесть файла гейт проверить не может — отвечает запускающий)

MANIFEST.sha256 (после прогона): OK

тип             n |      recall б->т |      leak_v2>=6 б->т |      leak_v2>=8 б->т |  FP-негат б->т
---------------------------------------------------------------------------------------------------
PER          3420 |   74.1%->  74.1% |    29.2%->  29.2% |    29.2%->  29.2% |      1->1    
ORG           462 |   97.2%->  97.2% |    19.0%->  19.0% |    19.0%->  19.0% |      0->0    
ADDRESS      1308 |   93.0%->  93.0% |    21.1%->  21.1% |    21.1%->  21.1% |      1->1    
INN           369 |   72.9%->  72.9% |    15.7%->  15.7% |    14.9%->  14.9% |      2->2    
INN_PER       675 |   85.6%->  85.6% |    13.3%->  13.3% |    12.3%->  12.3% |      0->0    
OGRN          420 |   89.5%->  89.5% |     9.0%->   9.0% |     7.6%->   7.6% |      5->5    
KPP           246 |   91.9%->  91.9% |     7.3%->   7.3% |     4.9%->   4.9% |      7->7    
ACCOUNT       732 |   88.3%->  88.3% |     9.3%->   9.3% |     9.3%->   9.3% |      0->0    
BIK           453 |   91.2%->  91.2% |     7.3%->   7.3% |     5.1%->   5.1% |      0->0    
PHONE        1218 |   81.2%->  81.2% |     9.1%->   9.1% |     1.3%->   1.3% |      0->0    
EMAIL         714 |   81.9%->  81.9% |    15.7%->  15.7% |    15.7%->  15.7% |      0->0    
PASSPORT      912 |   69.6%->  69.6% |    29.2%->  29.2% |    27.4%->  27.4% |      0->0    
SNILS         228 |   73.7%->  73.7% |    15.4%->  15.4% |    11.0%->  11.0% |      0->0    
BIRTHDATE     228 |   78.9%->  78.9% |    20.6%->  20.6% |    20.6%->  20.6% |      0->0    
SUM           648 |   97.5%->  97.5% |     4.3%->   4.3% |     0.0%->   0.0% |      0->0    
---------------------------------------------------------------------------------------------------
TOTAL*      11580 |   81.9%->  81.9% |    19.3%->  19.3% |    17.8%->  17.8% |     16->16   
* TOTAL — агрегат BIK-excl (см. BASELINE.md §1); FP-негат TOTAL — по ВСЕМ типам, условие 3 считает по этой строке.
  recall показан для контекста, регресс-условием НЕ является (см. docstring этого файла).

(а) PRECISION — FP = маска на ОБЪЯВЛЕННОМ негативе (единая ось этапа D)
  тип        | precision б->т | tp / fp_neg б->т |    cross  nothing
  PER        | 99.96%->99.96% | 2539->2539    1->1    |        6        1 <NER-хребет (линия «а», допуск 0.00пп)
  ORG        | 100.00%->100.00% |  457->457     0->0    |      366      322 <NER-хребет (линия «а», допуск 0.00пп)
  ADDRESS    | 99.93%->99.93% | 1409->1409    1->1    |       12        7 <NER-хребет (линия «а», допуск 0.00пп)
  INN        | 99.29%->99.29% |  280->280     2->2    |       21        0
  INN_PER    | 100.00%->100.00% |  593->593     0->0    |        0        0
  OGRN       | 98.69%->98.69% |  376->376     5->5    |        0        0
  KPP        | 97.00%->97.00% |  226->226     7->7    |       73        0
  ACCOUNT    | 100.00%->100.00% |  646->646     0->0    |        0        0
  BIK        | 100.00%->100.00% |  413->413     0->0    |        0        0
  PHONE      | 100.00%->100.00% |  990->990     0->0    |       29        0
  EMAIL      | 100.00%->100.00% |  585->585     0->0    |        0        0
  PASSPORT   | 100.00%->100.00% |  635->635     0->0    |        0        0
  SNILS      | 100.00%->100.00% |  168->168     0->0    |        0        0
  BIRTHDATE  | 100.00%->100.00% |  180->180     0->0    |        0        0
  SUM        | 100.00%->100.00% |  635->635     0->0    |        0        0
  over-mask прозы (on-nothing): 330 -> 330   cross-type (домен masking C): 507 -> 507
  — cross/nothing ДИАГНОСТИКА, в precision и в гейт НЕ входят (этап D).

(в)/(г) masking_correctness — корректность ТОГО, ЧТО СИСТЕМА ЗАМАСКИРОВАЛА
  (знаменатель — маски системы, НЕ gold; A/B роняют гейт, C — мягкий уровень)
  масок: 10992 -> 10992   (из них легли на эталон: 10640 -> 10640)
    A round-trip (значение восстановлено байт-в-байт)    100.00% -> 100.00%
    B границы  (эталон закрыт масками целиком)            86.95% ->  86.95%
    C тип      (тип маски == тип эталона)                 95.23% ->  95.23%   [мягкий]
    справочно A-канал (restored == plain на месте маски): 98.93% -> 98.93% — расхождение с A выше даёт схлопывание '\n'->' ' в ячейке таблицы при сборке plain, само значение при этом цело.

(5) ИЗВЕСТНЫЙ ДОЛГ — ADDRESS found=False & leak_v2 (реестр docs/known_leaks_stage_c.json)
  долг: 63 -> 63  (допуск +0; реестр документирует 57)
  из текущего долга НЕ документировано реестром: 6
  из реестра больше НЕ течёт: 0


Гейт ЗЕЛЁНЫЙ: регрессов не найдено по всем четырём линиям (а precision / б leak_v2 / в masking A / г masking B) + креши/FP/MANIFEST/долг.
