=== gate.py — ЕДИНЫЙ регресс-гейт (4 линии: precision / leak_v2 / masking A / masking B) ===

MANIFEST.sha256 (до прогона): 658 файлов — OK

Прогон измерения: 324 документов (encrypt+decrypt, изолированное хранилище)…
[1/324] agency_0001  1s  (0.9 doc/s)
[10/324] agency_0004  16s  (0.6 doc/s)
[20/324] agency_0007__m1337_combo  34s  (0.6 doc/s)
[30/324] agency_0010__m2718_linebreak  48s  (0.6 doc/s)
[40/324] cession_0004  63s  (0.6 doc/s)
[50/324] cession_0007__m1337_digit_spaces  78s  (0.6 doc/s)
[60/324] labor_0002__m2718_homoglyph  95s  (0.6 doc/s)
[70/324] labor_0006  111s  (0.6 doc/s)
[80/324] labor_0009__m1337_invisible  127s  (0.6 doc/s)
[90/324] labor_0012__m2718_digit_spaces  143s  (0.6 doc/s)
[100/324] lease_0004  159s  (0.6 doc/s)
[110/324] lease_0007__m1337_combo  174s  (0.6 doc/s)
[120/324] lease_0010__m2718_cell_split  190s  (0.6 doc/s)
[130/324] loan_0002  205s  (0.6 doc/s)
[140/324] loan_0005__m1337_digit_spaces  224s  (0.6 doc/s)
[150/324] loan_0008__m2718_case  238s  (0.6 doc/s)
[160/324] sale_0002  255s  (0.6 doc/s)
[170/324] sale_0005__m1337_invisible  274s  (0.6 doc/s)
[180/324] sale_0008__m2718_combo  290s  (0.6 doc/s)
[190/324] sale_0012  307s  (0.6 doc/s)
[200/324] services_0001__m1337_combo  324s  (0.6 doc/s)
[210/324] services_0004__m2718_invisible  338s  (0.6 doc/s)
[220/324] services_0008  354s  (0.6 doc/s)
[230/324] services_0011__m1337_digit_spaces  369s  (0.6 doc/s)
[240/324] services_0014__m2718_linebreak  385s  (0.6 doc/s)
[250/324] supply_0004  401s  (0.6 doc/s)
[260/324] supply_0007__m1337_invisible  418s  (0.6 doc/s)
[270/324] supply_0010__m2718_homoglyph  435s  (0.6 doc/s)
[280/324] supply_0014  450s  (0.6 doc/s)
[290/324] works_0001__m1337_combo  469s  (0.6 doc/s)
[300/324] works_0004__m2718_digit_spaces  485s  (0.6 doc/s)
[310/324] works_0008  501s  (0.6 doc/s)
[320/324] works_0011__m1337_digit_spaces  518s  (0.6 doc/s)

MANIFEST.sha256 (после прогона): OK

тип             n |      recall б->т |      leak_v2>=6 б->т |      leak_v2>=8 б->т |  FP-негат б->т
---------------------------------------------------------------------------------------------------
PER          3420 |   74.1%->  74.1% |    29.2%->  29.2% |    29.2%->  29.2% |      1->1    
ORG           462 |   97.2%->  97.2% |    19.0%->  19.0% |    19.0%->  19.0% |      0->0    
ADDRESS      1308 |   94.4%->  94.4% |    16.1%->  16.1% |    16.1%->  16.1% |      1->1    
INN           369 |   72.9%->  72.9% |    15.7%->  15.7% |    14.9%->  14.9% |      2->2    
INN_PER       675 |   85.6%->  85.6% |    13.3%->  13.3% |    12.3%->  12.3% |      0->0    
OGRN          420 |   89.5%->  89.5% |     9.0%->   9.0% |     7.6%->   7.6% |      5->5    
KPP           246 |   91.9%->  91.9% |     7.3%->   7.3% |     4.9%->   4.9% |      7->7    
ACCOUNT       732 |   88.3%->  88.3% |     9.3%->   9.3% |     9.3%->   9.3% |      0->0    
BIK           453 |   91.2%->  91.2% |     7.3%->   7.3% |     5.1%->   5.1% |      0->0    
PHONE        1218 |   81.2%->  81.2% |     9.1%->   9.1% |     1.3%->   1.3% |      0->0    
EMAIL         714 |   81.9%->  81.9% |    15.7%->  15.7% |    15.7%->  15.7% |      0->0    
PASSPORT      912 |   69.6%->  69.6% |    29.2%->  29.2% |    27.4%->  27.4% |      0->0    
SNILS         228 |   73.7%->  73.7% |    15.4%->  15.4% |    11.0%->  11.0% |      0->0    
BIRTHDATE     228 |   78.9%->  78.9% |    21.1%->  21.1% |    21.1%->  21.1% |      0->0    
SUM           648 |   97.5%->  97.5% |     4.3%->   4.3% |     0.0%->   0.0% |      0->0    
---------------------------------------------------------------------------------------------------
TOTAL*      11580 |   82.0%->  82.0% |    18.7%->  18.7% |    17.2%->  17.2% |     16->16   
* TOTAL — агрегат BIK-excl (см. BASELINE.md §1); FP-негат TOTAL — по ВСЕМ типам, условие 3 считает по этой строке.
  recall показан для контекста, регресс-условием НЕ является (см. docstring этого файла).

(а) PRECISION — FP = маска на ОБЪЯВЛЕННОМ негативе (единая ось этапа D)
  тип        | precision б->т | tp / fp_neg б->т |    cross  nothing
  PER        | 99.96%->99.96% | 2539->2539    1->1    |        3        1 <NER-хребет (линия «а», допуск 0.00пп)
  ORG        | 100.00%->100.00% |  457->457     0->0    |      366      322 <NER-хребет (линия «а», допуск 0.00пп)
  ADDRESS    | 99.92%->99.92% | 1281->1281    1->1    |       11        7 <NER-хребет (линия «а», допуск 0.00пп)
  INN        | 99.29%->99.29% |  280->280     2->2    |       21        0
  INN_PER    | 100.00%->100.00% |  593->593     0->0    |        0        0
  OGRN       | 98.69%->98.69% |  376->376     5->5    |        0        0
  KPP        | 97.00%->97.00% |  226->226     7->7    |       73        0
  ACCOUNT    | 100.00%->100.00% |  646->646     0->0    |        0        0
  BIK        | 100.00%->100.00% |  413->413     0->0    |        0        0
  PHONE      | 100.00%->100.00% |  990->990     0->0    |       29        0
  EMAIL      | 100.00%->100.00% |  585->585     0->0    |        0        0
  PASSPORT   | 100.00%->100.00% |  635->635     0->0    |        0        0
  SNILS      | 100.00%->100.00% |  168->168     0->0    |        0        0
  BIRTHDATE  | 100.00%->100.00% |  180->180     0->0    |        0        0
  SUM        | 100.00%->100.00% |  635->635     0->0    |        0        0
  over-mask прозы (on-nothing): 330 -> 330   cross-type (домен masking C): 503 -> 503
  — cross/nothing ДИАГНОСТИКА, в precision и в гейт НЕ входят (этап D).

(в)/(г) masking_correctness — корректность ТОГО, ЧТО СИСТЕМА ЗАМАСКИРОВАЛА
  (знаменатель — маски системы, НЕ gold; A/B роняют гейт, C — мягкий уровень)
  масок: 10860 -> 10860   (из них легли на эталон: 10508 -> 10508)
    A round-trip (значение восстановлено байт-в-байт)    100.00% -> 100.00%
    B границы  (эталон закрыт масками целиком)            91.59% ->  91.59%
    C тип      (тип маски == тип эталона)                 95.20% ->  95.20%   [мягкий]
    справочно A-канал (restored == plain на месте маски): 98.91% -> 98.91% — расхождение с A выше даёт схлопывание '\n'->' ' в ячейке таблицы при сборке plain, само значение при этом цело.

(5) ИЗВЕСТНЫЙ ДОЛГ — ADDRESS found=False & leak_v2 (реестр docs/known_leaks_stage_c.json)
  долг: 44 -> 44  (допуск +0; реестр документирует 44)
  из текущего долга НЕ документировано реестром: 0
  из реестра больше НЕ течёт: 0


Гейт ЗЕЛЁНЫЙ: регрессов не найдено по всем четырём линиям (а precision / б leak_v2 / в masking A / г masking B) + креши/FP/MANIFEST/долг.
