ДОКУМЕНТ: C:\Users\user\ARP\tests\corpus\docs\labor_0004.docx
сегментов: 55, масок поставил движок: 40

открытые повторяющиеся слова (лемма -> формы):
   работник         ['Работник', 'Работника', 'Работнику']
   сторона          ['Сторона', 'Сторону', 'Стороны']
   договор          ['Договор', 'Договора', 'Договору']

ПОЛЬЗОВАТЕЛЬ ПОМЕЧАЕТ: 'Работник' (тип ФИО)
выделено в сегменте p5 [361:369]

--- ОТВЕТ apply_pending_markup (то, что получит интерфейс) ---
spread_total = 7
  правка missed: applied=True spread_count=7
     сегмент p8           [   5:  13] 'Работник'          контекст: '1.1. Работник принимается на'
     сегмент p9           [  48:  57] 'Работника'         контекст: 'му Договору является для Работника основным место'
     сегмент p10          [   5:  14] 'Работнику'         контекст: '1.3. Работнику устанавливаетс'
     сегмент p11          [   5:  14] 'Работнику'         контекст: '1.4. Работнику устанавливаетс'
     сегмент p12          [   5:  14] 'Работнику'         контекст: '1.5. Работнику предоставляетс'
     сегмент t0_r0_c1     [   0:   8] 'Работник'          контекст: 'Работник:\nБеляев Владим'
     сегмент p47          [   0:   8] 'Работник'          контекст: 'Работник: _____________'

осталось открытым в тексте после применения: ничего

ВОССТАНОВЛЕНИЕ (режим exact): собралось СИМВОЛ В СИМВОЛ: True; неразрешённых токенов: нет
