=== ЦЕНА РАСПРОСТРАНЕНИЯ РУЧНОЙ РАЗМЕТКИ (корпус v1, base/txt) ===
якорей просимулировано: 1949
распространённых вхождений всего: 1399
  true    1399  (100.00%)
  gray       0  (0.00%)
  false      0  (0.00%)
точность распространения (true / (true+false)) = 100.00%
прибавка полноты: 1399 из 7381 эталонных сущностей-неякорей закрыты (18.95%)

--- ЦЕНА GUARD-ОВ (что отвергли процедуры точности) ---
отвергнуто вхождений: 0
  true       0
  gray       0
  false      0
  не-верного (ложное+серое) не пущено: 0
  верного потеряно: 0

--- ОСТАТОЧНАЯ УТЕЧКА (то же значение, осталось открытым) ---
повторов того же значения всего: 1220; осталось открытыми: 12 (0.98%)
для сравнения: ДО этапа открытыми оставались ВСЕ 1220

по типам:
  ACCOUNT    true=2     gray=0    false=0   
  BIK        true=10    gray=0    false=0   
  INN        true=36    gray=0    false=0   
  INN_PER    true=36    gray=0    false=0   
  KPP        true=10    gray=0    false=0   
  ORG        true=132   gray=0    false=0   
  PASSPORT   true=152   gray=0    false=0   
  PERSON     true=1021  gray=0    false=0   

ЛОЖНЫЕ (до 25): doc | тип | якорь -> закрыто

СЕРЫЕ (до 15): doc | тип | якорь -> закрыто

GUARD ОТВЕРГ НЕ-ВЕРНОЕ (до 25): doc | тип | вердикт | якорь -> отвергнуто

ОСТАЛОСЬ ОТКРЫТЫМ (до 25): doc | тип | якорь -> не закрыто
  agency_0007 | PERSON | 'Пчелы Екатерины Олеговны' -> 'Пчела\nЕкатерина Олеговна'
  agency_0007 | PERSON | 'Пчелы Екатерины Олеговны' -> 'Пчела\nЕкатерина Олеговна'
  cession_0003 | PERSON | 'Сидорова Михаила Михайловича' -> 'Сидоров\nМихаил Михайлович'
  labor_0009 | PERSON | 'Ли Вэй' -> 'Ли\nВэй'
  labor_0009 | PERSON | 'Ли Вэй' -> 'Ли\nВэй'
  labor_0009 | PERSON | 'Ли Вэй' -> 'Ли\nВэй'
  loan_0001 | PERSON | 'Белова Ивана Егоровича' -> 'Белов\nИван Егорович'
  loan_0001 | PERSON | 'Белова Ивана Егоровича' -> 'Белов\nИван Егорович'
  sale_0009 | PERSON | 'Тарасова Петра Юрьевича' -> 'Тарасов\nПётр Юрьевич'
  sale_0009 | PERSON | 'Тарасова Петра Юрьевича' -> 'Тарасов\nПётр Юрьевич'
  works_0001 | PERSON | 'Гусевой Юлии Алексеевны' -> 'Гусева\nЮлия Алексеевна'
  works_0001 | PERSON | 'Гусевой Юлии Алексеевны' -> 'Гусева\nЮлия Алексеевна'

GUARD ОТВЕРГ ВЕРНОЕ (до 15): doc | тип | якорь -> потеряно
