==============================================================================
ЛОВУШКА 1 — омоним нарицательного: «Мороз» человек и «мороз» погода
почему так: вхождение со СТРОЧНОЙ буквы не берётся (та же первая строка, что в PerAnchorDetector.guard движка якорей); падежная форма с заглавной берётся
  ПОМЕЧЕНО человеком: 'Мороз' (тип PERSON) в l0
    l0   ЯКОРЬ      Гражданин Мороз Иван Петрович, паспорт 45 11 123456.
    l1   не тронуто Работы приостанавливаются, если ударил мороз ниже -25 C.
    l2   ЗАКРЫТО    Претензия вручена Морозу лично.   -> 'Морозу'
  ИТОГО закрыто вхождений: 1
==============================================================================
ЛОВУШКА 2 — топоним против фирмы: «Самара» город и ООО «Самара»
почему так: кандидат не имеет права ПРИОБРЕСТИ жанровый признак, которого не было у якоря: адресный тип-маркер слева («г.») или кавычки/org-форма
  ПОМЕЧЕНО человеком: 'Самара' (тип ORG) в l0
    l0   ЯКОРЬ      Поставщик — ООО «Самара», ИНН 7755615081.
    l1   не тронуто Адрес склада: г. Самара, ул. Ленина, д. 5.
    l2   ЗАКРЫТО    Договор с Самарой подписан.   -> 'Самарой'
  ИТОГО закрыто вхождений: 1
==============================================================================
ЛОВУШКА 2-обратная — пометили ГОРОД: фирма в кавычках не закрывается
почему так: то же правило в другую сторону
  ПОМЕЧЕНО человеком: 'Самара' (тип ADDRESS) в l1
    l0   не тронуто Поставщик — ООО «Самара», ИНН 7755615081.
    l1   ЯКОРЬ      Адрес склада: г. Самара, ул. Ленина, д. 5.
    l2   не тронуто Договор с Самарой подписан.
  ИТОГО закрыто вхождений: 0
==============================================================================
ЛОВУШКА 3 — частичное совпадение: «Иванов» против «Ивановский»
почему так: сопоставление идёт по ЦЕЛЫМ токенам и НОРМАЛЬНЫМ ФОРМАМ: лемма «ивановский» ключу «иванов» не равна, отдельной проверки на подстроку не нужно
  ПОМЕЧЕНО человеком: 'Иванов' (тип PERSON) в l0
    l0   ЯКОРЬ      Гражданин Иванов Сергей Петрович.
    l1   не тронуто Объект расположен в Ивановском районе.
    l2   не тронуто Ивановская область, г. Кинешма.
    l3   ЗАКРЫТО    Претензия вручена Иванову.   -> 'Иванову'
  ИТОГО закрыто вхождений: 1
==============================================================================
ЛОВУШКА 4 — кусок длинного числа: реквизит распространяется буквально
почему так: буквальный режим требует границы слова с той стороны, где значение кончается словесным символом
  ПОМЕЧЕНО человеком: '7755615081' (тип INN) в l0
    l0   ЯКОРЬ      ИНН 7755615081 указан в шапке.
    l1   ЗАКРЫТО    Реквизиты: ИНН 7755615081.   -> '7755615081'
    l2   не тронуто Служебный код 77556150819999.
  ИТОГО закрыто вхождений: 1
