дамп: measurements/results_measure2.json

МЕТРИКА ПО СУЩНОСТЯМ ПРОТИВ МЕТРИКИ ПО ВХОЖДЕНИЯМ
Сущность = значение внутри документа; защищена, только если ВСЕ её вхождения закрыты И ничего не утекло.

тип             вхожд  найдено    защищ   сущн все закр    защищ
------------------------------------------------------------------
[ПРЯМЫЕ идентификаторы]
  PER            3420   76.90%   63.33%   2272   73.64%   62.72%
  PASSPORT        912   84.43%   81.03%    456   80.70%   80.70%
  INN_PER         675   95.56%   94.52%    432   94.68%   94.68%
  SNILS           228   97.81%   97.81%    228   97.81%   97.81%
  PHONE          1218   93.68%   93.68%   1218   93.68%   93.68%
  EMAIL           714  100.00%  100.00%    709  100.00%  100.00%
  BIRTHDATE       228   95.61%   95.61%    228   95.61%   95.61%
  ИТОГО          7395   85.75%   78.96%   5543   85.53%   81.06%

[КОСВЕННЫЕ идентификаторы]
  ORG             462   97.40%   80.95%    252   97.62%   79.37%
  ADDRESS        1308   94.50%   81.73%   1308   94.50%   81.73%
  SUM             648   98.92%   97.38%    648   98.92%   97.38%
  INN             369   78.32%   75.61%    279   72.76%   72.76%
  OGRN            420   96.67%   96.67%    420   96.67%   96.67%
  KPP             246   92.28%   92.28%    216   91.67%   91.67%
  ACCOUNT         732   94.67%   94.54%    660   94.09%   94.09%
  BIK             453   95.58%   95.58%    411   95.62%   95.62%
  ИТОГО          4638   94.33%   88.64%   4194   94.04%   88.72%

ВСЕГО           12033   89.06%   82.69%   9737   89.20%   84.36%

РАЗНИЦА МЕТРИК, процентные пункты (вхождения -> сущности):
  прямые     найдено 85.75% -> 85.53% (-0.22 пп);  защищено 78.96% -> 81.06% (+2.10 пп)
  косвенные  найдено 94.33% -> 94.04% (-0.29 пп);  защищено 88.64% -> 88.72% (+0.08 пп)
  всего      найдено 89.06% -> 89.20% (+0.14 пп);  защищено 82.69% -> 84.36% (+1.67 пп)

  сущностей 9737, вхождений 12033; более одного вхождения у 1721 сущностей — только на них две метрики и могут разойтись.
  ВНИМАНИЕ, читать со знаком: разница может выйти И В ПЛЮС. Сущность, все шесть вхождений которой утекли, в счёте по вхождениям весит 6, а в счёте по сущностям — 1. Это не улучшение защиты, а смена веса; ухудшение видно там, где закрыта ЧАСТЬ вхождений.

ЛЮДИ, СВЕДЁННЫЕ ПО ФАМИЛИИ (более строгий вид, см. person_key)
  сущностей: 2272 по поверхности -> 1824 по фамилии (более одного вхождения у 870)
  защищено целиком: 62.72% (по поверхности) -> 62.28% (по фамилии)
  то есть у 688 человек(а) из 1824 в документе осталось открытым хотя бы одно упоминание.
