Прогон шумового корпуса: 32 документов…
[1/32] nz_agency_0001  3s
[10/32] nz_labor_0001  31s
[20/32] nzd_agency_0007  61s
[30/32] nzd_labor_0009  86s
DONE 32 docs in 91s -> C:\Users\user\ARP\tests\corpus_v2\noise\results_noise.json

=== ПОТЕРИ ПО КЛАССАМ ИСКАЖЕНИЯ ===
  цифры на порождённом корпусе — верхняя граница, не измерение (tests/corpus_v2/README.md, «КРАСНАЯ ЛИНИЯ»)
                        n     чист.    грязн.  потер.   верн. теч.чист теч.гряз
  -----------------------------------------------------------------------------
  paren_zero           59     86.4%      8.5%      46       0    10.2%    89.8% observed-user
  digit_as_letter     101     91.1%     20.8%      71       0     3.0%    80.2% inferred
  codepage_mix        168     96.4%     96.4%       0       0     3.6%     4.8% inferred
  digit_gap            86     90.7%     72.1%      16       0     5.8%    32.6% inferred
  space_loss           98     95.9%     48.0%      47       0     3.1%    56.1% inferred
  value_split         141     90.8%     80.1%      15       0     5.7%    53.2% inferred
  char_loss            55     94.5%     41.8%      29       0     5.5%    58.2% inferred
  separator_ruin       62     98.4%     62.9%      22       0     3.2%    61.3% inferred
  label_glue           48     43.8%     45.8%       1       2    37.5%    56.2% inferred
  glue_neighbours       4    100.0%     25.0%       3       0     0.0%    50.0% inferred
  column_reorder      126     98.4%     98.4%       0       0     7.9%     7.9% inferred
  ВСЕГО               948     91.5%     65.3%     250       2     6.8%    43.1%
  чист./грязн. = полнота (найдена маска своего вида) до и после искажения;
  потер. = находилось и перестало; верн. = не находилось и нашлось;
  теч. = утечка: цифры значения, не закрытые НИ ОДНОЙ маской.

=== ПОТЕРИ ПО ВИДАМ ДАННЫХ (только искажённые вхождения) ===
  цифры на порождённом корпусе — верхняя граница, не измерение (tests/corpus_v2/README.md, «КРАСНАЯ ЛИНИЯ»)
                        n     чист.    грязн.  потер.   верн. теч.чист теч.гряз
  -----------------------------------------------------------------------------
  ACCOUNT              40    100.0%     57.5%      17       0     0.0%    42.5%
  ADDRESS              62    100.0%     90.3%       6       0     0.0%    16.1%
  BIK                  22    100.0%     54.5%      10       0     0.0%    45.5%
  BIRTHDATE            12    100.0%     50.0%       6       0     0.0%    50.0%
  CONTRACT_KIND        16    100.0%     75.0%       4       0     0.0%    25.0%
  CONTRACT_NO          56     57.1%     55.4%       1       0    42.9%    80.4%
  EMAIL                34    100.0%     70.6%      10       0     0.0%    97.1%
  INN                  46     41.3%     23.9%       8       0     4.3%    54.3%
  KPP                  17    100.0%     41.2%      10       0     0.0%    52.9%
  OGRN                 20    100.0%     60.0%       8       0     0.0%    40.0%
  ORG                  32     87.5%     81.2%       2       0    12.5%    31.2%
  PASSPORT             48    100.0%     20.8%      38       0     0.0%    79.2%
  PASSPORT_ISSUER      16    100.0%     81.2%       3       0     0.0%    25.0%
  PER                 166     92.2%     77.1%      27       2     4.8%    31.3%
  PERCENT              84    100.0%     66.7%      28       0     0.0%    33.3%
  PHONE                57     98.2%     78.9%      11       0     3.5%    22.8%
  REGISTRY_NAME        16    100.0%     81.2%       3       0     0.0%    31.2%
  REG_ID               16    100.0%     56.2%       7       0     0.0%    43.8%
  REG_NUMBER           16    100.0%     68.8%       5       0     0.0%    56.2%
  SHARE_PCT            16    100.0%     25.0%      12       0     0.0%    68.8%
  SNILS                12    100.0%     16.7%      10       0     0.0%    66.7%
  SUM                  59     83.1%     83.1%       0       0    37.3%    45.8%
  TERM                 81     97.5%     67.9%      24       0     2.5%    37.0%
  TRANCHE               4    100.0%    100.0%       0       0     0.0%     0.0%
  ВСЕГО               948     91.5%     65.3%     250       2     6.8%    43.1%
  чист./грязн. = полнота (найдена маска своего вида) до и после искажения;
  потер. = находилось и перестало; верн. = не находилось и нашлось;
  теч. = утечка: цифры значения, не закрытые НИ ОДНОЙ маской.

=== ЛОЖНЫЕ СРАБАТЫВАНИЯ (маска не на эталоне) ===
  чистые документы: 345 | грязные: 334 | прирост: -11
