дамп: /home/user/ARP/tests/corpus/results_gate_current.json

МЕТРИКА ПО СУЩНОСТЯМ ПРОТИВ МЕТРИКИ ПО ВХОЖДЕНИЯМ
Сущность = значение внутри документа; защищена, только если ВСЕ её вхождения закрыты И ничего не утекло.

тип             вхожд  найдено    защищ   сущн все закр    защищ
------------------------------------------------------------------
[ПРЯМЫЕ идентификаторы]
  PER            3420   80.64%   71.32%   2272   77.02%   68.75%
  PASSPORT        912   95.50%   94.85%    456   94.52%   94.52%
  INN_PER         675   97.33%   97.19%    432   96.99%   96.99%
  SNILS           228   99.12%   99.12%    228   99.12%   99.12%
  PHONE          1218   96.47%   96.47%   1218   96.47%   96.47%
  EMAIL           714  100.00%  100.00%    709  100.00%  100.00%
  BIRTHDATE       228   98.25%   98.25%    228   98.25%   98.25%
  ИТОГО          7395   89.59%   85.18%   5543   89.01%   85.62%

[КОСВЕННЫЕ идентификаторы]
  ORG             462   97.40%   80.95%    252   97.62%   79.37%
  ADDRESS        1308   94.50%   82.87%   1308   94.50%   82.87%
  SUM             648   99.54%   99.07%    648   99.54%   99.07%
  INN             369   81.84%   81.84%    279   76.34%   76.34%
  OGRN            420   98.10%   98.10%    420   98.10%   98.10%
  KPP             246  100.00%  100.00%    216  100.00%  100.00%
  ACCOUNT         732   95.49%   95.49%    660   95.00%   95.00%
  BIK             453  100.00%  100.00%    411  100.00%  100.00%
  ИТОГО          4638   95.80%   90.82%   4194   95.52%   90.72%

ВСЕГО           12033   91.98%   87.35%   9737   91.81%   87.82%

РАЗНИЦА МЕТРИК, процентные пункты (вхождения -> сущности):
  прямые     найдено 89.59% -> 89.01% (-0.57 пп);  защищено 85.18% -> 85.62% (+0.44 пп)
  косвенные  найдено 95.80% -> 95.52% (-0.28 пп);  защищено 90.82% -> 90.72% (-0.09 пп)
  всего      найдено 91.98% -> 91.81% (-0.17 пп);  защищено 87.35% -> 87.82% (+0.47 пп)

  сущностей 9737, вхождений 12033; более одного вхождения у 1721 сущностей — только на них две метрики и могут разойтись.
  ВНИМАНИЕ, читать со знаком: разница может выйти И В ПЛЮС. Сущность, все шесть вхождений которой утекли, в счёте по вхождениям весит 6, а в счёте по сущностям — 1. Это не улучшение защиты, а смена веса; ухудшение видно там, где закрыта ЧАСТЬ вхождений.

ЛЮДИ, СВЕДЁННЫЕ ПО ФАМИЛИИ (более строгий вид, см. person_key)
  сущностей: 2272 по поверхности -> 1824 по фамилии (более одного вхождения у 870)
  защищено целиком: 68.75% (по поверхности) -> 67.65% (по фамилии)
  то есть у 590 человек(а) из 1824 в документе осталось открытым хотя бы одно упоминание.
