/home/user/ARP/venv/lib/python3.11/site-packages/pymorphy2/analyzer.py:114: UserWarning: pkg_resources is deprecated as an API. See https://setuptools.pypa.io/en/latest/pkg_resources.html. The pkg_resources package is slated for removal as early as 2025-11-30. Refrain from using this package or pin to Setuptools<81.
  import pkg_resources

==============================================================================
ПОДВЫБОРКА — ЧЕРНОВИК ДЛЯ ОТЛАДКИ.
НЕ заменяет финальный полный прогон tests/corpus/gate.py перед коммитом.
Регресс на редком типе, не попавшем в подвыборку, здесь может быть НЕ виден.
==============================================================================

Подвыборка: 33/324 документов корпуса (зафиксированный состав subset_iter.json).
[1/33] agency_0002  1s  (0.9 doc/s)
[10/33] cession_0002__m1337_linebreak  5s  (1.8 doc/s)
[20/33] loan_0010__m2718_linebreak  10s  (1.9 doc/s)
[30/33] supply_0004__m2718_invisible  14s  (2.1 doc/s)

тип             n |     recall |   leak_v2>=6 |   leak_v2>=8 | FP-негат
-----------------------------------------------------------------------
PER           380 |      78.9% |        14.2% |        14.2% |        0
ORG            36 |     100.0% |         8.3% |         8.3% |        0
ADDRESS       136 |      91.9% |         8.8% |         8.8% |        0
INN            36 |      63.9% |         2.8% |         2.8% |        0
INN_PER        84 |      98.8% |         2.4% |         2.4% |        0
OGRN           40 |     100.0% |         0.0% |         0.0% |        0
KPP            19 |     100.0% |         0.0% |         0.0% |        0
ACCOUNT        77 |      87.0% |         2.6% |         2.6% |        0
BIK            42 |     100.0% |         0.0% |         0.0% |        0
PHONE         132 |      96.2% |         0.8% |         0.8% |        0
EMAIL          79 |     100.0% |         0.0% |         0.0% |        0
PASSPORT      104 |      99.0% |         1.9% |         1.9% |        0
SNILS          26 |     100.0% |         0.0% |         0.0% |        0
BIRTHDATE      26 |      96.2% |         3.8% |         3.8% |        0
SUM            66 |      98.5% |         1.5% |         0.0% |        0
PERCENT         0 |       0.0% |         0.0% |         0.0% |        0
TERM            0 |       0.0% |         0.0% |         0.0% |        0
REG_NUMBER      0 |       0.0% |         0.0% |         0.0% |        0
REG_ID          0 |       0.0% |         0.0% |         0.0% |        0
CONTRACT_NO      0 |       0.0% |         0.0% |         0.0% |       32
SHARE_PCT       0 |       0.0% |         0.0% |         0.0% |        0
TRANCHE         0 |       0.0% |         0.0% |         0.0% |        0
PASSPORT_ISSUER      0 |       0.0% |         0.0% |         0.0% |        0
REGISTRY_NAME      0 |       0.0% |         0.0% |         0.0% |        0
CONTRACT_KIND      0 |       0.0% |         0.0% |         0.0% |        0
-----------------------------------------------------------------------
TOTAL*       1241 |      90.1% |         6.4% |         6.3% |       98
* TOTAL — агрегат BIK-excl (как в gate.py). Крешей: 0/33, отказано (не креш): 0/33 документов.

=== СРЕЗ против results_iter_baseline.json (33 док.) ===
тип             n |      recall б->т |      leak_v2>=6 б->т |      leak_v2>=8 б->т |  FP-негат б->т
---------------------------------------------------------------------------------------------------
PER           380 |   72.4%->  78.9% | +  32.1%->  14.2% | +  32.1%->  14.2% |      0->0    
ORG            36 |  100.0%-> 100.0% |     8.3%->   8.3% |     8.3%->   8.3% |      0->0    
ADDRESS       136 |   91.9%->  91.9% | +  10.3%->   8.8% | +  10.3%->   8.8% |      0->0    
INN            36 |   55.6%->  63.9% | +  16.7%->   2.8% | +  16.7%->   2.8% |      0->0    
INN_PER        84 |   78.6%->  98.8% | +  21.4%->   2.4% | +  21.4%->   2.4% |      0->0    
OGRN           40 |   90.0%-> 100.0% | +  10.0%->   0.0% | +   7.5%->   0.0% | +    1->0    
KPP            19 |   89.5%-> 100.0% | +  10.5%->   0.0% | +  10.5%->   0.0% | +    2->0    
ACCOUNT        77 |   84.4%->  87.0% | +   5.2%->   2.6% | +   5.2%->   2.6% |      0->0    
BIK            42 |   88.1%-> 100.0% | +  11.9%->   0.0% | +  11.9%->   0.0% |      0->0    
PHONE         132 |   70.5%->  96.2% | +  16.7%->   0.8% | +   2.3%->   0.8% |      0->0    
EMAIL          79 |   74.7%-> 100.0% | +  20.3%->   0.0% | +  20.3%->   0.0% |      0->0    
PASSPORT      104 |   54.8%->  99.0% | +  51.9%->   1.9% | +  51.9%->   1.9% |      0->0    
SNILS          26 |   57.7%-> 100.0% | +  34.6%->   0.0% | +  34.6%->   0.0% |      0->0    
BIRTHDATE      26 |   73.1%->  96.2% | +  26.9%->   3.8% | +  26.9%->   3.8% |      0->0    
SUM            66 |   92.4%->  98.5% | +   7.6%->   1.5% |     0.0%->   0.0% |      0->0    
PERCENT         0 |    0.0%->   0.0% |     0.0%->   0.0% |     0.0%->   0.0% |      0->0    
TERM            0 |    0.0%->   0.0% |     0.0%->   0.0% |     0.0%->   0.0% |      0->0    
REG_NUMBER      0 |    0.0%->   0.0% |     0.0%->   0.0% |     0.0%->   0.0% |      0->0    
REG_ID          0 |    0.0%->   0.0% |     0.0%->   0.0% |     0.0%->   0.0% |      0->0    
CONTRACT_NO      0 |    0.0%->   0.0% |     0.0%->   0.0% |     0.0%->   0.0% | -    0->32   
SHARE_PCT       0 |    0.0%->   0.0% |     0.0%->   0.0% |     0.0%->   0.0% |      0->0    
TRANCHE         0 |    0.0%->   0.0% |     0.0%->   0.0% |     0.0%->   0.0% |      0->0    
PASSPORT_ISSUER      0 |    0.0%->   0.0% |     0.0%->   0.0% |     0.0%->   0.0% |      0->0    
REGISTRY_NAME      0 |    0.0%->   0.0% |     0.0%->   0.0% |     0.0%->   0.0% |      0->0    
CONTRACT_KIND      0 |    0.0%->   0.0% |     0.0%->   0.0% |     0.0%->   0.0% |      0->0    
---------------------------------------------------------------------------------------------------
TOTAL*       1241 |   76.1%->  90.1% | +  23.0%->   6.4% | +  21.0%->   6.3% | -    3->98   
* TOTAL — агрегат BIK-excl (см. BASELINE.md §1); FP-негат TOTAL — по ВСЕМ типам, условие 3 считает по этой строке.
  recall показан для контекста, регресс-условием НЕ является (см. docstring этого файла).

(а) PRECISION — FP = маска на ОБЪЯВЛЕННОМ негативе (единая ось этапа D)
  тип        | precision б->т | tp / fp_neg б->т |    cross  nothing
  PER        | 100.00%->100.00% |  276->304     0->0    |        1        1  <линия «а», допуск 0.00пп; NER-хребет
  ORG        | 100.00%->100.00% |   36->36      0->0    |       45       38  <линия «а», допуск 0.00пп; NER-хребет
  ADDRESS    | 100.00%->100.00% |  130->130     0->0    |        0        0  <линия «а», допуск 0.00пп; NER-хребет
  INN        | 100.00%->100.00% |   22->25      0->0    |        0        0  <линия «а», допуск 0.00пп
  INN_PER    | 100.00%->100.00% |   70->87      0->0    |        0        0  <линия «а», допуск 0.00пп
  OGRN       | 97.30%->100.00% |   36->40      1->0    |        0        0  <линия «а», допуск 0.00пп
  KPP        | 89.47%->100.00% |   17->19      2->0    |        0        0  <линия «а», допуск 0.00пп
  ACCOUNT    | 100.00%->100.00% |   65->67      0->0    |        0        0  <линия «а», допуск 0.00пп
  BIK        | 100.00%->100.00% |   37->42      0->0    |        0        0  <линия «а», допуск 0.00пп
  PHONE      | 100.00%->100.00% |   93->127     0->0    |        0        0  <линия «а», допуск 0.00пп
  EMAIL      | 100.00%->100.00% |   59->79      0->0    |        0        0  <линия «а», допуск 0.00пп
  PASSPORT   | 100.00%->100.00% |   57->103     0->0    |        0        0  <линия «а», допуск 0.00пп
  SNILS      | 100.00%->100.00% |   15->26      0->0    |        0        0  <линия «а», допуск 0.00пп
  BIRTHDATE  | 100.00%->100.00% |   19->25      0->0    |        0        0  <линия «а», допуск 0.00пп
  SUM        | 100.00%->100.00% |   61->65      0->0    |        0        0  <линия «а», допуск 0.00пп
  PERCENT    |    n/a->n/a    |    0->0       0->0    |        0      110  <precision не определён (нет масок-решений) — вне линии «а»
  TERM       |    n/a->n/a    |    0->0       0->0    |        0       34  <precision не определён (нет масок-решений) — вне линии «а»
  REG_NUMBER |    n/a->n/a    |    0->0       0->0    |        0        0  <precision не определён (нет масок-решений) — вне линии «а»
  REG_ID     |    n/a->n/a    |    0->0       0->0    |        0        0  <precision не определён (нет масок-решений) — вне линии «а»
  CONTRACT_NO |    n/a->0.00%  |    0->0       0->32   |        0        0  <precision не определён (нет масок-решений) — вне линии «а»
  SHARE_PCT  |    n/a->n/a    |    0->0       0->0    |        0        0  <precision не определён (нет масок-решений) — вне линии «а»
  TRANCHE    |    n/a->n/a    |    0->0       0->0    |        0        0  <precision не определён (нет масок-решений) — вне линии «а»
  PASSPORT_ISSUER |    n/a->n/a    |    0->0       0->0    |        0       52  <precision не определён (нет масок-решений) — вне линии «а»
  REGISTRY_NAME |    n/a->n/a    |    0->0       0->0    |        0        0  <precision не определён (нет масок-решений) — вне линии «а»
  CONTRACT_KIND |    n/a->n/a    |    0->0       0->0    |        0       36  <precision не определён (нет масок-решений) — вне линии «а»
  over-mask прозы (on-nothing): 178 -> 309   cross-type (домен masking C): 55 -> 46
  — cross/nothing ДИАГНОСТИКА, в precision и в гейт НЕ входят (этап D).

(в)/(г) masking_correctness — корректность ТОГО, ЧТО СИСТЕМА ЗАМАСКИРОВАЛА
  (знаменатель — маски системы, НЕ gold; A/B роняют гейт, C — мягкий уровень)
  масок: 1229 -> 1653   (из них легли на эталон: 1048 -> 1221)
    A round-trip (значение восстановлено байт-в-байт)    100.00% -> 100.00%
  + B границы  (эталон закрыт масками целиком)            91.03% ->  94.02%
  + C тип      (тип маски == тип эталона)                 94.75% ->  96.23%   [мягкий]
    справочно A-канал (restored == plain на месте маски): 96.99% -> 93.10% — расхождение с A выше даёт схлопывание '\n'->' ' в ячейке таблицы при сборке plain, само значение при этом цело.

Улучшения на срезе (49):
  + PER[leak_v2>=6]: 122 -> 54 (-68)
  + PER[leak_v2>=8]: 122 -> 54 (-68)
  + ADDRESS[leak_v2>=6]: 14 -> 12 (-2)
  + ADDRESS[leak_v2>=8]: 14 -> 12 (-2)
  + INN[leak_v2>=6]: 6 -> 1 (-5)
  + INN[leak_v2>=8]: 6 -> 1 (-5)
  + INN_PER[leak_v2>=6]: 18 -> 2 (-16)
  + INN_PER[leak_v2>=8]: 18 -> 2 (-16)
  + OGRN[leak_v2>=6]: 4 -> 0 (-4)
  + OGRN[leak_v2>=8]: 3 -> 0 (-3)
  + KPP[leak_v2>=6]: 2 -> 0 (-2)
  + KPP[leak_v2>=8]: 2 -> 0 (-2)
  + ACCOUNT[leak_v2>=6]: 4 -> 2 (-2)
  + ACCOUNT[leak_v2>=8]: 4 -> 2 (-2)
  + BIK[leak_v2>=6]: 5 -> 0 (-5)
  + BIK[leak_v2>=8]: 5 -> 0 (-5)
  + PHONE[leak_v2>=6]: 22 -> 1 (-21)
  + PHONE[leak_v2>=8]: 3 -> 1 (-2)
  + EMAIL[leak_v2>=6]: 16 -> 0 (-16)
  + EMAIL[leak_v2>=8]: 16 -> 0 (-16)
  + PASSPORT[leak_v2>=6]: 54 -> 2 (-52)
  + PASSPORT[leak_v2>=8]: 54 -> 2 (-52)
  + SNILS[leak_v2>=6]: 9 -> 0 (-9)
  + SNILS[leak_v2>=8]: 9 -> 0 (-9)
  + BIRTHDATE[leak_v2>=6]: 7 -> 1 (-6)
  + BIRTHDATE[leak_v2>=8]: 7 -> 1 (-6)
  + SUM[leak_v2>=6]: 5 -> 1 (-4)
  + TOTAL(BIK-excl)[leak_v2>=6]: 286 -> 79 (-207)
  + TOTAL(BIK-excl)[leak_v2>=8]: 261 -> 78 (-183)
  + masking_correctness[B границы]: 91.03% -> 94.02%
  + precision[OGRN]: 97.30% -> 100.00%
  + precision[KPP]: 89.47% -> 100.00%
  + over-mask прозы[ADDRESS]: 2 -> 0 (-2)
  + границы[PER / недобор, сущностей]: 31 -> 15 (-16)
  + границы[PER / недобор, символов]: 237 -> 86 (-151)
  + границы[ADDRESS / недобор, сущностей]: 14 -> 11 (-3)
  + границы[ADDRESS / недобор, символов]: 136 -> 119 (-17)
  + границы[INN / недобор, сущностей]: 2 -> 0 (-2)
  + границы[INN / недобор, символов]: 2 -> 0 (-2)
  + границы[INN_PER / недобор, сущностей]: 4 -> 0 (-4)
  + границы[INN_PER / недобор, символов]: 4 -> 0 (-4)
  + границы[OGRN / недобор, сущностей]: 1 -> 0 (-1)
  + границы[OGRN / недобор, символов]: 3 -> 0 (-3)
  + границы[PASSPORT / перебор, сущностей]: 24 -> 0 (-24)
  + границы[PASSPORT / перебор, символов]: 192 -> 0 (-192)
  + границы[ВСЕГО / недобор, сущностей]: 71 -> 45 (-26)
  + границы[ВСЕГО / недобор, символов]: 473 -> 296 (-177)
  + границы[ВСЕГО / перебор, сущностей]: 29 -> 6 (-23)
  + границы[ВСЕГО / перебор, символов]: 230 -> 49 (-181)

РЕГРЕССЫ НА СРЕЗЕ (8) — это НАХОДКА, а не приёмка:
  - (3) FP по негативам: 3 -> 66 (+63), допуск gate_config.FP_TOLERANCE=+0 превышен [вне счёта: CONTRACT_NO — 32 масок, исключены из линии, см. scope_exclusions.py]
  - (д) over-mask прозы[PER]: 0 -> 1 (+1 масок) — система закрыла маской текст, который не является ни эталонной сущностью, ни объявленным негативом (порча документа)
  - (д) over-mask прозы[ORG]: 32 -> 38 (+6 масок) — система закрыла маской текст, который не является ни эталонной сущностью, ни объявленным негативом (порча документа)
  - (д) over-mask прозы[PASSPORT_ISSUER]: 0 -> 52 (+52 масок) — система закрыла маской текст, который не является ни эталонной сущностью, ни объявленным негативом (порча документа)
  - (д) over-mask прозы[CONTRACT_KIND]: 0 -> 36 (+36 масок) — система закрыла маской текст, который не является ни эталонной сущностью, ни объявленным негативом (порча документа)
  - (д) over-mask прозы[ВСЕГО]: 178 -> 309 (+131 масок)
  - (е) границы[ADDRESS / перебор, сущностей]: 5 -> 6 (+1) — маска закрыла лишний текст (порча читаемости)
  - (е) границы[ADDRESS / перебор, символов]: 38 -> 49 (+11) — маска закрыла лишний текст (порча читаемости)

==============================================================================
ПОДВЫБОРКА — ЧЕРНОВИК ДЛЯ ОТЛАДКИ.
НЕ заменяет финальный полный прогон tests/corpus/gate.py перед коммитом.
Регресс на редком типе, не попавшем в подвыборку, здесь может быть НЕ виден.
==============================================================================

