/home/user/ARP/venv/lib/python3.11/site-packages/pymorphy2/analyzer.py:114: UserWarning: pkg_resources is deprecated as an API. See https://setuptools.pypa.io/en/latest/pkg_resources.html. The pkg_resources package is slated for removal as early as 2025-11-30. Refrain from using this package or pin to Setuptools<81.
  import pkg_resources
Прогон корпуса v2: 138 документов…
[1/138] agency_0001  2s
[10/138] agency_0010  20s
[20/138] cx_agency_0016  40s
[30/138] cx_lease_0021  90s
[40/138] cx_services_0020  109s
[50/138] labor_0002  155s
[60/138] labor_0012  177s
[70/138] lease_0010  196s
[80/138] loan_0008  216s
[90/138] sale_0008  236s
[100/138] services_0004  255s
[110/138] services_0014  272s
[120/138] supply_0010  289s
[130/138] works_0004  308s
DONE 138 docs in 324s -> /home/user/ARP/experiments/metrics_full/results_v2.json

состав таблицы (22 типов, из собранного конфига): INN, OGRN, KPP, ACCOUNT, BIK, PASSPORT, SNILS, BIRTHDATE, PHONE, EMAIL, SUM, PERCENT, TERM, DATE, CONTRACT_KIND, CONTRACT_NO, PASSPORT_ISSUER, REGISTRY_NAME, REG_ID, REG_NUMBER, SHARE_PCT, TRANCHE

=== ПОЛНОТА / ТОЧНОСТЬ / ГРАНИЦЫ ПО НАПРАВЛЕНИЮ / УТЕЧКА ===
  цифры на порождённом корпусе — верхняя граница, не измерение (см. tests/corpus_v2/README.md, «КРАСНАЯ ЛИНИЯ»)
  тип      класс         n  полнота точн.гр.   утечка |     недобор     перебор | точность
  ----------------------------------------------------------------------------------------
  INN      обычные     356    27.0%    27.0%     0.0% |     0     0с     0     0с |   29.21%
  INN      испорч.      64    46.9%    46.9%    15.6% |     4     4с     0     0с |   29.21%
  INN      ВСЕГО       420    30.0%    30.0%     2.4% |     4     4с     0     0с |   29.21%
  OGRN     обычные     176   100.0%   100.0%     0.0% |     0     0с     0     0с |  100.00%
  OGRN     ВСЕГО       176   100.0%   100.0%     0.0% |     0     0с     0     0с |  100.00%
  KPP      обычные      96   100.0%   100.0%     0.0% |     0     0с     0     0с |  100.00%
  KPP      испорч.      10   100.0%   100.0%     0.0% |     0     0с     0     0с |  100.00%
  KPP      ВСЕГО       106   100.0%   100.0%     0.0% |     0     0с     0     0с |  100.00%
  ACCOUNT  обычные     272   100.0%   100.0%     0.0% |     0     0с     0     0с |   37.88%
  ACCOUNT  испорч.      32    68.8%    68.8%    31.2% |     6     6с     0     0с |   37.88%
  ACCOUNT  ВСЕГО       304    96.7%    96.7%     3.3% |     6     6с     0     0с |   37.88%
  BIK      обычные     176   100.0%   100.0%     0.0% |     0     0с     0     0с |   83.11%
  BIK      испорч.      11   100.0%   100.0%     0.0% |     0     0с     0     0с |   83.11%
  BIK      ВСЕГО       187   100.0%   100.0%     0.0% |     0     0с     0     0с |   83.11%
  PASSPORT обычные     400    94.5%    94.5%     0.0% |     2     2с     0     0с |   73.36%
  PASSPORT ВСЕГО       400    94.5%    94.5%     0.0% |     2     2с     0     0с |   73.36%
  SNILS    обычные     100   100.0%   100.0%     0.0% |     0     0с     0     0с |   42.02%
  SNILS    ВСЕГО       100   100.0%   100.0%     0.0% |     0     0с     0     0с |   42.02%
  BIRTHDATE обычные     100   100.0%   100.0%     0.0% |     0     0с     0     0с |   26.60%
  BIRTHDATE ВСЕГО       100   100.0%   100.0%     0.0% |     0     0с     0     0с |   26.60%
  PHONE    обычные     443    98.9%    97.3%     2.7% |     7    63с     0     0с |   60.10%
  PHONE    испорч.      66    84.8%    84.8%    15.2% |     0     0с     0     0с |   60.10%
  PHONE    ВСЕГО       509    97.1%    95.7%     4.3% |     7    63с     0     0с |   60.10%
  EMAIL    обычные     276   100.0%   100.0%     0.0% |     0     0с     0     0с |  100.00%
  EMAIL    испорч.      29   100.0%   100.0%     0.0% |     0     0с     0     0с |  100.00%
  EMAIL    ВСЕГО       305   100.0%   100.0%     0.0% |     0     0с     0     0с |  100.00%
  SUM      обычные     397    96.0%    59.2%    28.7% |   146  1217с     0     0с |   70.08%
  SUM      испорч.     181    73.5%    49.2%    43.1% |    47   404с     0     0с |   70.08%
  SUM      ВСЕГО       578    88.9%    56.1%    33.2% |   193  1621с     0     0с |   70.08%
  PERCENT  обычные     664   100.0%   100.0%     0.0% |     0     0с     0     0с |   77.41%
  PERCENT  испорч.     111   100.0%    97.3%     0.9% |    16    51с     0     0с |   77.41%
  PERCENT  ВСЕГО       775   100.0%    99.6%     0.1% |    16    51с     0     0с |   77.41%
  TERM     обычные     668   100.0%   100.0%     0.0% |     0     0с     0     0с |  100.00%
  TERM     испорч.     111    92.8%    80.2%     4.5% |    21    94с     0     0с |  100.00%
  TERM     ВСЕГО       779    99.0%    97.2%     0.6% |    21    94с     0     0с |  100.00%
  DATE     обычные     138   100.0%   100.0%     0.0% |     0     0с     0     0с |   33.33%
  DATE     ВСЕГО       138   100.0%   100.0%     0.0% |     0     0с     0     0с |   33.33%
  CONTRACT_KIND обычные     138   100.0%   100.0%     0.0% |     0     0с     0     0с |  100.00%
  CONTRACT_KIND ВСЕГО       138   100.0%   100.0%     0.0% |     0     0с     0     0с |  100.00%
  CONTRACT_NO обычные     414    66.7%    66.7%    33.3% |     0     0с     0     0с |  100.00%
  CONTRACT_NO испорч.     111     0.0%     0.0%   100.0% |     0     0с     0     0с |  100.00%
  CONTRACT_NO ВСЕГО       525    52.6%    52.6%    47.4% |     0     0с     0     0с |  100.00%
  PASSPORT_ISSUER обычные     138   100.0%   100.0%     0.0% |     0     0с     0     0с |  100.00%
  PASSPORT_ISSUER ВСЕГО       138   100.0%   100.0%     0.0% |     0     0с     0     0с |  100.00%
  REGISTRY_NAME обычные     138   100.0%   100.0%     0.0% |     0     0с     0     0с |  100.00%
  REGISTRY_NAME ВСЕГО       138   100.0%   100.0%     0.0% |     0     0с     0     0с |  100.00%
  REG_ID   обычные     138   100.0%   100.0%     0.0% |     0     0с     0     0с |  100.00%
  REG_ID   ВСЕГО       138   100.0%   100.0%     0.0% |     0     0с     0     0с |  100.00%
  REG_NUMBER обычные     138   100.0%   100.0%     0.0% |     0     0с     0     0с |  100.00%
  REG_NUMBER ВСЕГО       138   100.0%   100.0%     0.0% |     0     0с     0     0с |  100.00%
  SHARE_PCT обычные     138   100.0%    60.9%     0.0% |    27   243с    27   432с |  100.00%
  SHARE_PCT ВСЕГО       138   100.0%    60.9%     0.0% |    27   243с    27   432с |  100.00%
  TRANCHE  обычные      24   100.0%   100.0%     0.0% |     0     0с     0     0с |  100.00%
  TRANCHE  ВСЕГО        24   100.0%   100.0%     0.0% |     0     0с     0     0с |  100.00%
  полнота = найдена маска своего типа; точн.гр. = спан ровно по эталону;
  утечка = цифры значения, не закрытые НИ ОДНОЙ маской (позиционная метрика);
  точность = tp/(tp+fp на ОБЪЯВЛЕННОМ негативе), та же ось, что линия «а» гейта.

=== ЛОЖНЫЕ СРАБАТЫВАНИЯ НА ТИПИЗИРОВАННЫХ НЕГАТИВАХ (DOCNUM / DATE) ===
  цифры на порождённом корпусе — верхняя граница, не измерение (см. tests/corpus_v2/README.md, «КРАСНАЯ ЛИНИЯ»)
  0 — ни одна маска не легла на типизированный негатив.

=== ВОССТАНОВЛЕНИЕ И КОРРЕКТНОСТЬ МАСКИРОВКИ ===
  документов обработано: 138, круговое восстановление побайтно: 125 (90.6%)
    расхождения ТОЛЬКО в пробельных (артефакт сборки plain, значение цело): 13 ['agency_0002', 'agency_0008', 'agency_0010', 'cx_labor_0026', 'cx_lease_0012']
    расхождения В ЗНАЧАЩИХ символах (порча): 0 []
  масок: 11631;  A round-trip 100.00%   B границы 95.19%   C тип 94.01%
    SUM      масок   742  A 100.00%  B 61.73%  C 100.00%
    PERCENT  масок  1018  A 100.00%  B 96.32%  C 100.00%
    TERM     масок   782  A 100.00%  B 95.91%  C 100.00%

=== МАСКИ, НЕ ЛЁГШИЕ НИ НА ЧТО (порча документа) — по типам ===
  DATE      nothing   344  cross    12  fp_neg   276  tp    138
  PASSPORT_ISSUER nothing   200  cross     0  fp_neg     0  tp    138
  ORG       nothing   152  cross   167  fp_neg     0  tp    199
  CONTRACT_KIND nothing   149  cross     0  fp_neg     0  tp    138
  INN       nothing     0  cross    22  fp_neg   315  tp    130
  INN_PER   nothing     0  cross   279  fp_neg   189  tp      0
  OGRN      nothing     0  cross     2  fp_neg     0  tp    176
  ACCOUNT   nothing     0  cross     0  fp_neg   492  tp    300
  BIK       nothing     0  cross     0  fp_neg    38  tp    187
  PHONE     nothing     0  cross     0  fp_neg   328  tp    494
  PASSPORT  nothing     0  cross     0  fp_neg   138  tp    380
  SNILS     nothing     0  cross     0  fp_neg   138  tp    100
  BIRTHDATE nothing     0  cross     0  fp_neg   276  tp    100
  SUM       nothing     0  cross     0  fp_neg   222  tp    520
  PERCENT   nothing     0  cross     0  fp_neg   230  tp    788
  ВСЕГО nothing 845, cross 482, fp_neg 2642
