==============================================================================
CHK-BASE: baseline -> дамп ДО этапа
КРАСНЫХ СТРОК: 20
   - (б) ADDRESS[leak_v2>=6]: 210 -> 212 (+2 сущностей) — рост частичной утечки
   - (б) ADDRESS[leak_v2>=8]: 210 -> 212 (+2 сущностей) — рост частичной утечки
   - (б) KPP[leak_v2>=6]: 16 -> 19 (+3 сущностей) — рост частичной утечки
   - (б) KPP[leak_v2>=8]: 11 -> 14 (+3 сущностей) — рост частичной утечки
   - (б) BIK[leak_v2>=6]: 18 -> 20 (+2 сущностей) — рост частичной утечки
   - (б) BIK[leak_v2>=8]: 16 -> 18 (+2 сущностей) — рост частичной утечки
   - (б) PASSPORT[leak_v2>=6]: 100 -> 140 (+40 сущностей) — рост частичной утечки
   - (б) PASSPORT[leak_v2>=8]: 88 -> 128 (+40 сущностей) — рост частичной утечки
   - (3) FP по негативам: 2 -> 645 (+643), допуск gate_config.FP_TOLERANCE=+0 превышен [вне счёта: CONTRACT_NO — 316 масок, исключены из линии, см. scope_exclusions.py]
   - (г) masking_correctness[B границы]: 88.14% -> 87.90% — корректность маскировки УПАЛА (допуск 0.00пп)
   - (г) masking_correctness[B границы / PER]: 84.45% -> 83.52% — границы масок типа УПАЛИ (допуск 0.00пп; агрегат мог вырасти за счёт других типов)
   - (г) masking_correctness[B границы / ADDRESS]: 85.55% -> 85.51% — границы масок типа УПАЛИ (допуск 0.00пп; агрегат мог вырасти за счёт других типов)
   - (г) masking_correctness[B границы / PASSPORT]: 90.97% -> 90.75% — границы масок типа УПАЛИ (допуск 0.00пп; агрегат мог вырасти за счёт других типов)
   - (д) over-mask прозы[ORG]: 322 -> 351 (+29 масок) — система закрыла маской текст, который не является ни эталонной сущностью, ни объявленным негативом (порча документа)
   - (д) over-mask прозы[ADDRESS]: 4 -> 5 (+1 масок) — система закрыла маской текст, который не является ни эталонной сущностью, ни объявленным негативом (порча документа)
   - (д) over-mask прозы[ВСЕГО]: 2519 -> 2897 (+378 масок)
   - (е) границы[PHONE / недобор, сущностей]: 41 -> 42 (+1) — часть эталона осталась ОТКРЫТЫМ текстом (утечка)
   - (е) границы[PHONE / недобор, символов]: 295 -> 302 (+7) — часть эталона осталась ОТКРЫТЫМ текстом (утечка)
   - (е) границы[EMAIL / недобор, сущностей]: 60 -> 61 (+1) — часть эталона осталась ОТКРЫТЫМ текстом (утечка)
   - (е) границы[EMAIL / недобор, символов]: 307 -> 313 (+6) — часть эталона осталась ОТКРЫТЫМ текстом (утечка)
==============================================================================
ПОСЛЕ: baseline -> дамп ПОСЛЕ этапа
КРАСНЫХ СТРОК: 10
   - (б) BIK[leak_v2>=6]: 18 -> 20 (+2 сущностей) — рост частичной утечки
   - (б) BIK[leak_v2>=8]: 16 -> 18 (+2 сущностей) — рост частичной утечки
   - (3) FP по негативам: 2 -> 654 (+652), допуск gate_config.FP_TOLERANCE=+0 превышен [вне счёта: CONTRACT_NO — 316 масок, исключены из линии, см. scope_exclusions.py]
   - (г) masking_correctness[B границы / PER]: 84.45% -> 83.52% — границы масок типа УПАЛИ (допуск 0.00пп; агрегат мог вырасти за счёт других типов)
   - (д) over-mask прозы[ORG]: 322 -> 351 (+29 масок) — система закрыла маской текст, который не является ни эталонной сущностью, ни объявленным негативом (порча документа)
   - (д) over-mask прозы[ADDRESS]: 4 -> 5 (+1 масок) — система закрыла маской текст, который не является ни эталонной сущностью, ни объявленным негативом (порча документа)
   - (д) over-mask прозы[PASSPORT_ISSUER]: 451 -> 452 (+1 масок) — система закрыла маской текст, который не является ни эталонной сущностью, ни объявленным негативом (порча документа)
   - (д) over-mask прозы[ВСЕГО]: 2519 -> 2902 (+383 масок)
   - (е) границы[EMAIL / недобор, сущностей]: 60 -> 61 (+1) — часть эталона осталась ОТКРЫТЫМ текстом (утечка)
   - (е) границы[EMAIL / недобор, символов]: 307 -> 313 (+6) — часть эталона осталась ОТКРЫТЫМ текстом (утечка)
==============================================================================
ЧИСТАЯ ДЕЛЬТА: дамп ДО -> дамп ПОСЛЕ
КРАСНЫХ СТРОК: 4
   - (3) FP по негативам: 645 -> 654 (+9), допуск gate_config.FP_TOLERANCE=+0 превышен [вне счёта: CONTRACT_NO — 316 масок, исключены из линии, см. scope_exclusions.py]
   - (г) masking_correctness[B границы / INN]: 87.32% -> 87.26% — границы масок типа УПАЛИ (допуск 0.00пп; агрегат мог вырасти за счёт других типов)
   - (д) over-mask прозы[PASSPORT_ISSUER]: 451 -> 452 (+1 масок) — система закрыла маской текст, который не является ни эталонной сущностью, ни объявленным негативом (порча документа)
   - (д) over-mask прозы[ВСЕГО]: 2897 -> 2902 (+5 масок)
