======================================================================
homoglyph 97
Counter({'ADDRESS': 29, 'ORG': 15, 'PASSPORT': 14, 'PHONE': 12, 'INN_PER': 8, 'SUM': 7, 'INN': 4, 'KPP': 3, 'PER': 3, 'ACCOUNT': 1, 'OGRN': 1})
  ACCOUNT    found=False exact=False full miss=nothing | '408028І057753526867б'
  ADDRESS    found=True exact=False partial miss=None | 'б20ОІ4, г. Еkатеринбург, бул. Гагарина, д. 25, кв. 162'
  ADDRESS    found=True exact=True partial miss=None | '62ООІ4, г. Екатеpинбург, ул. Ленинградская, д. 56, кв. 165'
  ADDRESS    found=True exact=True partial miss=None | '620014, г. Еkатеринбуpг, ул. Cоветская, д. 2О, кв. 73'
  ADDRESS    found=True exact=True partial miss=None | '62001Ч, г. Екатеринбург, пер. Лeснaя, д. З5, кв. 79'
  ADDRESS    found=True exact=False partial miss=None | 'б30О99, г. Hoвосибирск, наб. Гагарина, д. 58, кв. 56'
  ADDRESS    found=True exact=False partial miss=None | 'бО3000, г. Нижний Hoвгород, ул. Ленина, д. 89, кв. 39'
  ADDRESS    found=True exact=True partial miss=None | '60З00О, г. Нижний Новгоpoд, пер. Октябрьская, д. 9, кв. 15'
  ADDRESS    found=True exact=False partial miss=None | 'бІЧ0О0, г. Пермь, проезд Строителей, д. 20, кв. 174'
  ADDRESS    found=True exact=True partial miss=None | 'просп. Оkтябpьскaя, д. 3б, д. Малые Вязёмы, Новосибирская обл.'
  ADDRESS    found=True exact=False partial miss=None | 'Свеpдловсkая oбл., Ленинский p-н, 89 км автодороги М-8 «Дон», стр. 6'
  ADDRESS    found=True exact=True partial miss=None | 'Tвеpcкaя обл., Дмитровский р-н, 29 км автодороги М-8 «Дон», стр. 3'
  ADDRESS    found=True exact=True partial miss=None | 'Новосибирсkая oбл., Hарo-Фоминский р-н, 53 км автодороги М-6 «Дон», стр. 6'
  ADDRESS    found=True exact=True partial miss=None | 'Свepдловская обл., Дmитpовский р-н, 75 км автодороги М-1 «Дон», стр. 1'
  ADDRESS    found=True exact=False partial miss=None | 'б200І4, Свердловcкaя обл., г. Екатеринбург, ш. Полевая, вл. 35, стр. 4, пом. VII'
  ADDRESS    found=True exact=True partial miss=None | 'Вopонеж Кирова Ч1/3 кв 1б'
  ADDRESS    found=True exact=False partial miss=None | 'б20014, Кpаснoдаpский край, г. Екатеринбург, проезд Строителей, вл. 61, стр. 2, пом. VII'
  ADDRESS    found=True exact=False partial miss=None | 'б2О0ІЧ, Свердловская обл., г. Екатеринбург, наб. Пушкина, вл. 11, стр. 2, пом. VII'
  ADDRESS    found=True exact=True partial miss=None | 'Сергиев Пoсад  Лeнингpадcкая 31'
  ADDRESS    found=True exact=False partial miss=None | 'бОЗО00, г. Нижний Новгород, ул. Советская, д. 27, кв. 89'
  ADDRESS    found=True exact=False partial miss=None | 'б3ОО99, Kраснодарский край, г. Новосибирск, пер. Ленинградская, вл. 22, стр. 5, пом. VII'
  ADDRESS    found=True exact=True partial miss=None | '1Ч3000, Лeнинградckая обл., г. Одинцово, ул. Ленина, вл. 80, стр. 5, пом. VII'
  ADDRESS    found=True exact=True partial miss=None | '630099, Нoвосибирcкая обл., г. Новосибирcк, проeзд Кирова, вл. 58, стр. 2, пом. VII'
  ADDRESS    found=True exact=True partial miss=None | '63О099, Мосkовсkая oбл., г. Новосибирск, ш. Ленина, вл. 67, стр. 5, пом. VII'
  ADDRESS    found=True exact=True partial miss=None | '143400, г. Красногopсk, пpосп. Космонавтов, д. 47, кв. 3'
  ADDRESS    found=True exact=False partial miss=None | 'б1Ч0ОО, г. Пермь, наб. Лесная, д. 25, кв. 111'
  ADDRESS    found=True exact=True partial miss=None | '394000, г. Воронеж, бул. Сaдовaя, д. 84, кв. 36'
  ADDRESS    found=True exact=False partial miss=None | 'б03О00, Краснодарсkий кpай, г. Нижний Новгород, бул. Полевая, вл. 61, стр. 1, пом. VII'
  ADDRESS    found=True exact=False partial miss=None | 'б30О99, Новoсибирcкая обл., г. Новосибирск, просп. Ленинградская, вл. 62, стр. 3, пом. VII'
  ADDRESS    found=True exact=False partial miss=None | 'бОЗ000, Крaснодарский край, г. Нижний Новгород, пер. Кирова, вл. 35, стр. 3, пом. VII'
  INN        found=False exact=False full miss=nothing | 'б597769253'
  INN        found=False exact=False full miss=nothing | 'б59776925З'
  INN        found=False exact=False full miss=nothing | 'б5977б9253'
  INN        found=False exact=False full miss=nothing | 'б475Ч972б5'
  INN_PER    found=False exact=False full miss=nothing | '55Ч97624870б'
  INN_PER    found=True exact=True full miss=None | '5549762487О6'
  INN_PER    found=False exact=False full miss=nothing | 'б5930508І513'
  INN_PER    found=False exact=False full miss=nothing | 'б5930508І51З'
  INN_PER    found=False exact=False full miss=nothing | '72833410З38б'
  INN_PER    found=True exact=True full miss=None | '7283З4І0З386'
  INN_PER    found=False exact=False full miss=nothing | 'б22631885Ч85'
  INN_PER    found=True exact=True full miss=None | '622бЗ1885Ч85'
  KPP        found=False exact=False full miss=nothing | 'б7Ч492814'
  KPP        found=False exact=False full miss=nothing | 'б54672671'
  KPP        found=False exact=False full miss=nothing | '4Ч170335б'
  OGRN       found=False exact=False full miss=nothing | '149ЗІ1О09843б'
  ORG        found=True exact=True partial miss=None | 'ПAО «Заря»'
  ORG        found=True exact=True partial miss=None | 'ПАО «3aря»'
  ORG        found=True exact=True partial miss=None | 'ПAО «Атлант»'
  ORG        found=True exact=True partial miss=None | 'ПAО «Атлант»'
  ORG        found=False exact=False full miss=nothing | 'Пeтрoв Kонсалтинг'
  ORG        found=False exact=False full miss=nothing | 'Петpов Конcалтинг'
  ORG        found=True exact=True partial miss=None | 'ПAО «TеxнoПром»'
  ORG        found=True exact=True partial miss=None | 'ПAО «ТехноПром»'
  ORG        found=True exact=True partial miss=None | 'ПAO «Вekтор»'
  ORG        found=True exact=True partial miss=None | 'ПАO «Bеkтоp»'
  ORG        found=True exact=True partial miss=None | 'ПАО Веkтор'
  ORG        found=True exact=False partial miss=None | 'OOO «Логистик Групп»'
  ORG        found=True exact=True partial miss=None | 'ОOO «Bасилёk»'
  ORG        found=True exact=True partial miss=None | 'ОOO «Лoгистиk Групп»'
  ORG        found=True exact=True partial miss=None | 'ООО «Ваcилёk»'
  PASSPORT   found=False exact=False full miss=nothing | 'б22-513'
  PASSPORT   found=True exact=True full miss=None | '622-51З'
  PASSPORT   found=False exact=False full miss=nothing | '30б-273'
  PASSPORT   found=False exact=False full miss=nothing | 'ЗО6-27З'
  PASSPORT   found=False exact=False full miss=nothing | '1О 25 34482б'
  PASSPORT   found=True exact=True full miss=None | '10 25 3ЧЧ826'
  PASSPORT   found=False exact=False full miss=nothing | '6І6-ЗОб'
  PASSPORT   found=False exact=False full miss=nothing | 'бІб-З06'
  PASSPORT   found=False exact=False full miss=nothing | '812-Ч0О'
  PASSPORT   found=False exact=False full miss=nothing | '812-ЧО0'
  PASSPORT   found=False exact=False full miss=nothing | '9ЧО-2І9'
  PASSPORT   found=True exact=True full miss=None | '9Ч0-219'
  PASSPORT   found=False exact=False full miss=nothing | '078-бЧО'
  PASSPORT   found=True exact=True full miss=None | 'О78-6Ч0'
  PER        found=False exact=False full miss=nothing | 'С. П. 3айцев'
  PER        found=True exact=False partial miss=None | 'Пчела\nЕкатepинa Олeговна'
  PER        found=False exact=False full miss=nothing | '3айцев А. П.'
  PHONE      found=False exact=False partial miss=nothing | '+7 (812) 79Ч-58-бО'
  PHONE      found=False exact=False partial miss=nothing | '+7 (843) 232-67-ЗЗ'
  PHONE      found=False exact=False partial miss=nothing | '+7 (499) 759-42-ІЗ'
  PHONE      found=False exact=False partial miss=nothing | '+7 (8Ч3) 3З6-ЗІ-33'
  PHONE      found=False exact=False partial miss=nothing | '+7 (812) 24З-95-ЧЧ'
  PHONE      found=False exact=False full miss=nothing | '+7 499 ІОЧ 39 35'
  PHONE      found=False exact=False full miss=nothing | 'З83 589Ч02І'
  PHONE      found=False exact=False partial miss=nothing | '+7 (495) Ч66-73-ЧЧ'
  PHONE      found=False exact=False partial miss=nothing | '+7 (З8З) 652-Іб-78'
  PHONE      found=False exact=False partial miss=nothing | '+7 (499) ЗЗб-31-50'
  PHONE      found=False exact=False partial miss=nothing | '+7 (812) 274-б3-ЧІ'
  PHONE      found=False exact=False partial miss=nothing | '+7 (495) 547-74-бЗ'
  SUM        found=False exact=False partial miss=nothing | '73Ч 525,0О рyб.'
  SUM        found=False exact=False partial miss=nothing | 'б2З 624,0О руб.'
  SUM        found=False exact=False partial miss=nothing | '932 097,0О руб.'
  SUM        found=True exact=False partial miss=None | '870 11О,О0 руб.'
  SUM        found=True exact=False partial miss=None | '16І 5О0,О0 pуб.'
  SUM        found=True exact=False partial miss=None | '9б3 342,О0 руб.'
  SUM        found=True exact=False partial miss=None | 'З05 0ІО,00 руб.'
======================================================================
invisible 47
Counter({'PER': 18, 'ADDRESS': 6, 'PASSPORT': 6, 'ORG': 5, 'PHONE': 4, 'SUM': 4, 'INN': 3, 'BIRTHDATE': 1})
  ADDRESS    found=True exact=True partial miss=None | 'Ростов-на-Дону Промышленная 1\u20602/2 кв\xa0 \u200b50'
  ADDRESS    found=True exact=True partial miss=None | 'а/я 93, \xa0г. Се\u2060рг\u202fиев Посад, 141300'
  ADDRESS    found=True exact=True partial miss=None | 'Химки, \u202fБаум\xa0ана 12'
  ADDRESS    found=True exact=True partial miss=None | '420111, Тверская обл., г.\u202f Казань\xad, бул. Профсою\u2060зная, вл. 23, стр. 4, пом. VII'
  ADDRESS    found=True exact=True partial miss=None | '141300, \xadг. Сергиев Посад, п\xa0росп. Баумана, д.\u2060 34, кв. 52'
  ADDRESS    found=True exact=True partial miss=None | '620014,\xad г. Екатеринбур\u202fг, на\u2060б. Садовая, д. 36, кв. 50'
  BIRTHDATE  found=False exact=False full miss=nothing | '19.11\xa0.1962'
  INN        found=False exact=False full miss=nothing | '661944828\u2060б'
  INN        found=True exact=True full miss=None | '661944828\u20606'
  INN        found=True exact=True full miss=None | '661\xa09448286'
  ORG        found=False exact=False full miss=nothing | 'Петров К\u200bонсалт\u202fинг'
  ORG        found=False exact=False full miss=nothing | 'Петро\u2060в Ко\xa0нсалтинг'
  ORG        found=True exact=True full miss=None | 'Петров\u200d Консалт\u202fинг'
  ORG        found=True exact=True partial miss=None | 'П\xa0АО «Вект\u2060ор»'
  ORG        found=True exact=True partial miss=None | 'ПАО\xad «Вектор\u202f»'
  PASSPORT   found=False exact=False full miss=nothing | '907-10\u200b8'
  PASSPORT   found=True exact=True full miss=None | '907-10\xad8'
  PASSPORT   found=False exact=False full miss=nothing | '708-\u200b657'
  PASSPORT   found=True exact=True full miss=None | '70\xa08-657'
  PASSPORT   found=False exact=False full miss=nothing | '12 25 \u20609987\u200b58'
  PASSPORT   found=True exact=True full miss=None | '12 25 99\u202f87\u200b58'
  PER        found=False exact=False full miss=nothing | 'Й. д\u202fе Врис'
  PER        found=False exact=False full miss=nothing | 'Ли В\u2060эй'
  PER        found=False exact=False full miss=nothing | 'де Врис Й\xad.'
  PER        found=False exact=False full miss=nothing | 'де Вриса Й\xadох\u202fана'
  PER        found=False exact=False full miss=nothing | 'де\u200d В\u200bрис Йох\xadан'
  PER        found=True exact=False full miss=None | 'Ли\n\u2060Вэй'
  PER        found=True exact=False full miss=None | 'Ли В\u200bэй'
  PER        found=True exact=False full miss=None | 'Ли \u2060Вэй'
  PER        found=True exact=False partial miss=None | 'Ли Вэ\u200dю'
  PER        found=False exact=False full miss=nothing | 'А.\xad М. Белка'
  PER        found=False exact=False full miss=nothing | 'Белка \u2060А. М.'
  PER        found=False exact=False full miss=nothing | 'Белкы А\u202fнны \u202fМихайл\xa0овны'
  PER        found=True exact=True partial miss=None | 'С\u200bиницы Анны А\u2060лексеев\u202fны'
  PER        found=True exact=True partial miss=None | 'С\u200dини\u2060цы\xa0 Анны Алексеевны'
  PER        found=False exact=False full miss=nothing | 'Й\u200d. де Врис'
  PER        found=False exact=False full miss=nothing | 'д\xadе Вриса Й\u200bохана'
  PER        found=False exact=False full miss=nothing | 'де Вр\u200bис Й.'
  PER        found=False exact=False full miss=nothing | 'де\u2060 Врис \u200bЙохaн'
  PHONE      found=False exact=False partial miss=nothing | '+7\xa0 (\u202f495) 190-95\u202f-63'
  PHONE      found=False exact=False full miss=nothing | '499 1144\xad829'
  PHONE      found=False exact=False partial miss=nothing | '+\u200b7 (812)\u202f \xa0110-11-33'
  PHONE      found=False exact=False full miss=nothing | '383 240\u200b9932'
  SUM        found=True exact=False partial miss=None | '843 536,00 \xa0р\u200bуб.'
  SUM        found=True exact=False partial miss=None | '854 498,\u200d00 \xa0руб.'
  SUM        found=True exact=False partial miss=None | '258 94\u202f9,\u202f00 руб.'
  SUM        found=True exact=False partial miss=None | '104 80\u200b9,\xa000 руб.'
======================================================================
digit_spaces 56
Counter({'PASSPORT': 26, 'ADDRESS': 11, 'PER': 9, 'ORG': 5, 'INN': 3, 'PHONE': 1, 'SUM': 1})
  ADDRESS    found=True exact=True partial miss=None | 'Ростов-на-Дону Промышленная 12/2 кв 50'
  ADDRESS    found=True exact=True partial miss=None | '190 0 00 , Краснодарский край, г. Санкт-Петербург, ул. Гагарина, д. 60, корп. 3, литера А, пом. 16, оф. 466'
  ADDRESS    found=True exact=True partial miss=None | '443-0-10-, г. Самара, просп. Лесная, д. 41, кв. 186'
  ADDRESS    found=True exact=True partial miss=None | 'а/я 63, г. Химки, 141 400'
  ADDRESS    found=True exact=True partial miss=None | '141 4 00 , г. Химки, ш. Пушкина, д. 50, кв. 55'
  ADDRESS    found=True exact=True partial miss=None | '141 300 , г. Сергиев Посад, бул. Победы, д. 1, кв. 144'
  ADDRESS    found=True exact=True partial miss=None | '190\xa00\xa000\xa0, г. Санкт-Петербург, наб. Ленинградская, д. 61, кв. 43'
  ADDRESS    found=True exact=True partial miss=None | '101 0 00 , г. Москва, ш. Пушкина, д. 49, кв. 111'
  ADDRESS    found=True exact=True partial miss=None | '420111 , г. Казань, наб. Профсоюзная, д. 83, кв. 62'
  ADDRESS    found=True exact=True partial miss=None | '101-000, г. Москва, наб. Ленинградская, д. 42, кв. 24'
  ADDRESS    found=True exact=True partial miss=None | '101\xa00\xa000, г. Москва, бул. Промышленная, д. 11, кв. 133'
  INN        found=False exact=False full miss=nothing | '661 9 44828б'
  INN        found=True exact=True full miss=None | '661944 82 86'
  INN        found=True exact=True full miss=None | '6619\xa044\xa082\xa086'
  ORG        found=True exact=True partial miss=None | 'ПАО «Альтаир»'
  ORG        found=True exact=True partial miss=None | 'ПАО «Альтаир»'
  ORG        found=True exact=True partial miss=None | 'ПАО Альтаир'
  ORG        found=True exact=True partial miss=None | 'ПАО «Альтаир»'
  ORG        found=True exact=True partial miss=None | 'ПАО «Альтаир»'
  PASSPORT   found=False exact=False full miss=nothing | '90 14 6170 85'
  PASSPORT   found=True exact=True full miss=None | '90 14 617-0-85'
  PASSPORT   found=False exact=False full miss=nothing | '19 04 9493 12'
  PASSPORT   found=True exact=True full miss=None | '19 04 949312'
  PASSPORT   found=False exact=False full miss=nothing | '07 19 053 4 98'
  PASSPORT   found=True exact=True full miss=None | '07 19 053498'
  PASSPORT   found=False exact=False full miss=nothing | '50 23 159 2 43'
  PASSPORT   found=True exact=True full miss=None | '50 23 159\xa02\xa043'
  PASSPORT   found=False exact=False full miss=nothing | '69 03 645 4 50'
  PASSPORT   found=False exact=False full miss=nothing | '69 03 645 450'
  PASSPORT   found=False exact=False full miss=nothing | '40 02 5536 24'
  PASSPORT   found=True exact=False full miss=None | '40 02 553-6-24-'
  PASSPORT   found=False exact=False full miss=nothing | '26 04 6441 40'
  PASSPORT   found=True exact=False full miss=None | '26 04 644-140-'
  PASSPORT   found=False exact=False full miss=nothing | '65 22 2148 15'
  PASSPORT   found=True exact=True full miss=None | '65 22 214815'
  PASSPORT   found=False exact=False full miss=nothing | '02 08 829 9 67'
  PASSPORT   found=True exact=False full miss=None | '02 08 829-967-'
  PASSPORT   found=False exact=False full miss=nothing | '09 08 941 0 13'
  PASSPORT   found=False exact=False full miss=nothing | '30 03 309 4 19'
  PASSPORT   found=True exact=False full miss=None | '09 08 9410-13-'
  PASSPORT   found=True exact=True full miss=None | '30 03 309\xa0419'
  PASSPORT   found=False exact=False full miss=nothing | '07 12 109 7 48'
  PASSPORT   found=False exact=False full miss=nothing | '07 12 1097 48'
  PASSPORT   found=False exact=False full miss=nothing | '57 02 639 201'
  PASSPORT   found=False exact=False full miss=nothing | '57 02 6392 01'
  PER        found=False exact=False partial miss=wrong_type:ORG | 'Тер-Петросян Артур Ашотович'
  PER        found=False exact=False partial miss=wrong_type:ORG | 'Тер-Петросян Артур Ашотович'
  PER        found=True exact=True partial miss=None | 'ТЕР-ПЕТРОСЯН АРТУР АШОТОВИЧ'
  PER        found=True exact=True partial miss=None | 'Тер-Петросян А. А.'
  PER        found=True exact=True partial miss=None | 'Тер-Петросян А. А.'
  PER        found=True exact=True partial miss=None | 'Тер-Петросян Артур Ашотович'
  PER        found=False exact=False full miss=nothing | 'Ли Вэй'
  PER        found=True exact=False full miss=None | 'Ли Вэй'
  PER        found=True exact=False full miss=None | 'Ли Вэй'
  PHONE      found=False exact=False full miss=nothing | '383- 240993-2'
  SUM        found=True exact=False partial miss=None | '595 430-,00 руб.'
