==============================================================================
CHK-BASE: results_baseline.json -> дамп ДО этапа (HEAD 1f00879)
КРАСНЫХ СТРОК: 21
   - (б) ADDRESS[leak_v2>=6]: 210 -> 212 (+2 сущностей) — рост частичной утечки
   - (б) ADDRESS[leak_v2>=8]: 210 -> 212 (+2 сущностей) — рост частичной утечки
   - (б) KPP[leak_v2>=6]: 16 -> 19 (+3 сущностей) — рост частичной утечки
   - (б) KPP[leak_v2>=8]: 11 -> 14 (+3 сущностей) — рост частичной утечки
   - (б) BIK[leak_v2>=6]: 18 -> 20 (+2 сущностей) — рост частичной утечки
   - (б) BIK[leak_v2>=8]: 16 -> 18 (+2 сущностей) — рост частичной утечки
   - (б) PASSPORT[leak_v2>=6]: 100 -> 140 (+40 сущностей) — рост частичной утечки
   - (б) PASSPORT[leak_v2>=8]: 88 -> 128 (+40 сущностей) — рост частичной утечки
   - (3) FP по негативам: 2 -> 645 (+643), допуск gate_config.FP_TOLERANCE=+0 превышен [вне счёта: CONTRACT_NO — 316 масок, исключены из линии, см. scope_exclusions.py]
   - (г) masking_correctness[B границы]: 88.14% -> 87.90% — корректность маскировки УПАЛА (допуск 0.00пп)
   - (г) masking_correctness[B границы / PER]: 84.45% -> 83.52% — границы масок типа УПАЛИ (допуск 0.00пп; агрегат мог вырасти за счёт других типов)
   - (г) masking_correctness[B границы / ADDRESS]: 85.55% -> 85.51% — границы масок типа УПАЛИ (допуск 0.00пп; агрегат мог вырасти за счёт других типов)
   - (г) masking_correctness[B границы / PASSPORT]: 90.97% -> 90.75% — границы масок типа УПАЛИ (допуск 0.00пп; агрегат мог вырасти за счёт других типов)
   - (д) over-mask прозы[ORG]: 322 -> 351 (+29 масок) — система закрыла маской текст, который не является ни эталонной сущностью, ни объявленным негативом (порча документа)
   - (д) over-mask прозы[ADDRESS]: 4 -> 5 (+1 масок) — система закрыла маской текст, который не является ни эталонной сущностью, ни объявленным негативом (порча документа)
   - (д) over-mask прозы[ВСЕГО]: 2519 -> 2897 (+378 масок)
   - (е) границы[PHONE / недобор, сущностей]: 41 -> 42 (+1) — часть эталона осталась ОТКРЫТЫМ текстом (утечка)
   - (е) границы[PHONE / недобор, символов]: 295 -> 302 (+7) — часть эталона осталась ОТКРЫТЫМ текстом (утечка)
   - (е) границы[EMAIL / недобор, сущностей]: 60 -> 61 (+1) — часть эталона осталась ОТКРЫТЫМ текстом (утечка)
   - (е) границы[EMAIL / недобор, символов]: 307 -> 313 (+6) — часть эталона осталась ОТКРЫТЫМ текстом (утечка)
   - (з) НАСТРОЙКИ ПО УМОЛЧАНИЮ: 6 случаев НЕ документированы реестром known_default_leaks.json (состав долга подменён): lease_0010__m1337_linebreak INN_PER [3003:3016]; loan_0008__m2718_case ADDRESS [2809:2891]; services_0011__m2718_linebreak INN_PER [3069:3082]; works_0005__m2718_linebreak INN_PER [3224:3237]; works_0011__m2718_linebreak INN_PER [3395:3408]; works_0011__m2718_linebreak PHONE [3030:3046]
УЛУЧШЕНИЙ: 19
   + PER[leak_v2>=6]: 894 -> 615 (-279)
   + PER[leak_v2>=8]: 894 -> 615 (-279)
   + BIRTHDATE[leak_v2>=6]: 10 -> 8 (-2)
   + BIRTHDATE[leak_v2>=8]: 10 -> 8 (-2)
   + TOTAL(BIK-excl)[leak_v2>=6]: 1470 -> 1234 (-236)
   + TOTAL(BIK-excl)[leak_v2>=8]: 1396 -> 1160 (-236)
   + precision[PER]: 99.96% -> 99.97%
   + границы[PER / недобор, сущностей]: 168 -> 166 (-2)
   + границы[PER / недобор, символов]: 1013 -> 983 (-30)
   + границы[PER / перебор, сущностей]: 19 -> 15 (-4)
   + границы[PER / перебор, символов]: 177 -> 155 (-22)
   + границы[PASSPORT / недобор, сущностей]: 15 -> 14 (-1)
   + границы[PASSPORT / недобор, символов]: 15 -> 14 (-1)
   + границы[PASSPORT / перебор, сущностей]: 428 -> 0 (-428)
   + границы[PASSPORT / перебор, символов]: 3441 -> 0 (-3441)
   + границы[ВСЕГО / недобор, сущностей]: 471 -> 470 (-1)
   + границы[ВСЕГО / недобор, символов]: 3347 -> 3329 (-18)
   + границы[ВСЕГО / перебор, сущностей]: 479 -> 47 (-432)
   + границы[ВСЕГО / перебор, символов]: 3921 -> 458 (-3463)
==============================================================================
ПОСЛЕ: results_baseline.json -> дамп ПОСЛЕ этапа
КРАСНЫХ СТРОК: 11
   - (б) BIK[leak_v2>=6]: 18 -> 20 (+2 сущностей) — рост частичной утечки
   - (б) BIK[leak_v2>=8]: 16 -> 18 (+2 сущностей) — рост частичной утечки
   - (3) FP по негативам: 2 -> 654 (+652), допуск gate_config.FP_TOLERANCE=+0 превышен [вне счёта: CONTRACT_NO — 316 масок, исключены из линии, см. scope_exclusions.py]
   - (г) masking_correctness[B границы / PER]: 84.45% -> 83.52% — границы масок типа УПАЛИ (допуск 0.00пп; агрегат мог вырасти за счёт других типов)
   - (д) over-mask прозы[ORG]: 322 -> 351 (+29 масок) — система закрыла маской текст, который не является ни эталонной сущностью, ни объявленным негативом (порча документа)
   - (д) over-mask прозы[ADDRESS]: 4 -> 5 (+1 масок) — система закрыла маской текст, который не является ни эталонной сущностью, ни объявленным негативом (порча документа)
   - (д) over-mask прозы[PASSPORT_ISSUER]: 451 -> 452 (+1 масок) — система закрыла маской текст, который не является ни эталонной сущностью, ни объявленным негативом (порча документа)
   - (д) over-mask прозы[ВСЕГО]: 2519 -> 2902 (+383 масок)
   - (е) границы[EMAIL / недобор, сущностей]: 60 -> 61 (+1) — часть эталона осталась ОТКРЫТЫМ текстом (утечка)
   - (е) границы[EMAIL / недобор, символов]: 307 -> 313 (+6) — часть эталона осталась ОТКРЫТЫМ текстом (утечка)
   - (з) НАСТРОЙКИ ПО УМОЛЧАНИЮ: 6 случаев НЕ документированы реестром known_default_leaks.json (состав долга подменён): lease_0010__m1337_linebreak INN_PER [3003:3016]; loan_0008__m2718_case ADDRESS [2809:2891]; services_0011__m2718_linebreak INN_PER [3069:3082]; works_0005__m2718_linebreak INN_PER [3224:3237]; works_0011__m2718_linebreak INN_PER [3395:3408]; works_0011__m2718_linebreak PHONE [3030:3046]
УЛУЧШЕНИЙ: 42
   + PER[leak_v2>=6]: 894 -> 615 (-279)
   + PER[leak_v2>=8]: 894 -> 615 (-279)
   + ADDRESS[leak_v2>=6]: 210 -> 195 (-15)
   + ADDRESS[leak_v2>=8]: 210 -> 195 (-15)
   + INN[leak_v2>=6]: 28 -> 5 (-23)
   + INN[leak_v2>=8]: 27 -> 4 (-23)
   + INN_PER[leak_v2>=6]: 33 -> 18 (-15)
   + INN_PER[leak_v2>=8]: 33 -> 18 (-15)
   + OGRN[leak_v2>=6]: 14 -> 12 (-2)
   + OGRN[leak_v2>=8]: 12 -> 10 (-2)
   + KPP[leak_v2>=6]: 16 -> 13 (-3)
   + KPP[leak_v2>=8]: 11 -> 8 (-3)
   + ACCOUNT[leak_v2>=6]: 10 -> 7 (-3)
   + ACCOUNT[leak_v2>=8]: 10 -> 7 (-3)
   + PHONE[leak_v2>=6]: 46 -> 26 (-20)
   + PASSPORT[leak_v2>=6]: 100 -> 90 (-10)
   + PASSPORT[leak_v2>=8]: 88 -> 78 (-10)
   + BIRTHDATE[leak_v2>=6]: 10 -> 7 (-3)
   + BIRTHDATE[leak_v2>=8]: 10 -> 7 (-3)
   + SUM[leak_v2>=6]: 17 -> 6 (-11)
   + TOTAL(BIK-excl)[leak_v2>=6]: 1470 -> 1086 (-384)
   + TOTAL(BIK-excl)[leak_v2>=8]: 1396 -> 1043 (-353)
   + masking_correctness[B границы]: 88.14% -> 88.27%
   + precision[PER]: 99.96% -> 99.97%
   + границы[PER / недобор, сущностей]: 168 -> 166 (-2)
   + границы[PER / недобор, символов]: 1013 -> 983 (-30)
   + границы[PER / перебор, сущностей]: 19 -> 15 (-4)
   + границы[PER / перебор, символов]: 177 -> 155 (-22)
   + границы[ADDRESS / недобор, сущностей]: 111 -> 90 (-21)
   + границы[ADDRESS / недобор, символов]: 1465 -> 1250 (-215)
   + границы[PHONE / недобор, сущностей]: 41 -> 35 (-6)
   + границы[PHONE / недобор, символов]: 295 -> 283 (-12)
   + границы[PASSPORT / недобор, сущностей]: 15 -> 14 (-1)
   + границы[PASSPORT / недобор, символов]: 15 -> 14 (-1)
   + границы[PASSPORT / перебор, сущностей]: 428 -> 0 (-428)
   + границы[PASSPORT / перебор, символов]: 3441 -> 0 (-3441)
   + границы[SUM / недобор, сущностей]: 15 -> 7 (-8)
   + границы[SUM / недобор, символов]: 110 -> 41 (-69)
   + границы[ВСЕГО / недобор, сущностей]: 471 -> 434 (-37)
   + границы[ВСЕГО / недобор, символов]: 3347 -> 3026 (-321)
   + границы[ВСЕГО / перебор, сущностей]: 479 -> 47 (-432)
   + границы[ВСЕГО / перебор, символов]: 3921 -> 458 (-3463)
==============================================================================
ЧИСТАЯ ДЕЛЬТА ЭТАПА: дамп ДО -> дамп ПОСЛЕ
КРАСНЫХ СТРОК: 5
   - (3) FP по негативам: 645 -> 654 (+9), допуск gate_config.FP_TOLERANCE=+0 превышен [вне счёта: CONTRACT_NO — 316 масок, исключены из линии, см. scope_exclusions.py]
   - (г) masking_correctness[B границы / INN]: 87.32% -> 87.26% — границы масок типа УПАЛИ (допуск 0.00пп; агрегат мог вырасти за счёт других типов)
   - (д) over-mask прозы[PASSPORT_ISSUER]: 451 -> 452 (+1 масок) — система закрыла маской текст, который не является ни эталонной сущностью, ни объявленным негативом (порча документа)
   - (д) over-mask прозы[ВСЕГО]: 2897 -> 2902 (+5 масок)
   - (з) НАСТРОЙКИ ПО УМОЛЧАНИЮ: 6 случаев НЕ документированы реестром known_default_leaks.json (состав долга подменён): lease_0010__m1337_linebreak INN_PER [3003:3016]; loan_0008__m2718_case ADDRESS [2809:2891]; services_0011__m2718_linebreak INN_PER [3069:3082]; works_0005__m2718_linebreak INN_PER [3224:3237]; works_0011__m2718_linebreak INN_PER [3395:3408]; works_0011__m2718_linebreak PHONE [3030:3046]
УЛУЧШЕНИЙ: 29
   + ADDRESS[leak_v2>=6]: 212 -> 195 (-17)
   + ADDRESS[leak_v2>=8]: 212 -> 195 (-17)
   + INN[leak_v2>=6]: 28 -> 5 (-23)
   + INN[leak_v2>=8]: 27 -> 4 (-23)
   + INN_PER[leak_v2>=6]: 33 -> 18 (-15)
   + INN_PER[leak_v2>=8]: 33 -> 18 (-15)
   + OGRN[leak_v2>=6]: 14 -> 12 (-2)
   + OGRN[leak_v2>=8]: 12 -> 10 (-2)
   + KPP[leak_v2>=6]: 19 -> 13 (-6)
   + KPP[leak_v2>=8]: 14 -> 8 (-6)
   + ACCOUNT[leak_v2>=6]: 10 -> 7 (-3)
   + ACCOUNT[leak_v2>=8]: 10 -> 7 (-3)
   + PHONE[leak_v2>=6]: 46 -> 26 (-20)
   + PASSPORT[leak_v2>=6]: 140 -> 90 (-50)
   + PASSPORT[leak_v2>=8]: 128 -> 78 (-50)
   + BIRTHDATE[leak_v2>=6]: 8 -> 7 (-1)
   + BIRTHDATE[leak_v2>=8]: 8 -> 7 (-1)
   + SUM[leak_v2>=6]: 17 -> 6 (-11)
   + TOTAL(BIK-excl)[leak_v2>=6]: 1234 -> 1086 (-148)
   + TOTAL(BIK-excl)[leak_v2>=8]: 1160 -> 1043 (-117)
   + masking_correctness[B границы]: 87.90% -> 88.27%
   + границы[ADDRESS / недобор, сущностей]: 111 -> 90 (-21)
   + границы[ADDRESS / недобор, символов]: 1465 -> 1250 (-215)
   + границы[PHONE / недобор, сущностей]: 42 -> 35 (-7)
   + границы[PHONE / недобор, символов]: 302 -> 283 (-19)
   + границы[SUM / недобор, сущностей]: 15 -> 7 (-8)
   + границы[SUM / недобор, символов]: 110 -> 41 (-69)
   + границы[ВСЕГО / недобор, сущностей]: 470 -> 434 (-36)
   + границы[ВСЕГО / недобор, символов]: 3329 -> 3026 (-303)
