============================================================
digit_spaces 27 Counter({'ADDRESS': 11, 'PER': 9, 'ORG': 5, 'SUM': 1, 'PHONE': 1})
   ADDRESS    found=True partial miss=None | '101 0 00 , г. Москва, ш. Пушкина, д. 49, кв. 111'
   ADDRESS    found=True partial miss=None | '101-000, г. Москва, наб. Ленинградская, д. 42, кв. 24'
   ADDRESS    found=True partial miss=None | '101\xa00\xa000, г. Москва, бул. Промышленная, д. 11, кв. 133'
   ADDRESS    found=True partial miss=None | '141 300 , г. Сергиев Посад, бул. Победы, д. 1, кв. 144'
   ADDRESS    found=True partial miss=None | '141 4 00 , г. Химки, ш. Пушкина, д. 50, кв. 55'
   ADDRESS    found=True partial miss=None | '190 0 00 , Краснодарский край, г. Санкт-Петербург, ул. Гагарина, д. 60, корп. 3, литера А, пом. 16, оф. 466'
   ADDRESS    found=True partial miss=None | '190\xa00\xa000\xa0, г. Санкт-Петербург, наб. Ленинградская, д. 61, кв. 43'
   ADDRESS    found=True partial miss=None | '420111 , г. Казань, наб. Профсоюзная, д. 83, кв. 62'
   ADDRESS    found=True partial miss=None | '443-0-10-, г. Самара, просп. Лесная, д. 41, кв. 186'
   ADDRESS    found=True partial miss=None | 'Ростов-на-Дону Промышленная 12/2 кв 50'
   ADDRESS    found=True partial miss=None | 'а/я 63, г. Химки, 141 400'
   ORG        found=True partial miss=None | 'ПАО «Альтаир»'
   ORG        found=True partial miss=None | 'ПАО «Альтаир»'
   ORG        found=True partial miss=None | 'ПАО «Альтаир»'
   ORG        found=True partial miss=None | 'ПАО «Альтаир»'
   ORG        found=True partial miss=None | 'ПАО Альтаир'
   PER        found=False full miss=nothing | 'Ли Вэй'
   PER        found=False partial miss=wrong_type:ORG | 'Тер-Петросян Артур Ашотович'
   PER        found=False partial miss=wrong_type:ORG | 'Тер-Петросян Артур Ашотович'
   PER        found=True full miss=None | 'Ли Вэй'
   PER        found=True full miss=None | 'Ли Вэй'
   PER        found=True partial miss=None | 'ТЕР-ПЕТРОСЯН АРТУР АШОТОВИЧ'
   PER        found=True partial miss=None | 'Тер-Петросян А. А.'
   PER        found=True partial miss=None | 'Тер-Петросян А. А.'
   PER        found=True partial miss=None | 'Тер-Петросян Артур Ашотович'
   PHONE      found=False full miss=nothing | '383- 240993-2'
   SUM        found=True partial miss=None | '595 430-,00 руб.'
============================================================
homoglyph 41 Counter({'ADDRESS': 16, 'ORG': 15, 'PASSPORT': 4, 'PER': 3, 'PHONE': 3})
   ADDRESS    found=True partial miss=None | '143400, г. Красногopсk, пpосп. Космонавтов, д. 47, кв. 3'
   ADDRESS    found=True partial miss=None | '1Ч3000, Лeнинградckая обл., г. Одинцово, ул. Ленина, вл. 80, стр. 5, пом. VII'
   ADDRESS    found=True partial miss=None | '394000, г. Воронеж, бул. Сaдовaя, д. 84, кв. 36'
   ADDRESS    found=True partial miss=None | '620014, г. Еkатеринбуpг, ул. Cоветская, д. 2О, кв. 73'
   ADDRESS    found=True partial miss=None | '62001Ч, г. Екатеринбург, пер. Лeснaя, д. З5, кв. 79'
   ADDRESS    found=True partial miss=None | 'Tвеpcкaя обл., Дмитровский р-н, 29 км автодороги М-8 «Дон», стр. 3'
   ADDRESS    found=True partial miss=None | 'Вopонеж Кирова Ч1/3 кв 1б'
   ADDRESS    found=True partial miss=None | 'Новосибирсkая oбл., Hарo-Фоминский р-н, 53 км автодороги М-6 «Дон», стр. 6'
   ADDRESS    found=True partial miss=None | 'Свepдловская обл., Дmитpовский р-н, 75 км автодороги М-1 «Дон», стр. 1'
   ADDRESS    found=True partial miss=None | 'Свеpдловсkая oбл., Ленинский p-н, 89 км автодороги М-8 «Дон», стр. 6'
   ADDRESS    found=True partial miss=None | 'Сергиев Пoсад  Лeнингpадcкая 31'
   ADDRESS    found=True partial miss=None | 'б03О00, Краснодарсkий кpай, г. Нижний Новгород, бул. Полевая, вл. 61, стр. 1, пом. VII'
   ADDRESS    found=True partial miss=None | 'б200І4, Свердловcкaя обл., г. Екатеринбург, ш. Полевая, вл. 35, стр. 4, пом. VII'
   ADDRESS    found=True partial miss=None | 'б30О99, г. Hoвосибирск, наб. Гагарина, д. 58, кв. 56'
   ADDRESS    found=True partial miss=None | 'бОЗ000, Крaснодарский край, г. Нижний Новгород, пер. Кирова, вл. 35, стр. 3, пом. VII'
   ADDRESS    found=True partial miss=None | 'просп. Оkтябpьскaя, д. 3б, д. Малые Вязёмы, Новосибирская обл.'
   ORG        found=False full miss=nothing | 'Пeтрoв Kонсалтинг'
   ORG        found=False full miss=nothing | 'Петpов Конcалтинг'
   ORG        found=True partial miss=None | 'OOO «Логистик Групп»'
   ORG        found=True partial miss=None | 'ОOO «Bасилёk»'
   ORG        found=True partial miss=None | 'ОOO «Лoгистиk Групп»'
   ORG        found=True partial miss=None | 'ООО «Ваcилёk»'
   ORG        found=True partial miss=None | 'ПAO «Вekтор»'
   ORG        found=True partial miss=None | 'ПAО «TеxнoПром»'
   ORG        found=True partial miss=None | 'ПAО «Атлант»'
   ORG        found=True partial miss=None | 'ПAО «Атлант»'
   ORG        found=True partial miss=None | 'ПAО «Заря»'
   ORG        found=True partial miss=None | 'ПAО «ТехноПром»'
   ORG        found=True partial miss=None | 'ПАO «Bеkтоp»'
   ORG        found=True partial miss=None | 'ПАО «3aря»'
   ORG        found=True partial miss=None | 'ПАО Веkтор'
   PASSPORT   found=False full miss=nothing | '078-бЧО'
   PASSPORT   found=False full miss=nothing | '6І6-ЗОб'
   PASSPORT   found=False full miss=nothing | 'бІб-З06'
   PASSPORT   found=True full miss=None | 'О78-6Ч0'
   PER        found=False full miss=nothing | '3айцев А. П.'
   PER        found=False full miss=nothing | 'С. П. 3айцев'
   PER        found=True partial miss=None | 'Пчела\nЕкатepинa Олeговна'
   PHONE      found=False full miss=nothing | '+7 499 ІОЧ 39 35'
   PHONE      found=False full miss=nothing | 'З83 589Ч02І'
   PHONE      found=False partial miss=nothing | '+7 (499) ЗЗб-31-50'
============================================================
invisible 39 Counter({'PER': 18, 'ADDRESS': 6, 'PASSPORT': 6, 'ORG': 5, 'SUM': 2, 'PHONE': 2})
   ADDRESS    found=True partial miss=None | '141300, \xadг. Сергиев Посад, п\xa0росп. Баумана, д.\u2060 34, кв. 52'
   ADDRESS    found=True partial miss=None | '420111, Тверская обл., г.\u202f Казань\xad, бул. Профсою\u2060зная, вл. 23, стр. 4, пом. VII'
   ADDRESS    found=True partial miss=None | '620014,\xad г. Екатеринбур\u202fг, на\u2060б. Садовая, д. 36, кв. 50'
   ADDRESS    found=True partial miss=None | 'Ростов-на-Дону Промышленная 1\u20602/2 кв\xa0 \u200b50'
   ADDRESS    found=True partial miss=None | 'Химки, \u202fБаум\xa0ана 12'
   ADDRESS    found=True partial miss=None | 'а/я 93, \xa0г. Се\u2060рг\u202fиев Посад, 141300'
   ORG        found=False full miss=nothing | 'Петров К\u200bонсалт\u202fинг'
   ORG        found=False full miss=nothing | 'Петро\u2060в Ко\xa0нсалтинг'
   ORG        found=True full miss=None | 'Петров\u200d Консалт\u202fинг'
   ORG        found=True partial miss=None | 'П\xa0АО «Вект\u2060ор»'
   ORG        found=True partial miss=None | 'ПАО\xad «Вектор\u202f»'
   PASSPORT   found=False full miss=nothing | '12 25 \u20609987\u200b58'
   PASSPORT   found=False full miss=nothing | '708-\u200b657'
   PASSPORT   found=False full miss=nothing | '907-10\u200b8'
   PASSPORT   found=True full miss=None | '12 25 99\u202f87\u200b58'
   PASSPORT   found=True full miss=None | '70\xa08-657'
   PASSPORT   found=True full miss=None | '907-10\xad8'
   PER        found=False full miss=nothing | 'А.\xad М. Белка'
   PER        found=False full miss=nothing | 'Белка \u2060А. М.'
   PER        found=False full miss=nothing | 'Белкы А\u202fнны \u202fМихайл\xa0овны'
   PER        found=False full miss=nothing | 'Й. д\u202fе Врис'
   PER        found=False full miss=nothing | 'Й\u200d. де Врис'
   PER        found=False full miss=nothing | 'Ли В\u2060эй'
   PER        found=False full miss=nothing | 'д\xadе Вриса Й\u200bохана'
   PER        found=False full miss=nothing | 'де Врис Й\xad.'
   PER        found=False full miss=nothing | 'де Вриса Й\xadох\u202fана'
   PER        found=False full miss=nothing | 'де Вр\u200bис Й.'
   PER        found=False full miss=nothing | 'де\u200d В\u200bрис Йох\xadан'
   PER        found=False full miss=nothing | 'де\u2060 Врис \u200bЙохaн'
   PER        found=True full miss=None | 'Ли\n\u2060Вэй'
   PER        found=True full miss=None | 'Ли В\u200bэй'
   PER        found=True full miss=None | 'Ли \u2060Вэй'
   PER        found=True partial miss=None | 'Ли Вэ\u200dю'
   PER        found=True partial miss=None | 'С\u200bиницы Анны А\u2060лексеев\u202fны'
   PER        found=True partial miss=None | 'С\u200dини\u2060цы\xa0 Анны Алексеевны'
   PHONE      found=False full miss=nothing | '383 240\u200b9932'
   PHONE      found=False full miss=nothing | '499 1144\xad829'
   SUM        found=True partial miss=None | '843 536,00 \xa0р\u200bуб.'
   SUM        found=True partial miss=None | '854 498,\u200d00 \xa0руб.'
