ЭТАП DESKTOP-FIT — замер раскладки на разных размерах окна.
Дата: 2026-08-19. Прибор: experiments/desktop_fit_layout_probe.py
Ищется один класс беды: содержимое, которое не помещается И не прокручивается,
то есть срезано и человеку недоступно.

########## ДО ПРАВКИ (app/index.html на коммите 1f00879 «дизайн») ##########

[BUILD_MARK=build-20260729]
сервер: http://127.0.0.1:8765/

=== окно владельца (рабочая область 1280x680): видимая область 1266x643 ===
  1 · Обезличить       — помещается
  2 · Вернуть данные   — помещается
  Аналитика            — помещается
  Что хранится         — помещается
  Что прятать          — помещается

=== ноутбук 1366x768: видимая область 1349x731 ===
  1 · Обезличить       — помещается
  2 · Вернуть данные   — помещается
  Аналитика            — помещается
  Что хранится         — помещается
  Что прятать          — помещается

=== маленький ноутбук 1024x600: видимая область 1004x563 ===
  1 · Обезличить       — помещается
  2 · Вернуть данные   — помещается
  Аналитика            — помещается
  Что хранится         — помещается
  Что прятать          — помещается

=== монитор 1920x1080: видимая область 1906x1043 ===
  1 · Обезличить       — помещается
  2 · Вернуть данные   — помещается
  Аналитика            — помещается
  Что хранится         — помещается
  Что прятать          — помещается

=== низкое окно 500 px — предел раскладки: видимая область 1266x500 ===
  1 · Обезличить       — помещается
  2 · Вернуть данные   — помещается
  Аналитика            — помещается
  Что хранится         — помещается
  Что прятать          — помещается

=== очень низкое окно 400 px: видимая область 1266x400 ===
  1 · Обезличить       — помещается
  2 · Вернуть данные   — помещается
  Аналитика            — помещается
  Что хранится         — помещается
  Что прятать          — помещается

=== ЭКРАН ПРОВЕРКИ · окно владельца (рабочая область 1280x680): 1266x643 ===
  СРЕЗАНО, страница теряет 880 px
      body#.  теряет 880 px  (overflow-y: hidden)
      main#.  теряет 912 px  (overflow-y: visible)
      section#scr-ver.screen active  теряет 912 px  (overflow-y: visible)
  счётчик найденного: видно целиком (высота 33); обезличенный текст: срезано снизу на 769 px (высота 1169); список замен: видно целиком (высота 0); два текста рядом: срезано снизу на 770 px (высота 1223); кнопки под текстами: НЕТ В DOM

=== ЭКРАН ПРОВЕРКИ · ноутбук 1366x768: 1349x731 ===
  СРЕЗАНО, страница теряет 809 px
      body#.  теряет 809 px  (overflow-y: hidden)
      main#.  теряет 841 px  (overflow-y: visible)
      section#scr-ver.screen active  теряет 841 px  (overflow-y: visible)
  счётчик найденного: видно целиком (высота 33); обезличенный текст: срезано снизу на 697 px (высота 1169); список замен: видно целиком (высота 0); два текста рядом: срезано снизу на 698 px (высота 1223); кнопки под текстами: НЕТ В DOM

=== ЭКРАН ПРОВЕРКИ · маленький ноутбук 1024x600: 1004x563 ===
  СРЕЗАНО, страница теряет 1028 px
      body#.  теряет 1028 px  (overflow-y: hidden)
      main#.  теряет 1060 px  (overflow-y: visible)
      section#scr-ver.screen active  теряет 1060 px  (overflow-y: visible)
  счётчик найденного: видно целиком (высота 33); обезличенный текст: срезано снизу на 917 px (высота 1194); список замен: видно целиком (высота 0); два текста рядом: срезано снизу на 918 px (высота 1248); кнопки под текстами: НЕТ В DOM

=== ЭКРАН ПРОВЕРКИ · монитор 1920x1080: 1906x1043 ===
  СРЕЗАНО, страница теряет 587 px
      body#.  теряет 587 px  (overflow-y: hidden)
      main#.  теряет 620 px  (overflow-y: visible)
      section#scr-ver.screen active  теряет 620 px  (overflow-y: visible)
  счётчик найденного: видно целиком (высота 33); обезличенный текст: срезано снизу на 507 px (высота 1144); список замен: срезано снизу на 447 px (высота 1062); два текста рядом: срезано снизу на 508 px (высота 1198); кнопки под текстами: НЕТ В DOM

=== ЭКРАН ПРОВЕРКИ · низкое окно 500 px — предел раскладки: 1266x500 ===
  СРЕЗАНО, страница теряет 1023 px
      body#.  теряет 1023 px  (overflow-y: hidden)
      main#.  теряет 1055 px  (overflow-y: visible)
      section#scr-ver.screen active  теряет 1055 px  (overflow-y: visible)
  счётчик найденного: видно целиком (высота 33); обезличенный текст: срезано снизу на 912 px (высота 1169); список замен: видно целиком (высота 0); два текста рядом: срезано снизу на 913 px (высота 1223); кнопки под текстами: НЕТ В DOM

=== ЭКРАН ПРОВЕРКИ · очень низкое окно 400 px: 1266x400 ===
  СРЕЗАНО, страница теряет 1123 px
      body#.  теряет 1123 px  (overflow-y: hidden)
      main#.  теряет 1155 px  (overflow-y: visible)
      section#scr-ver.screen active  теряет 1155 px  (overflow-y: visible)
  счётчик найденного: видно целиком (высота 33); обезличенный текст: срезано снизу на 1012 px (высота 1169); список замен: видно целиком (высота 0); два текста рядом: срезано снизу на 1013 px (высота 1223); кнопки под текстами: НЕТ В DOM

########## ПОСЛЕ ПРАВКИ (#scr-ver>.card — колонка; экран прокручивается) ##########

[BUILD_MARK=build-20260729]
сервер: http://127.0.0.1:8765/

=== окно владельца (рабочая область 1280x680): видимая область 1266x643 ===
  1 · Обезличить       — помещается
  2 · Вернуть данные   — помещается
  Аналитика            — помещается
  Что хранится         — помещается
  Что прятать          — помещается

=== ноутбук 1366x768: видимая область 1349x731 ===
  1 · Обезличить       — помещается
  2 · Вернуть данные   — помещается
  Аналитика            — помещается
  Что хранится         — помещается
  Что прятать          — помещается

=== маленький ноутбук 1024x600: видимая область 1004x563 ===
  1 · Обезличить       — помещается
  2 · Вернуть данные   — помещается
  Аналитика            — помещается
  Что хранится         — помещается
  Что прятать          — помещается

=== монитор 1920x1080: видимая область 1906x1043 ===
  1 · Обезличить       — помещается
  2 · Вернуть данные   — помещается
  Аналитика            — помещается
  Что хранится         — помещается
  Что прятать          — помещается

=== низкое окно 500 px — предел раскладки: видимая область 1266x500 ===
  1 · Обезличить       — помещается
  2 · Вернуть данные   — помещается
  Аналитика            — помещается
  Что хранится         — помещается
  Что прятать          — помещается

=== очень низкое окно 400 px: видимая область 1266x400 ===
  1 · Обезличить       — помещается
  2 · Вернуть данные   — помещается
  Аналитика            — помещается
  Что хранится         — помещается
  Что прятать          — помещается

=== ЭКРАН ПРОВЕРКИ · окно владельца (рабочая область 1280x680): 1266x643 ===
  помещается
  счётчик найденного: видно целиком (высота 33); обезличенный текст: видно целиком (высота 247); список замен: видно целиком (высота 0); два текста рядом: видно целиком (высота 300); кнопки под текстами: НЕТ В DOM

=== ЭКРАН ПРОВЕРКИ · ноутбук 1366x768: 1349x731 ===
  помещается
  счётчик найденного: видно целиком (высота 33); обезличенный текст: видно целиком (высота 318); список замен: видно целиком (высота 0); два текста рядом: видно целиком (высота 372); кнопки под текстами: НЕТ В DOM

=== ЭКРАН ПРОВЕРКИ · маленький ноутбук 1024x600: 1004x563 ===
  помещается
  счётчик найденного: видно целиком (высота 33); обезличенный текст: видно целиком (высота 124); список замен: видно целиком (высота 0); два текста рядом: видно целиком (высота 177); кнопки под текстами: НЕТ В DOM

=== ЭКРАН ПРОВЕРКИ · монитор 1920x1080: 1906x1043 ===
  помещается
  счётчик найденного: видно целиком (высота 33); обезличенный текст: видно целиком (высота 515); список замен: видно целиком (высота 433); два текста рядом: видно целиком (высота 568); кнопки под текстами: НЕТ В DOM

=== ЭКРАН ПРОВЕРКИ · низкое окно 500 px — предел раскладки: 1266x500 ===
  помещается
  счётчик найденного: видно целиком (высота 33); обезличенный текст: видно целиком (высота 107); список замен: видно целиком (высота 0); два текста рядом: видно целиком (высота 160); кнопки под текстами: НЕТ В DOM

=== ЭКРАН ПРОВЕРКИ · очень низкое окно 400 px: 1266x400 ===
  помещается
  счётчик найденного: видно целиком (высота 33); обезличенный текст: видно целиком (высота 107); список замен: видно целиком (высота 0); два текста рядом: видно целиком (высота 160); кнопки под текстами: НЕТ В DOM
