# python experiments/instr_seam_maskb_by_type.py <дамп ДО правки прибора> <дамп ПОСЛЕ>
# «ДО» = tests/corpus/results_gate_current.json из коммита 8de62de
masking B ПО ТИПАМ — точка отсчёта | СТАРЫЙ прибор | НОВЫЙ прибор
тип                     ТОЧКА ОТСЧЁТА               СТАРЫЙ                НОВЫЙ   дельта
------------------------------------------------------------------------------------------
ACCOUNT              88.80% (650/732)     87.87% (652/742)     99.46% (738/742)   +11.59
ADDRESS            85.55% (1101/1287)   87.16% (1120/1285)   91.60% (1177/1285)    +4.44
BIK                  93.29% (417/447)     91.93% (433/471)     99.58% (469/471)    +7.64
BIRTHDATE            87.01% (201/231)     83.47% (202/242)     98.35% (238/242)   +14.88
DATE                          — (0/0)        100.00% (1/1)        100.00% (1/1)    +0.00
EMAIL                84.49% (599/709)     84.98% (628/739)     91.75% (678/739)    +6.77
INN                  86.48% (275/318)     87.26% (315/361)     98.34% (355/361)   +11.08
INN_PER              85.46% (582/681)     85.45% (593/694)     97.26% (675/694)   +11.82
KPP                  97.80% (222/227)     91.73% (233/254)     98.03% (249/254)    +6.30
OGRN                 93.76% (391/417)     93.40% (396/424)     99.06% (420/424)    +5.66
ORG                  92.23% (760/824)     92.43% (782/846)     93.85% (794/846)    +1.42
PASSPORT             90.97% (756/831)     83.24% (785/943)     98.52% (929/943)   +15.27
PER                84.45% (2325/2753)   83.49% (2442/2925)   94.77% (2772/2925)   +11.28
PHONE              88.34% (1030/1166)   89.27% (1098/1230)   96.91% (1192/1230)    +7.64
SNILS                87.39% (208/238)     85.25% (208/244)    100.00% (244/244)   +14.75
SUM                  96.74% (623/644)     97.99% (635/648)     98.92% (641/648)    +0.93
------------------------------------------------------------------------------------------
АГРЕГАТ           88.14% (10140/11505)  87.34% (10523/12049)  96.04% (11572/12049)    +8.71

НИЖЕ ТОЧКИ ОТСЧЁТА НОВЫМ прибором (настоящая порча границ, если есть):
  НЕТ НИ ОДНОГО

masking C: 11606/12049 (96.32%) -> 11606/12049 (96.32%)  — разница 0 записей
линия «б»: фрагментов утечки 1311; из них состоящих ТОЛЬКО из '\n'/'\t': 0
