##### agency_0010__m2718_linebreak
  == сегмент p3 :: 'г. Одинцо\nво     «14» января 2023 г.'
     ремонт: 'г. Одинцово     «14» января 2023 г.'
  [covers] прогон [62] уже накрыт основным проходом :: '\nва Е. О., ИНН 9375532509\n15, именуемая в дальнейш'
  [covers] прогон [199] уже накрыт основным проходом :: 'ой стороны, и ИП Попов О.\n О., ИНН 7158\n23370604, '
  [covers] прогон [213] уже накрыт основным проходом :: 'ИП Попов О.\n О., ИНН 7158\n23370604, именуемый в да'
  == сегмент p5 :: 'Индивидуальный предприниматель Морозо\nва Е. О., ИНН 9375532509\n15, именуемая в дальнейшем '
     ремонт: 'Индивидуальный предприниматель Морозова Е. О., ИНН 9375532509\n15, именуемая в дальнейшем «Агент», действующая на основан'
     ORG          'Индивидуальный предприниматель Морозова Е. О.' ОТКАЗ: detector=ner не regex/не маскируемый
  == сегмент p13 :: '2. ЦЕНА И ПОР\nЯДОК РАСЧЁТОВ'
     ремонт: '2. ЦЕНА И ПОРЯДОК РАСЧЁТОВ'
  == сегмент p14 :: '2.1. Общая цена Договора составляет 732\n 589,00 руб., в том числе НДС 20 %.'
     ремонт: '2.1. Общая цена Договора составляет 732 589,00 руб., в том числе НДС 20 %.'
     SUM          '732 589,00 руб.' ОТКАЗ: страж поглощения
  == сегмент p15 :: '2.2\n. Товар п\nоставляется в соответствии с ГОСТ 7.32-2017, артикул RM-4227-51, код ОКВЭД 4'
     ремонт: '2.2. Товар поставляется в соответствии с ГОСТ 7.32-2017, артикул RM-4227-51, код ОКВЭД 46.90. Оплата по КБК 182101010110'
  == сегмент p17 :: '3. МЕСТ\nО И СРОКИ ИСПОЛНЕНИЯ'
     ремонт: '3. МЕСТО И СРОКИ ИСПОЛНЕНИЯ'
  [covers] прогон [41] уже накрыт основным проходом :: 'нения обязательств: 39400\n0, Республика Татарстан,'
  [covers] прогон [38] уже накрыт основным проходом :: 'ния направляются Попову О\nлегу Олеговичу по телефо'
  == сегмент p21 :: '4. ПРОЧИЕ УСЛ\nОВИЯ'
     ремонт: '4. ПРОЧИЕ УСЛОВИЯ'
  == сегмент p22 :: '4.1. Стороны несут ответ\nственность за неисполнение или ненадлежащее исполнение обязательс'
     ремонт: '4.1. Стороны несут ответственность за неисполнение или ненадлежащее исполнение обязательств в соответствии с законодател'
  == сегмент p25 :: '4.4. Сторона, для которой создалась невозможность исполнения, обязана уведомить другую Сто'
     ремонт: '4.4. Сторона, для которой создалась невозможность исполнения, обязана уведомить другую Сторону в течение 5 (пяти) рабочи'
     TERM         'в течение 5 (пяти) рабочих дней с даты наступления таких обстоятельств' ОТКАЗ: страж поглощения
  [covers] прогон [19] уже накрыт основным проходом :: 'подписано поповым о\nлегом олеговичем'
  [covers] прогон [75] уже накрыт основным проходом :: 'вет подписывается Поповым\n Олегом Олеговичем; инте'
  [covers] прогон [185] уже накрыт основным проходом :: 'ич; копия вручается Попов\n О. О. лично.'
  == сегмент p31 :: 'Претензии направляются Поп\nову Олегу Олеговичу; ответ подписывается Поповым\n Олегом Олегов'
     ремонт: 'Претензии направляются Попову Олегу Олеговичу; ответ подписывается Поповым\n Олегом Олеговичем; интересы Попова Олега Оле'
     PERSON       'Попову Олегу Олеговичу' ПРИНЯТО
     PERSON       'Попова Олега Олеговича' ПРИНЯТО
     PERSON       'Попов Олег Олегович' ПРИНЯТО
  [covers] прогон [87] уже накрыт основным проходом :: 'тель Морозова Екатерина О\nлеговна\nАдрес регистраци'
  [covers] прогон [135] уже накрыт основным проходом :: 'ции: 101000, Краснодарски\nй край, г. Москва, пер. '
  [covers] прогон [237] уже накрыт основным проходом :: '0915 ОГРНИП 3693442683694\n40\nр/\nс 40802810205\n1014'
  == сегмент t0_r0_c0 :: 'Агент:\nМорозо\nва Екатерина Олеговна\nИндивидуальный предприниматель Морозова Екатерина О\nле'
     ремонт: 'Агент:\nМорозова Екатерина ОлеговнаИндивидуальный предприниматель Морозова Екатерина О\nлеговнаАдрес регистрации: 101000, '
     INN_PERSON   '937553250915' ПРИНЯТО
     EMAIL        'morozova@romashka.ru' ПРИНЯТО
     PERSON       'Морозова Екатерина' ПРИНЯТО
     PERSON       'Морозова Е. О.' ПРИНЯТО
  [covers] прогон [30] уже накрыт основным проходом :: 'ципал:\nХимки, Ленинградск\nая 36\nИндивидуальный пре'
  [covers] прогон [73] уже накрыт основным проходом :: 'ный предприниматель Попов\n Олег Олегович\nАдрес рег'
  [covers] прогон [196] уже накрыт основным проходом :: ' 2, пом. VII\nИНН 71582337\n0604 ОГРНИП 327081120288'
  [covers] прогон [221] уже накрыт основным проходом :: '\n0604 ОГРНИП 327081120288\n910\nр/с 40802810717011\n2'
  [covers] прогон [244] уже накрыт основным проходом :: '88\n910\nр/с 40802810717011\n235378 в ПАО «Совкомбанк'
  == сегмент t0_r0_c1 :: 'При\nнципал:\nХимки, Ленинградск\nая 36\nИндивидуальный предприниматель Попов\n Олег Олегович\nА'
     ремонт: 'Принципал:\nХимки, Ленинградск\nая 36Индивидуальный предприниматель Попов\n Олег ОлеговичАдрес регистрации: 141400, Московс'
     PHONE        '+7 (499) 561-35-13' ПРИНЯТО
     EMAIL        'popov@list.ru' ПРИНЯТО
     PHONE        '+7 (499) 561-35-13' ПРИНЯТО
     PERSON       'Попов О. О.' ПРИНЯТО
  == сегмент p37 :: 'Агент: _______________ /Моро\nзова Е. О./'
     ремонт: 'Агент: _______________ /Морозова Е. О./'
     PERSON       'Морозова Е. О.' ПРИНЯТО
  [covers] прогон [35] уже накрыт основным проходом :: ' _______________ /Попов О\n. О./'
