  ОТКАЗ PASSPORT     '704-068'                    слева: 'осковской обл. 10.12.2018, код подразделения '
  ОТКАЗ PASSPORT     '704-068'                    слева: '2018, код подразделения '
  ОТКАЗ PASSPORT     '787-280'                    слева: 'и по г. Москве 04.06.2006, код подразделения '
  ОТКАЗ PASSPORT     '787-280'                    слева: 'и по г. Москве 04.06.2006, код подразделения '
  ОТКАЗ PHONE        '881-100-601 67'             слева: 'СНИЛС '
  ОТКАЗ PASSPORT     '926-827'                    слева: 'аволжском р-не 19.06.2016, код подразделения '
  ОТКАЗ PASSPORT     '117-815'                    слева: 'и по г. Москве 23.07.2010, код подразделения '
  ОТКАЗ PHONE        '812 4528997'                слева: 'Богданову Владимиру Никол\nаевичу по телефону '
  ОТКАЗ PASSPORT     '926-827'                    слева: 'аволжском р-не 19.06.2016, код подразделения '
  ОТКАЗ PASSPORT     '117-815'                    слева: 'и по г. Москве 23.07.2010, код подразделения '
  ОТКАЗ PHONE        '8-499-661-94-74'            слева: 'Тел. склада: '
  ОТКАЗ PASSPORT     '356-324'                    слева: 'осковской обл. 18.04.2004, код подразделения '
  ОТКАЗ INN          '3478735100'                 слева: 'аир ИНН '
  ОТКАЗ INN_PERSON   '030292728066'               слева: '26 97 ИНН '
  ОТКАЗ OGRN         '1903722719131'              слева: 'ОГРН '
  ОТКАЗ KPP          '437854479'                  слева: '78735100 КПП '
  ОТКАЗ KPP          '437854479'                  слева: '35100 КПП '
  ОТКАЗ PASSPORT     '272-910'                    слева: 'и по г. Москве 15.07.2011, код подразделения '
  ОТКАЗ PASSPORT     '272-910'                    слева: 'и по г. Москве 15.07.2011, код подразделения '
  ОТКАЗ PHONE        '83832876265'                слева: 'л '
  ОТКАЗ PASSPORT     '567-240'                    слева: 'осковской обл. 03.05.2002, код подразделения '
  ОТКАЗ PASSPORT     '567-240'                    слева: 'осковской обл. 03.05.2002, код подразделения '
  ОТКАЗ PASSPORT     '347-995'                    слева: 'осковской обл. 24.02.2004, код подразделения '
  ОТКАЗ PASSPORT     '347-995'                    слева: 'осковской обл. 24.02.2004, код подразделения '
  ОТКАЗ INN          '4916046281'                 слева: 'ИНН '
  ОТКАЗ INN_PERSON   '732366993586'               слева: '-317 75 ИНН '
  ОТКАЗ PASSPORT     '998-988'                    слева: 'и по г. Москве 22.07.2020, код подразделения '
  ОТКАЗ PASSPORT     '998-988'                    слева: 'и по г. Москве 22.07.2020, код подразделения '
  ОТКАЗ PASSPORT     '117-042'                    слева: 'осковской обл. 13.05.2003, код подразделения '
  ОТКАЗ PASSPORT     '117-042'                    слева: 'осковской обл. 13.05.2003, код подразделения '
  ОТКАЗ INN_PERSON   '361220201569'               слева: 'ИП Попов Павел Петрович, ИНН '
  ОТКАЗ INN_PERSON   '417855050890'               слева: 'дуальный предприниматель Лебедев А\n. Д., ИНН '
  ОТКАЗ INN_PERSON   '361220201569'               слева: ' Пермь, просп. Октябрьская, д. 82, кв. 24ИНН '
  ОТКАЗ INN_PERSON   '417855050890'               слева: 'Вор\nонеж, ул. Кутузовский, д. 63, кв. 177ИНН '
  ОТКАЗ OGRN         '363350845165794'            слева: 'ИП '
  ОТКАЗ PASSPORT     '777-183'                    слева: 'осковской обл. 02.12.2009, код подразделения '
  ОТКАЗ PASSPORT     '777-183'                    слева: 'осковской обл. 02.12.2009, код подразделения '
  ОТКАЗ PHONE        '809-753-626 40'             слева: 'СНИЛС '
  ОТКАЗ PASSPORT     '046-177'                    слева: 'и по г. Москве 16.02.2020, код подразделения '
  ОТКАЗ PASSPORT     '046-177'                    слева: 'и по г. Москве 16.02.2020, код подразделения '
  ОТКАЗ PASSPORT     '448-818'                    слева: 'осковской обл. 16.06.2012, код подразделения '
  ОТКАЗ PASSPORT     '094-925'                    слева: 'во»\n г. Москвы 07.02.2008, код подразделения '
  ОТКАЗ PASSPORT     '448-818'                    слева: 'осковской обл. 16.06.2012, код подразделения '
  ОТКАЗ PASSPORT     '094-925'                    слева: 'ёво» г. Москвы 07.02.2008, код подразделения '
  ОТКАЗ INN_PERSON   '206283390845'               слева: 'НН '
  ОТКАЗ PASSPORT     '865-710'                    слева: 'и по г. Москве 26.03.2019, код подразделения '
  ОТКАЗ PASSPORT     '865-710'                    слева: 'и по г. Москве 26.03.2019, код подразделения '
  ОТКАЗ INN_PERSON   '390311240192'               слева: 'ва И. И., ИНН '
  ОТКАЗ INN_PERSON   '171132624221'               слева: '56 21 ИНН '
  ОТКАЗ OGRN         '338678606310851'            слева: '0192 ОГРНИП '
  ОТКАЗ PASSPORT     '808-581'                    слева: 'аволжском р-не 21.11.2018, код подразделения '
  ОТКАЗ INN          '07 23 184021'               слева: 'Сем\nёнов Николай Юрьевич, паспорт '
  ОТКАЗ PASSPORT     '906-655'                    слева: 'осковской обл. 22.07.2004, код подразделения '
  ОТКАЗ PASSPORT     '306-387'                    слева: 'аволжском р-не 15.05.2020, код подразделения '
  ОТКАЗ INN          '07 23 184021'               слева: 'истрации: Химки Строителей 49/2 кв 83Паспорт '
  ОТКАЗ PASSPORT     '906-655'                    слева: 'осковской обл. 22.07.2004, код подразделения '
  ОТКАЗ PASSPORT     '306-387'                    слева: 'аволжском р-не 15.05.2020, код подразделения '
  ОТКАЗ PASSPORT     '479-259'                    слева: 'осковской обл. 05.09.2005, код подразделения '
  ОТКАЗ PASSPORT     '582-034'                    слева: 'ёво» г. Москвы 23.03.2013, код подразделения '
  ОТКАЗ PASSPORT     '479-259'                    слева: 'осковской обл. 05.09.2005, код подразделения '
  ОТКАЗ PASSPORT     '582-034'                    слева: 'ёво» г. Москвы 23.03.2013, код подразделения '
  ОТКАЗ PASSPORT     '116-752'                    слева: 'Москве 23.06.2010, код подразделения '
  ОТКАЗ PASSPORT     '116-752'                    слева: 'и по г. Москве 23.06.2010, код подразделения '
  ОТКАЗ INN          '6785881178'                 слева: 'ИНН '
  ОТКАЗ INN_PERSON   '548946159827'               слева: '-277 54 ИНН '
  ОТКАЗ OGRN         '1344009759270'              слева: 'ОГРН '
  ОТКАЗ KPP          '582579926'                  слева: '5881178 КПП '
  ОТКАЗ PASSPORT     '714-857'                    слева: '.12.2018, код подразделения '
  ОТКАЗ PASSPORT     '714-857'                    слева: 'код подразделения '
  ОТКАЗ PASSPORT     '018-927'                    слева: 'ёво» г. Москвы 11.03.2002, код подразделения '
  ОТКАЗ PASSPORT     '798-238'                    слева: 'в\nо» г. Москвы 19.08.2019, код подразделения '
  ОТКАЗ PASSPORT     '018-927'                    слева: 'ёво» г. Москвы 11.03.2002, код подразделения '
  ОТКАЗ PASSPORT     '798-238'                    слева: 'ёво» г. Москвы 19.08.2019, код подразделения '
  ОТКАЗ PHONE        '70 15 963951'               слева: ' тер. СНТ «Родник», Свердловская обл.Паспорт '
  ОТКАЗ KPP          '789904579'                  слева: '16803309 КПП '
  ОТКАЗ PASSPORT     '051-237'                    слева: 'осковской обл. 11.11.2014, код подразделения '
  ОТКАЗ PASSPORT     '051-237'                    слева: 'кой обл. 11.11.2014, код подразделения '
  ОТКАЗ INN          '84 02 932671'               слева: 'олаевна, паспорт '
  ОТКАЗ INN          '84 02 932671'               слева: 'Паспорт '
  ОТКАЗ PASSPORT     '707-748'                    слева: 'ёво» г. Москвы 04.09.2017, код подразделения '
  ОТКАЗ KPP          '869314006'                  слева: '74693 КПП '
  ОТКАЗ PASSPORT     '061-662'                    слева: '2003, код подразделения '
  ОТКАЗ INN_PERSON   '320214436879'               слева: 'ИНН '
  ОТКАЗ INN_PERSON   '005735285458'               слева: '-328 73 ИНН '
  ОТКАЗ OGRN         '359366332881608'            слева: '214436879 ОГРНИП '
  ОТКАЗ PASSPORT     '683-381'                    слева: '017, код подразделения '
  ОТКАЗ PASSPORT     '683-381'                    слева: 'ёво» г. Москвы 27.04.2017, код подразделения '
  ОТКАЗ PHONE        '879-362-328 73'             слева: 'СНИЛС '
  ОТКАЗ INN          '20 17 088328'               слева: 'каров Роман Егорович, паспорт '
  ОТКАЗ INN          '20 17 088328'               слева: 'Паспорт '
  ОТКАЗ INN_PERSON   '277340727414'               слева: 'ИНН '
  ОТКАЗ INN_PERSON   '165761330524'               слева: '6 34 ИНН '
  ОТКАЗ PASSPORT     '300-212'                    слева: 'аволжском р-не 02.07.2019, код подразделения '
  ОТКАЗ PHONE        '8-499-293-47-91'            слева: 'Тел.: '
  ОТКАЗ PASSPORT     '684-847'                    слева: 'аволжском р-не 17.08.2019, код подразделения '
  ОТКАЗ PASSPORT     '702-982'                    слева: 'осковской обл. 04.10.2014, код подразделения '
  ОТКАЗ PASSPORT     '684-847'                    слева: 'аволжском р-не 17.08.2019, код подразделения '
  ОТКАЗ PASSPORT     '702-982'                    слева: 'осковской обл. 04.10.2014, код подразделения '

== свод стража сборки ==
  BANK_ACCOUNT пропущен   21
  BIK          пропущен   14
  BIRTHDATE    пропущен   18
  CLAUSE_REF   пропущен   42
  CONTRACT_KIND пропущен   4
  DATE         пропущен   37
  EMAIL        пропущен   77
  INN          ОТВЕРГНУТ  9
  INN          пропущен   5
  INN_PERSON   ОТВЕРГНУТ  14
  INN_PERSON   пропущен   31
  KPP          ОТВЕРГНУТ  5
  OGRN         ОТВЕРГНУТ  5
  OGRN         пропущен   11
  PASSPORT     ОТВЕРГНУТ  57
  PASSPORT     пропущен   57
  PASSPORT_ISSUER пропущен   4
  PERCENT      пропущен   2
  PHONE        ОТВЕРГНУТ  8
  PHONE        пропущен   117
  SNILS        пропущен   18
  SUM          пропущен   8
  TERM         пропущен   1
