== по приёму порчи ==
none                         5535  утечка   107 (  1.9%)  ненайдено   259
mut:invisible                1211  утечка    39 (  3.2%)  ненайдено    87
mut:combo                    1194  утечка   293 ( 24.5%)  ненайдено   169
mut:homoglyph                1192  утечка    41 (  3.4%)  ненайдено    82
mut:linebreak                1123  утечка   366 ( 32.6%)  ненайдено   226
mut:case                      613  утечка   220 ( 35.9%)  ненайдено   125
mut:digit_spaces              556  утечка    12 (  2.2%)  ненайдено    15
dense_line                     87  утечка     8 (  9.2%)  ненайдено     2
in_footnote                    41  утечка     0 (  0.0%)  ненайдено    41
in_header                      35  утечка     0 (  0.0%)  ненайдено     0
invisible_chars                34  утечка     0 (  0.0%)  ненайдено     0
homoglyph_cyrillic_in_digits     32  утечка     0 (  0.0%)  ненайдено     0
nested_table                   32  утечка     0 (  0.0%)  ненайдено    32
in_textbox                     32  утечка     0 (  0.0%)  ненайдено    32
in_footer                      30  утечка     0 (  0.0%)  ненайдено     0
cell_boundary_split            29  утечка     0 (  0.0%)  ненайдено     0
linebreak_inside_entity        28  утечка     2 (  7.1%)  ненайдено     0
bare_cell_no_sentence          28  утечка     2 (  7.1%)  ненайдено     7
homoglyph_in_email             21  утечка     0 (  0.0%)  ненайдено     0
lowercase                      20  утечка     0 (  0.0%)  ненайдено     0
alternating_case               20  утечка     0 (  0.0%)  ненайдено     0
glued_to_prev_entity           19  утечка     0 (  0.0%)  ненайдено    19
uppercase                      18  утечка     2 ( 11.1%)  ненайдено     0
digit_grouping                 16  утечка     0 (  0.0%)  ненайдено     0
digit_grouping_dashes          16  утечка     0 (  0.0%)  ненайдено     0
bold_split_runs                16  утечка     0 (  0.0%)  ненайдено     0
homoglyph_latin_in_cyrillic     15  утечка     3 ( 20.0%)  ненайдено     2
zwj_and_soft_hyphen            15  утечка     1 (  6.7%)  ненайдено     1
mut:cell_split                 14  утечка    10 ( 71.4%)  ненайдено     9
glued_to_next_entity           11  утечка     0 (  0.0%)  ненайдено     0

== mut:linebreak по типам ==
  PER                  357  утечка  147 ( 41.2%)  ненайдено   20
  PASSPORT             128  утечка   76 ( 59.4%)  ненайдено   70
  ADDRESS              120  утечка   37 ( 30.8%)  ненайдено    5
  PHONE                113  утечка   15 ( 13.3%)  ненайдено   15
  INN_PER               79  утечка   18 ( 22.8%)  ненайдено   16
  EMAIL                 77  утечка    0 (  0.0%)  ненайдено    0
  ACCOUNT               52  утечка    6 ( 11.5%)  ненайдено    6
  OGRN                  34  утечка   11 ( 32.4%)  ненайдено   11
  BIK                   34  утечка   20 ( 58.8%)  ненайдено   20
  BIRTHDATE             32  утечка    7 ( 21.9%)  ненайдено    7
  SNILS                 32  утечка    3 (  9.4%)  ненайдено    3
  ORG                   25  утечка    8 ( 32.0%)  ненайдено    0
  INN                   19  утечка    5 ( 26.3%)  ненайдено    5
  KPP                   13  утечка   13 (100.0%)  ненайдено   13
  SUM                    8  утечка    0 (  0.0%)  ненайдено    0

== mut:cell_split по типам ==
  PER                   14  утечка   10 ( 71.4%)  ненайдено    9

== поимённо (утекающие) ==
agency_0005__m2718_linebreak       mut:linebreak   ADDRESS          found=True exact=False miss=None leak=partial bnd={'under': 11, 'over': 0, 'direction': 'shorter'} :: 'Мос\nковская обл., Ленинский р-н, 64 км автодороги М-1 «Дон», стр. 4'
agency_0005__m2718_linebreak       mut:linebreak   PASSPORT         found=False exact=False miss=nothing leak=full bnd={'under': 7, 'over': 0, 'direction': 'not_found'} :: '704\n-068'
agency_0005__m2718_linebreak       mut:linebreak   PASSPORT         found=False exact=False miss=nothing leak=full bnd={'under': 7, 'over': 0, 'direction': 'not_found'} :: '704-\n068'
agency_0005__m2718_linebreak       mut:linebreak   PER              found=False exact=False miss=nothing leak=full bnd={'under': 11, 'over': 0, 'direction': 'not_found'} :: 'пЕт\nРоВ Иван'
agency_0005__m2718_linebreak       mut:linebreak   PER              found=True exact=False miss=None leak=partial bnd={'under': 14, 'over': 0, 'direction': 'shorter'} :: 'Петров \nИван Олегович'
agency_0005__m2718_linebreak       mut:linebreak   PER              found=True exact=False miss=None leak=partial bnd={'under': 10, 'over': 0, 'direction': 'shorter'} :: 'Петрова Ивана\n Олеговича'
agency_0005__m2718_linebreak       mut:linebreak   PER              found=True exact=False miss=None leak=partial bnd={'under': 16, 'over': 0, 'direction': 'shorter'} :: 'Петрову\n Ивану Олеговичу'
agency_0005__m2718_linebreak       mut:linebreak   PER              found=True exact=False miss=None leak=partial bnd={'under': 18, 'over': 0, 'direction': 'shorter'} :: 'Петровым\n Иваном Олеговичем'
agency_0005__m2718_linebreak       mut:linebreak   PER              found=True exact=True miss=None leak=partial bnd={'under': 0, 'over': 0, 'direction': 'exact'} :: 'Кузнец\nова А. М.'
agency_0005__m2718_linebreak       mut:linebreak   PER              found=True exact=True miss=None leak=partial bnd={'under': 0, 'over': 0, 'direction': 'exact'} :: 'Пе\nтров Иван Олегович'
agency_0005__m2718_linebreak       mut:linebreak   PER              found=True exact=True miss=None leak=partial bnd={'under': 0, 'over': 0, 'direction': 'exact'} :: 'Петров Ив\nан Олегович'
agency_0005__m2718_linebreak       mut:linebreak   PER              found=True exact=True miss=None leak=partial bnd={'under': 0, 'over': 0, 'direction': 'exact'} :: 'Петров Иван Олегов\nич'
agency_0005__m2718_linebreak       mut:linebreak   PER              found=True exact=True miss=None leak=partial bnd={'under': 0, 'over': 0, 'direction': 'exact'} :: 'Петрову Иван\nу Олеговичу'
agency_0010__m2718_linebreak       mut:linebreak   ACCOUNT          found=False exact=False miss=nothing leak=full bnd={'under': 21, 'over': 0, 'direction': 'not_found'} :: '40802810205\n101445449'
agency_0010__m2718_linebreak       mut:linebreak   BIK              found=False exact=False miss=nothing leak=full bnd={'under': 10, 'over': 0, 'direction': 'not_found'} :: '044\n525187'
agency_0010__m2718_linebreak       mut:linebreak   BIK              found=False exact=False miss=nothing leak=full bnd={'under': 10, 'over': 0, 'direction': 'not_found'} :: '04500\n4763'
agency_0010__m2718_linebreak       mut:linebreak   PER              found=False exact=False miss=wrong_type:ORG leak=partial bnd={'under': 0, 'over': 0, 'direction': 'not_found'} :: 'Морозова Екатерина О\nлеговна'
agency_0010__m2718_linebreak       mut:linebreak   PER              found=False exact=False miss=wrong_type:ORG leak=partial bnd={'under': 0, 'over': 0, 'direction': 'not_found'} :: 'Попов\n Олег Олегович'
agency_0010__m2718_linebreak       mut:linebreak   PER              found=True exact=False miss=None leak=partial bnd={'under': 9, 'over': 0, 'direction': 'shorter'} :: 'Морозо\nва Екатерина Олеговна'
agency_0010__m2718_linebreak       mut:linebreak   PER              found=True exact=True miss=None leak=partial bnd={'under': 0, 'over': 0, 'direction': 'exact'} :: 'Попов Олег Олегов\nич'
agency_0010__m2718_linebreak       mut:linebreak   PHONE            found=False exact=False miss=nothing leak=partial bnd={'under': 19, 'over': 0, 'direction': 'not_found'} :: '+7 (495) \n981-19-41'
cession_0001__m2718_linebreak      mut:linebreak   BIRTHDATE        found=False exact=False miss=nothing leak=full bnd={'under': 10, 'over': 0, 'direction': 'not_found'} :: '05.06.19\n86'
cession_0001__m2718_linebreak      mut:linebreak   PASSPORT         found=False exact=False miss=nothing leak=full bnd={'under': 7, 'over': 0, 'direction': 'not_found'} :: '787-\n280'
cession_0001__m2718_linebreak      mut:linebreak   PASSPORT         found=False exact=False miss=nothing leak=full bnd={'under': 7, 'over': 0, 'direction': 'not_found'} :: '787-2\n80'
cession_0001__m2718_linebreak      mut:linebreak   PASSPORT         found=False exact=False miss=nothing leak=partial bnd={'under': 12, 'over': 0, 'direction': 'not_found'} :: '90 14 617\n085'
cession_0001__m2718_linebreak      mut:linebreak   PASSPORT         found=True exact=True miss=None leak=partial bnd={'under': 0, 'over': 0, 'direction': 'exact'} :: '90 14 \n617085'
cession_0001__m2718_linebreak      mut:linebreak   PER              found=False exact=False miss=nothing leak=full bnd={'under': 12, 'over': 0, 'direction': 'not_found'} :: 'Коваль В.\n А.'
cession_0001__m2718_linebreak      mut:linebreak   PER              found=True exact=False miss=None leak=partial bnd={'under': 14, 'over': 0, 'direction': 'shorter'} :: 'Попов \nИван Павлович'
cession_0001__m2718_linebreak      mut:linebreak   PER              found=True exact=False miss=None leak=partial bnd={'under': 10, 'over': 0, 'direction': 'shorter'} :: 'Попова Ивана \nПавловича'
cession_0001__m2718_linebreak      mut:linebreak   PER              found=True exact=False miss=None leak=partial bnd={'under': 11, 'over': 0, 'direction': 'shorter'} :: 'Поповым Иваном \nПавловичем'
cession_0001__m2718_linebreak      mut:linebreak   PER              found=True exact=True miss=None leak=partial bnd={'under': 0, 'over': 0, 'direction': 'exact'} :: 'Ко\nваль В. А.'
cession_0001__m2718_linebreak      mut:linebreak   PER              found=True exact=True miss=None leak=partial bnd={'under': 0, 'over': 0, 'direction': 'exact'} :: 'Коваль Вла\nдимир Алексеевич'
cession_0001__m2718_linebreak      mut:linebreak   PER              found=True exact=True miss=None leak=partial bnd={'under': 0, 'over': 0, 'direction': 'exact'} :: 'Коваль Влад\nимир Алексеевич'
cession_0001__m2718_linebreak      mut:linebreak   PER              found=True exact=True miss=None leak=partial bnd={'under': 0, 'over': 0, 'direction': 'exact'} :: 'По\nпов И. П.'
cession_0001__m2718_linebreak      mut:linebreak   PER              found=True exact=True miss=None leak=partial bnd={'under': 0, 'over': 0, 'direction': 'exact'} :: 'Поп\nов Иван Павлович'
cession_0001__m2718_linebreak      mut:linebreak   PER              found=True exact=True miss=None leak=partial bnd={'under': 0, 'over': 0, 'direction': 'exact'} :: 'Попов И\nван Павлович'
cession_0001__m2718_linebreak      mut:linebreak   PER              found=True exact=True miss=None leak=partial bnd={'under': 0, 'over': 0, 'direction': 'exact'} :: 'Попов Ив\nан Павлович'
cession_0001__m2718_linebreak      mut:linebreak   PER              found=True exact=True miss=None leak=partial bnd={'under': 0, 'over': 0, 'direction': 'exact'} :: 'Попову Ивану Павл\nовичу'
cession_0001__m2718_linebreak      mut:linebreak   PER              found=True exact=True miss=None leak=partial bnd={'under': 0, 'over': 0, 'direction': 'exact'} :: 'пОпОв И\nван'
cession_0002__m1337_linebreak      mut:linebreak   PASSPORT         found=False exact=False miss=nothing leak=full bnd={'under': 8, 'over': 0, 'direction': 'not_found'} :: '117\n-815'
cession_0002__m1337_linebreak      mut:linebreak   PASSPORT         found=False exact=False miss=nothing leak=full bnd={'under': 8, 'over': 0, 'direction': 'not_found'} :: '117-\n815'
cession_0002__m1337_linebreak      mut:linebreak   PASSPORT         found=False exact=False miss=nothing leak=full bnd={'under': 8, 'over': 0, 'direction': 'not_found'} :: '92\n6-827'
cession_0002__m1337_linebreak      mut:linebreak   PASSPORT         found=False exact=False miss=nothing leak=full bnd={'under': 8, 'over': 0, 'direction': 'not_found'} :: '926-8\n27'
cession_0002__m1337_linebreak      mut:linebreak   PER              found=True exact=True miss=None leak=partial bnd={'under': 0, 'over': 0, 'direction': 'exact'} :: 'Мак\nаров Юрий Николаевич'
cession_0002__m1337_linebreak      mut:linebreak   PER              found=True exact=True miss=None leak=partial bnd={'under': 0, 'over': 0, 'direction': 'exact'} :: 'Макаров Юрий Ник\nолаевич'
cession_0002__m1337_linebreak      mut:linebreak   PHONE            found=False exact=False miss=nothing leak=partial bnd={'under': 14, 'over': 0, 'direction': 'not_found'} :: '8(843\n)4341367'
cession_0002__m1337_linebreak      mut:linebreak   PHONE            found=False exact=False miss=nothing leak=partial bnd={'under': 16, 'over': 0, 'direction': 'not_found'} :: '8-499-6\n61-94-74'
cession_0002__m1337_linebreak      mut:linebreak   PHONE            found=False exact=False miss=nothing leak=partial bnd={'under': 12, 'over': 0, 'direction': 'not_found'} :: '812\n 4528997'
cession_0002__m2718_cell_split     mut:cell_split  PER              found=False exact=False miss=nothing leak=partial bnd={'under': 23, 'over': 0, 'direction': 'not_found'} :: 'Макаро\tв Юрий Николаевич'
cession_0004__m1337_cell_split     mut:cell_split  PER              found=False exact=False miss=nothing leak=partial bnd={'under': 15, 'over': 0, 'direction': 'not_found'} :: 'С. \tВ. Максимова'
cession_0007__m2718_linebreak      mut:linebreak   ADDRESS          found=False exact=False miss=nothing leak=partial bnd={'under': 66, 'over': 0, 'direction': 'not_found'} :: 'Тверская обл., Дмитровский р-н, \n35 км автодороги М-6 «Дон», стр. 5'
cession_0007__m2718_linebreak      mut:linebreak   ADDRESS          found=True exact=True miss=None leak=partial bnd={'under': 1, 'over': 0, 'direction': 'shorter'} :: '190000, Краснода\nрский край, г. Санкт-Петербург, ул. Гагарина, д. 60, корп. 3, литера А, пом. 16, оф. 466'
cession_0007__m2718_linebreak      mut:linebreak   ADDRESS          found=True exact=True miss=None leak=partial bnd={'under': 0, 'over': 0, 'direction': 'exact'} :: 'Тверская об\nл., Наро-Фоминский р-н, 53 км автодороги М-4 «Дон», стр. 4'
cession_0007__m2718_linebreak      mut:linebreak   BIRTHDATE        found=False exact=False miss=nothing leak=full bnd={'under': 10, 'over': 0, 'direction': 'not_found'} :: '23.08.\n1984'
cession_0007__m2718_linebreak      mut:linebreak   PASSPORT         found=False exact=False miss=nothing leak=full bnd={'under': 7, 'over': 0, 'direction': 'not_found'} :: '356\n-324'
cession_0007__m2718_linebreak      mut:linebreak   PASSPORT         found=False exact=False miss=nothing leak=full bnd={'under': 7, 'over': 0, 'direction': 'not_found'} :: '356-3\n24'
cession_0007__m2718_linebreak      mut:linebreak   PER              found=True exact=False miss=None leak=partial bnd={'under': 9, 'over': 0, 'direction': 'shorter'} :: 'Мамедов Рашид\n Али оглы'
cession_0007__m2718_linebreak      mut:linebreak   PER              found=True exact=False miss=None leak=partial bnd={'under': 2, 'over': 0, 'direction': 'shorter'} :: 'ТЕР-ПЕТРОСЯН АРТУР АШОТОВ\nИЧ'
cession_0007__m2718_linebreak      mut:linebreak   PER              found=True exact=False miss=None leak=partial bnd={'under': 4, 'over': 0, 'direction': 'shorter'} :: 'Тер-Петросян А\n. А.'
cession_0007__m2718_linebreak      mut:linebreak   PER              found=True exact=False miss=None leak=partial bnd={'under': 3, 'over': 0, 'direction': 'shorter'} :: 'Тер-Петросян А.\n А.'
cession_0007__m2718_linebreak      mut:linebreak   PER              found=True exact=True miss=None leak=partial bnd={'under': 0, 'over': 0, 'direction': 'exact'} :: 'Мам\nедову Рашиду Али оглы'
cession_0007__m2718_linebreak      mut:linebreak   PER              found=True exact=True miss=None leak=partial bnd={'under': 0, 'over': 0, 'direction': 'exact'} :: 'Маме\nдов Рашид Али оглы'
cession_0007__m2718_linebreak      mut:linebreak   PER              found=True exact=True miss=None leak=partial bnd={'under': 0, 'over': 0, 'direction': 'exact'} :: 'Мамед\nов Р. А. оглы'
cession_0007__m2718_linebreak      mut:linebreak   PER              found=True exact=True miss=None leak=partial bnd={'under': 0, 'over': 0, 'direction': 'exact'} :: 'Мамедов Рашид А\nли оглы'
cession_0007__m2718_linebreak      mut:linebreak   PER              found=True exact=True miss=None leak=partial bnd={'under': 0, 'over': 0, 'direction': 'exact'} :: 'Тер-Пе\nтросян Артур Ашотович'
cession_0007__m2718_linebreak      mut:linebreak   PER              found=True exact=True miss=None leak=partial bnd={'under': 0, 'over': 0, 'direction': 'exact'} :: 'Тер-Петр\nосян Артур Ашотович'
cession_0007__m2718_linebreak      mut:linebreak   PER              found=True exact=True miss=None leak=partial bnd={'under': 0, 'over': 0, 'direction': 'exact'} :: 'Тер-Петр\nосян Артур Ашотович'
labor_0005__m2718_linebreak        mut:linebreak   ADDRESS          found=True exact=False miss=None leak=partial bnd={'under': 11, 'over': 0, 'direction': 'shorter'} :: '614000, г\n. Пермь, ш. Советская, д. 82, кв. 54'
labor_0005__m2718_linebreak        mut:linebreak   ADDRESS          found=True exact=True miss=None leak=partial bnd={'under': 0, 'over': 0, 'direction': 'exact'} :: '443010, г. Самара, просп. Лесна\nя, д. 41, кв. 186'
labor_0005__m2718_linebreak        mut:linebreak   BIK              found=False exact=False miss=nothing leak=partial bnd={'under': 9, 'over': 0, 'direction': 'not_found'} :: '0440307\n90'
labor_0005__m2718_linebreak        mut:linebreak   INN              found=False exact=False miss=nothing leak=partial bnd={'under': 10, 'over': 0, 'direction': 'not_found'} :: '34\n78735100'
labor_0005__m2718_linebreak        mut:linebreak   INN              found=False exact=False miss=nothing leak=partial bnd={'under': 10, 'over': 0, 'direction': 'not_found'} :: '34787\n35100'
labor_0005__m2718_linebreak        mut:linebreak   INN_PER          found=False exact=False miss=nothing leak=partial bnd={'under': 12, 'over': 0, 'direction': 'not_found'} :: '03029272\n8066'
labor_0005__m2718_linebreak        mut:linebreak   KPP              found=False exact=False miss=nothing leak=partial bnd={'under': 9, 'over': 0, 'direction': 'not_found'} :: '4378544\n79'
labor_0005__m2718_linebreak        mut:linebreak   KPP              found=False exact=False miss=wrong_type:ADDRESS leak=partial bnd={'under': 7, 'over': 0, 'direction': 'not_found'} :: '4378544\n79'
labor_0005__m2718_linebreak        mut:linebreak   OGRN             found=False exact=False miss=nothing leak=partial bnd={'under': 13, 'over': 0, 'direction': 'not_found'} :: '19037227191\n31'
labor_0005__m2718_linebreak        mut:linebreak   ORG              found=True exact=False miss=None leak=partial bnd={'under': 3, 'over': 0, 'direction': 'shorter'} :: 'ПАО\n «Альтаир»'
labor_0005__m2718_linebreak        mut:linebreak   ORG              found=True exact=False miss=None leak=partial bnd={'under': 2, 'over': 0, 'direction': 'shorter'} :: 'ПАО «Альтаи\nр»'
labor_0005__m2718_linebreak        mut:linebreak   ORG              found=True exact=False miss=None leak=partial bnd={'under': 3, 'over': 0, 'direction': 'shorter'} :: 'ПАО Альт\nаир'
labor_0005__m2718_linebreak        mut:linebreak   PASSPORT         found=False exact=False miss=nothing leak=full bnd={'under': 7, 'over': 0, 'direction': 'not_found'} :: '27\n2-910'
labor_0005__m2718_linebreak        mut:linebreak   PASSPORT         found=False exact=False miss=nothing leak=full bnd={'under': 7, 'over': 0, 'direction': 'not_found'} :: '272\n-910'
labor_0005__m2718_linebreak        mut:linebreak   PER              found=False exact=False miss=nothing leak=full bnd={'under': 10, 'over': 0, 'direction': 'not_found'} :: 'О.Ю\n.Зайцев'
labor_0005__m2718_linebreak        mut:linebreak   PER              found=True exact=False miss=None leak=partial bnd={'under': 3, 'over': 0, 'direction': 'shorter'} :: 'О.\n Ю. Зайцев'
labor_0005__m2718_linebreak        mut:linebreak   PER              found=True exact=True miss=None leak=partial bnd={'under': 0, 'over': 0, 'direction': 'exact'} :: 'За\nйцев О. Ю.'
labor_0006__m2718_linebreak        mut:linebreak   ADDRESS          found=False exact=False miss=nothing leak=partial bnd={'under': 22, 'over': 0, 'direction': 'not_found'} :: 'Пермь, \nПрофсоюзная 24'
labor_0006__m2718_linebreak        mut:linebreak   ADDRESS          found=True exact=False miss=None leak=partial bnd={'under': 3, 'over': 2, 'direction': 'both'} :: '614000, г. Пермь, ш. Ленинградская, д\n. 85, кв. 149'
labor_0006__m2718_linebreak        mut:linebreak   BIK              found=False exact=False miss=nothing leak=full bnd={'under': 10, 'over': 0, 'direction': 'not_found'} :: '0450\n04763'
labor_0006__m2718_linebreak        mut:linebreak   BIRTHDATE        found=False exact=False miss=nothing leak=full bnd={'under': 11, 'over': 0, 'direction': 'not_found'} :: '27.0\n6.1959'
labor_0006__m2718_linebreak        mut:linebreak   INN              found=False exact=False miss=wrong_type:ADDRESS leak=partial bnd={'under': 9, 'over': 0, 'direction': 'not_found'} :: '81\n74351040'
labor_0006__m2718_linebreak        mut:linebreak   KPP              found=False exact=False miss=nothing leak=full bnd={'under': 10, 'over': 0, 'direction': 'not_found'} :: '33\n8749449'
labor_0006__m2718_linebreak        mut:linebreak   PASSPORT         found=False exact=False miss=nothing leak=full bnd={'under': 8, 'over': 0, 'direction': 'not_found'} :: '56\n7-240'
labor_0006__m2718_linebreak        mut:linebreak   PASSPORT         found=False exact=False miss=nothing leak=full bnd={'under': 8, 'over': 0, 'direction': 'not_found'} :: '567-2\n40'
labor_0006__m2718_linebreak        mut:linebreak   PER              found=False exact=False miss=nothing leak=full bnd={'under': 21, 'over': 0, 'direction': 'not_found'} :: 'ИВАНО\nВ ЕГОР ОЛЕГОВИЧ'
labor_0006__m2718_linebreak        mut:linebreak   PER              found=True exact=True miss=None leak=partial bnd={'under': 0, 'over': 0, 'direction': 'exact'} :: 'Ива\nнов Е. О.'
labor_0006__m2718_linebreak        mut:linebreak   PER              found=True exact=True miss=None leak=partial bnd={'under': 0, 'over': 0, 'direction': 'exact'} :: 'Иванова Егора Олегови\nча'
labor_0006__m2718_linebreak        mut:linebreak   PHONE            found=False exact=False miss=nothing leak=partial bnd={'under': 19, 'over': 0, 'direction': 'not_found'} :: '+7 (\n383) 241-93-63'
labor_0006__m2718_linebreak        mut:linebreak   PHONE            found=False exact=False miss=nothing leak=partial bnd={'under': 19, 'over': 0, 'direction': 'not_found'} :: '+7 (812\n) 271-60-20'
labor_0008__m1337_linebreak        mut:linebreak   ADDRESS          found=True exact=False miss=None leak=partial bnd={'under': 37, 'over': 0, 'direction': 'shorter'} :: 'просп. Космонавтов, д.\n 29, рп. Обухово, Ленинградская обл.'
labor_0008__m1337_linebreak        mut:linebreak   BIK              found=False exact=False miss=nothing leak=full bnd={'under': 10, 'over': 0, 'direction': 'not_found'} :: '0445259\n74'
labor_0008__m1337_linebreak        mut:linebreak   BIRTHDATE        found=False exact=False miss=nothing leak=full bnd={'under': 11, 'over': 0, 'direction': 'not_found'} :: '16.05.1\n969'
labor_0008__m1337_linebreak        mut:linebreak   INN_PER          found=False exact=False miss=nothing leak=full bnd={'under': 13, 'over': 0, 'direction': 'not_found'} :: '2017\n27300597'
labor_0008__m1337_linebreak        mut:linebreak   KPP              found=False exact=False miss=nothing leak=full bnd={'under': 10, 'over': 0, 'direction': 'not_found'} :: '40\n1990669'
labor_0008__m1337_linebreak        mut:linebreak   PASSPORT         found=False exact=False miss=nothing leak=full bnd={'under': 8, 'over': 0, 'direction': 'not_found'} :: '347\n-995'
labor_0008__m1337_linebreak        mut:linebreak   PASSPORT         found=False exact=False miss=nothing leak=full bnd={'under': 8, 'over': 0, 'direction': 'not_found'} :: '347-\n995'
labor_0008__m1337_linebreak        mut:linebreak   PER              found=False exact=False miss=nothing leak=partial bnd={'under': 27, 'over': 0, 'direction': 'not_found'} :: 'Ершова Екатерина Але\nксеевна'
labor_0008__m1337_linebreak        mut:linebreak   PER              found=True exact=False miss=None leak=partial bnd={'under': 10, 'over': 0, 'direction': 'shorter'} :: 'Кры\nлова Ирина Сергеевна'
labor_0008__m1337_linebreak        mut:linebreak   PHONE            found=False exact=False miss=nothing leak=partial bnd={'under': 19, 'over': 0, 'direction': 'not_found'} :: '+7 (495)\n 581-65-78'
labor_0008__m2718_cell_split       mut:cell_split  PER              found=False exact=False miss=nothing leak=partial bnd={'under': 13, 'over': 0, 'direction': 'not_found'} :: 'И.\t С. Крылова'
labor_0011__m2718_linebreak        mut:linebreak   INN              found=False exact=False miss=nothing leak=partial bnd={'under': 10, 'over': 0, 'direction': 'not_found'} :: '49\n16046281'
labor_0011__m2718_linebreak        mut:linebreak   INN_PER          found=False exact=False miss=nothing leak=partial bnd={'under': 12, 'over': 0, 'direction': 'not_found'} :: '732\n366993586'
labor_0011__m2718_linebreak        mut:linebreak   KPP              found=False exact=False miss=nothing leak=full bnd={'under': 9, 'over': 0, 'direction': 'not_found'} :: '20832\n1813'
labor_0011__m2718_linebreak        mut:linebreak   OGRN             found=False exact=False miss=nothing leak=partial bnd={'under': 13, 'over': 0, 'direction': 'not_found'} :: '1453061\n245846'
labor_0011__m2718_linebreak        mut:linebreak   PASSPORT         found=False exact=False miss=nothing leak=full bnd={'under': 7, 'over': 0, 'direction': 'not_found'} :: '998\n-988'
labor_0011__m2718_linebreak        mut:linebreak   PASSPORT         found=False exact=False miss=nothing leak=full bnd={'under': 7, 'over': 0, 'direction': 'not_found'} :: '998\n-988'
labor_0011__m2718_linebreak        mut:linebreak   PER              found=True exact=False miss=None leak=partial bnd={'under': 15, 'over': 0, 'direction': 'shorter'} :: 'Новикова \nОлега Юрьевича'
labor_0011__m2718_linebreak        mut:linebreak   PER              found=True exact=False miss=None leak=partial bnd={'under': 10, 'over': 0, 'direction': 'shorter'} :: 'Пирогова Ольга\n Юр\u2060ьев\u200bна'
labor_0011__m2718_linebreak        mut:linebreak   PER              found=True exact=True miss=None leak=partial bnd={'under': 0, 'over': 0, 'direction': 'exact'} :: 'Пир\nогова Ольга Юрьевна'
labor_0011__m2718_linebreak        mut:linebreak   PER              found=True exact=True miss=None leak=partial bnd={'under': 0, 'over': 0, 'direction': 'exact'} :: 'Пирогова Ольга Юрь\nевна'
labor_0011__m2718_linebreak        mut:linebreak   PER              found=True exact=True miss=None leak=partial bnd={'under': 0, 'over': 0, 'direction': 'exact'} :: 'Пирогова Ольга Юрьев\nна'
lease_0005__m2718_linebreak        mut:linebreak   PASSPORT         found=False exact=False miss=nothing leak=full bnd={'under': 7, 'over': 0, 'direction': 'not_found'} :: '11\n7-042'
lease_0005__m2718_linebreak        mut:linebreak   PASSPORT         found=False exact=False miss=nothing leak=full bnd={'under': 7, 'over': 0, 'direction': 'not_found'} :: '117\n-042'
lease_0005__m2718_linebreak        mut:linebreak   PER              found=False exact=False miss=wrong_type:ORG leak=partial bnd={'under': 4, 'over': 0, 'direction': 'not_found'} :: 'Беляев Пётр Петр\nович'
lease_0005__m2718_linebreak        mut:linebreak   PER              found=True exact=False miss=None leak=partial bnd={'under': 9, 'over': 0, 'direction': 'shorter'} :: 'Михайлов Артём\n Егорович'
lease_0005__m2718_linebreak        mut:linebreak   PER              found=True exact=True miss=None leak=partial bnd={'under': 0, 'over': 0, 'direction': 'exact'} :: 'Михайло\nв Артём Егорович'
lease_0005__m2718_linebreak        mut:linebreak   PER              found=True exact=True miss=None leak=partial bnd={'under': 0, 'over': 0, 'direction': 'exact'} :: 'Михайлов Артё\nм Егорович'
lease_0008__m2718_linebreak        mut:linebreak   ADDRESS          found=True exact=False miss=None leak=partial bnd={'under': 5, 'over': 0, 'direction': 'shorter'} :: 'а/я \n68, г. Воронеж, 394000'
lease_0008__m2718_linebreak        mut:linebreak   BIK              found=False exact=False miss=nothing leak=full bnd={'under': 10, 'over': 0, 'direction': 'not_found'} :: '0440\n30790'
lease_0008__m2718_linebreak        mut:linebreak   BIK              found=False exact=False miss=nothing leak=full bnd={'under': 10, 'over': 0, 'direction': 'not_found'} :: '04403\n0790'
lease_0008__m2718_linebreak        mut:linebreak   KPP              found=False exact=False miss=nothing leak=full bnd={'under': 10, 'over': 0, 'direction': 'not_found'} :: '1683\n69073'
lease_0008__m2718_linebreak        mut:linebreak   OGRN             found=False exact=False miss=nothing leak=full bnd={'under': 16, 'over': 0, 'direction': 'not_found'} :: '3737595\n48106404'
lease_0008__m2718_linebreak        mut:linebreak   PER              found=False exact=False miss=wrong_type:ORG leak=partial bnd={'under': 10, 'over': 0, 'direction': 'not_found'} :: 'Оганесян Гурген Ашото\nвич'
lease_0008__m2718_linebreak        mut:linebreak   PHONE            found=False exact=False miss=nothing leak=partial bnd={'under': 19, 'over': 0, 'direction': 'not_found'} :: '+7 (499)\n 319-45-31'
lease_0010__m1337_linebreak        mut:linebreak   BIK              found=False exact=False miss=nothing leak=full bnd={'under': 10, 'over': 0, 'direction': 'not_found'} :: '04\n4525225'
lease_0010__m1337_linebreak        mut:linebreak   BIK              found=False exact=False miss=nothing leak=full bnd={'under': 10, 'over': 0, 'direction': 'not_found'} :: '044\n525225'
lease_0010__m1337_linebreak        mut:linebreak   INN_PER          found=False exact=False miss=nothing leak=full bnd={'under': 13, 'over': 0, 'direction': 'not_found'} :: '36\n1220201569'
lease_0010__m1337_linebreak        mut:linebreak   INN_PER          found=False exact=False miss=nothing leak=full bnd={'under': 13, 'over': 0, 'direction': 'not_found'} :: '361\n220201569'
lease_0010__m1337_linebreak        mut:linebreak   INN_PER          found=False exact=False miss=nothing leak=partial bnd={'under': 13, 'over': 0, 'direction': 'not_found'} :: '41785505\n0890'
lease_0010__m1337_linebreak        mut:linebreak   INN_PER          found=False exact=False miss=wrong_type:INN leak=partial bnd={'under': 3, 'over': 0, 'direction': 'not_found'} :: '4178550508\n90'
lease_0010__m1337_linebreak        mut:linebreak   OGRN             found=False exact=False miss=nothing leak=full bnd={'under': 16, 'over': 0, 'direction': 'not_found'} :: '3098484\n16157618'
lease_0010__m1337_linebreak        mut:linebreak   OGRN             found=False exact=False miss=nothing leak=full bnd={'under': 16, 'over': 0, 'direction': 'not_found'} :: '31535445163\n3792'
lease_0010__m1337_linebreak        mut:linebreak   PER              found=False exact=False miss=nothing leak=full bnd={'under': 21, 'over': 0, 'direction': 'not_found'} :: 'Поп\nов Павел Петрович'
lease_0010__m1337_linebreak        mut:linebreak   PER              found=False exact=False miss=nothing leak=full bnd={'under': 21, 'over': 0, 'direction': 'not_found'} :: 'Попо\nв Павел Петрович'
lease_0010__m1337_linebreak        mut:linebreak   PER              found=False exact=False miss=wrong_type:ORG leak=partial bnd={'under': 12, 'over': 0, 'direction': 'not_found'} :: 'Лебедев Артём Дмитрие\nвич'
lease_0010__m1337_linebreak        mut:linebreak   PER              found=True exact=True miss=None leak=partial bnd={'under': 0, 'over': 0, 'direction': 'exact'} :: 'Лебедеву Артёму Дмит\nриевичу'
lease_0010__m1337_linebreak        mut:linebreak   PER              found=True exact=True miss=None leak=partial bnd={'under': 0, 'over': 0, 'direction': 'exact'} :: 'Попо\nв П. П.'
lease_0010__m1337_linebreak        mut:linebreak   PER              found=True exact=True miss=None leak=partial bnd={'under': 0, 'over': 0, 'direction': 'exact'} :: 'Попов Па\nвел Петрович'
lease_0010__m2718_cell_split       mut:cell_split  PER              found=True exact=False miss=None leak=partial bnd={'under': 4, 'over': 0, 'direction': 'shorter'} :: 'Попов Павел Петр\tович'
lease_0011__m2718_linebreak        mut:linebreak   ACCOUNT          found=False exact=False miss=nothing leak=partial bnd={'under': 20, 'over': 0, 'direction': 'not_found'} :: '408028104897690495\n70'
lease_0011__m2718_linebreak        mut:linebreak   ADDRESS          found=False exact=False miss=nothing leak=partial bnd={'under': 29, 'over': 0, 'direction': 'not_found'} :: 'Самара \nОктябрьская 20/4 кв 44'
lease_0011__m2718_linebreak        mut:linebreak   ADDRESS          found=True exact=True miss=None leak=partial bnd={'under': 0, 'over': 0, 'direction': 'exact'} :: 'Самара Г\nагарина 30/3 кв 66'
lease_0011__m2718_linebreak        mut:linebreak   BIRTHDATE        found=False exact=False miss=nothing leak=full bnd={'under': 10, 'over': 0, 'direction': 'not_found'} :: '14.0\n8.1971'
lease_0011__m2718_linebreak        mut:linebreak   OGRN             found=False exact=False miss=nothing leak=partial bnd={'under': 15, 'over': 0, 'direction': 'not_found'} :: '363350845\n165794'
lease_0011__m2718_linebreak        mut:linebreak   PASSPORT         found=False exact=False miss=nothing leak=full bnd={'under': 7, 'over': 0, 'direction': 'not_found'} :: '77\n7-183'
lease_0011__m2718_linebreak        mut:linebreak   PASSPORT         found=False exact=False miss=nothing leak=full bnd={'under': 7, 'over': 0, 'direction': 'not_found'} :: '777-\n183'
lease_0011__m2718_linebreak        mut:linebreak   PASSPORT         found=False exact=False miss=nothing leak=partial bnd={'under': 12, 'over': 0, 'direction': 'not_found'} :: '92 17 \n222993'
lease_0011__m2718_linebreak        mut:linebreak   PASSPORT         found=True exact=True miss=None leak=partial bnd={'under': 0, 'over': 0, 'direction': 'exact'} :: '92 1\n7 222993'
lease_0011__m2718_linebreak        mut:linebreak   PER              found=False exact=False miss=wrong_type:ORG leak=partial bnd={'under': 13, 'over': 0, 'direction': 'not_found'} :: 'Соколова\n Юлия Юрьевна'
lease_0011__m2718_linebreak        mut:linebreak   PER              found=False exact=False miss=wrong_type:ORG leak=partial bnd={'under': 9, 'over': 0, 'direction': 'not_found'} :: 'Соколова Юли\nя Юрьевна'
lease_0011__m2718_linebreak        mut:linebreak   PER              found=True exact=False miss=None leak=partial bnd={'under': 11, 'over': 0, 'direction': 'shorter'} :: 'Новикова Анна\n Алексеевна'
lease_0011__m2718_linebreak        mut:linebreak   PER              found=True exact=False miss=None leak=partial bnd={'under': 11, 'over': 0, 'direction': 'shorter'} :: 'Новикова Анна \nАлексеевна'
lease_0011__m2718_linebreak        mut:linebreak   PER              found=True exact=True miss=None leak=partial bnd={'under': 0, 'over': 0, 'direction': 'exact'} :: 'Новикова Анн\nа Алексеевна'
lease_0011__m2718_linebreak        mut:linebreak   PER              found=True exact=True miss=None leak=partial bnd={'under': 0, 'over': 0, 'direction': 'exact'} :: 'Новикова Анна Алексе\nевна'
lease_0011__m2718_linebreak        mut:linebreak   PER              found=True exact=True miss=None leak=partial bnd={'under': 0, 'over': 0, 'direction': 'exact'} :: 'Новиковой Анне Алек\nсеевне'
lease_0011__m2718_linebreak        mut:linebreak   PER              found=True exact=True miss=None leak=partial bnd={'under': 0, 'over': 0, 'direction': 'exact'} :: 'Новиковой Анной Алексее\nвной'
lease_0012__m1337_cell_split       mut:cell_split  PER              found=False exact=False miss=nothing leak=partial bnd={'under': 14, 'over': 0, 'direction': 'not_found'} :: 'Соко\tлова С. А.'
loan_0005__m2718_linebreak         mut:linebreak   ADDRESS          found=True exact=False miss=None leak=partial bnd={'under': 27, 'over': 0, 'direction': 'shorter'} :: '141400, г. Химки, \nш. Пушкина, д. 50, кв. 55'
loan_0005__m2718_linebreak         mut:linebreak   PASSPORT         found=False exact=False miss=nothing leak=full bnd={'under': 7, 'over': 0, 'direction': 'not_found'} :: '321\n-993'
loan_0005__m2718_linebreak         mut:linebreak   PASSPORT         found=False exact=False miss=nothing leak=full bnd={'under': 7, 'over': 0, 'direction': 'not_found'} :: '321-9\n93'
loan_0005__m2718_linebreak         mut:linebreak   PER              found=False exact=False miss=nothing leak=full bnd={'under': 12, 'over': 0, 'direction': 'not_found'} :: 'Кисель Е\n. П.'
loan_0005__m2718_linebreak         mut:linebreak   PER              found=False exact=False miss=nothing leak=full bnd={'under': 12, 'over': 0, 'direction': 'not_found'} :: 'Кисель Е. \nП.'
loan_0005__m2718_linebreak         mut:linebreak   PER              found=True exact=False miss=None leak=partial bnd={'under': 3, 'over': 0, 'direction': 'shorter'} :: 'КИС\nЕЛЬ ЕГОР ПЕТРОВИЧ'
loan_0005__m2718_linebreak         mut:linebreak   PER              found=True exact=True miss=None leak=partial bnd={'under': 0, 'over': 0, 'direction': 'exact'} :: 'Кис\nель Е. П.'
loan_0005__m2718_linebreak         mut:linebreak   PER              found=True exact=True miss=None leak=partial bnd={'under': 0, 'over': 0, 'direction': 'exact'} :: 'Кисель Его\nр Петрович'
loan_0005__m2718_linebreak         mut:linebreak   PER              found=True exact=True miss=None leak=partial bnd={'under': 0, 'over': 0, 'direction': 'exact'} :: 'Соколова Ю\nлия Андреевна'
loan_0010__m2718_linebreak         mut:linebreak   ACCOUNT          found=False exact=False miss=nothing leak=full bnd={'under': 21, 'over': 0, 'direction': 'not_found'} :: '408028104\n24316357961'
loan_0010__m2718_linebreak         mut:linebreak   ADDRESS          found=True exact=False miss=None leak=partial bnd={'under': 64, 'over': 0, 'direction': 'shorter'} :: 'Краснодарский край, Ленинский р-н, 33 км автодороги М-3 «Дон»\n, стр. 3'
loan_0010__m2718_linebreak         mut:linebreak   ADDRESS          found=True exact=False miss=None leak=partial bnd={'under': 26, 'over': 0, 'direction': 'shorter'} :: 'Тверская обл., Ленинский\n р-н, 63 км автодороги М-9 «Дон», стр. 6'
loan_0010__m2718_linebreak         mut:linebreak   BIK              found=False exact=False miss=nothing leak=full bnd={'under': 10, 'over': 0, 'direction': 'not_found'} :: '0445251\n87'
loan_0010__m2718_linebreak         mut:linebreak   BIK              found=False exact=False miss=nothing leak=full bnd={'under': 10, 'over': 0, 'direction': 'not_found'} :: '0445259\n74'
loan_0010__m2718_linebreak         mut:linebreak   OGRN             found=False exact=False miss=nothing leak=full bnd={'under': 16, 'over': 0, 'direction': 'not_found'} :: '318003774\n586301'
loan_0010__m2718_linebreak         mut:linebreak   PER              found=False exact=False miss=nothing leak=partial bnd={'under': 14, 'over': 0, 'direction': 'not_found'} :: 'Воро\nбьёв И. Е.'
loan_0010__m2718_linebreak         mut:linebreak   PER              found=True exact=False miss=None leak=partial bnd={'under': 4, 'over': 0, 'direction': 'shorter'} :: 'Вор\nобьёв И. Е.'
loan_0010__m2718_linebreak         mut:linebreak   PER              found=True exact=False miss=None leak=partial bnd={'under': 15, 'over': 0, 'direction': 'shorter'} :: 'Нурмагомед\nова Хадижат Магомедовна'
loan_0010__m2718_linebreak         mut:linebreak   PER              found=True exact=True miss=None leak=partial bnd={'under': 0, 'over': 0, 'direction': 'exact'} :: 'Нур\nмагомедова Хадижат Магомедовна'
loan_0010__m2718_linebreak         mut:linebreak   PER              found=True exact=True miss=None leak=partial bnd={'under': 0, 'over': 0, 'direction': 'exact'} :: 'Нурмаго\nмедова Х. М.'
loan_0010__m2718_linebreak         mut:linebreak   PER              found=True exact=True miss=None leak=partial bnd={'under': 0, 'over': 0, 'direction': 'exact'} :: 'Нурмагомедова Хадижат Магом\nедовна'
sale_0001__m2718_linebreak         mut:linebreak   ADDRESS          found=True exact=False miss=None leak=partial bnd={'under': 44, 'over': 0, 'direction': 'shorter'} :: '630099, Республика Татарстан, г. Новосибирск, бул\n. Кутузовский, вл. 69, стр. 5, пом. VII'
sale_0001__m2718_linebreak         mut:linebreak   PASSPORT         found=False exact=False miss=nothing leak=full bnd={'under': 7, 'over': 0, 'direction': 'not_found'} :: '04\n6-177'
sale_0001__m2718_linebreak         mut:linebreak   PASSPORT         found=False exact=False miss=nothing leak=full bnd={'under': 7, 'over': 0, 'direction': 'not_found'} :: '046-\n177'
sale_0001__m2718_linebreak         mut:linebreak   PER              found=False exact=False miss=wrong_type:ORG leak=partial bnd={'under': 11, 'over': 0, 'direction': 'not_found'} :: 'Максимова Анна\n Михайловна'
sale_0001__m2718_linebreak         mut:linebreak   PER              found=True exact=False miss=None leak=partial bnd={'under': 9, 'over': 0, 'direction': 'shorter'} :: 'Крылова Юлия \nОлеговна'
sale_0001__m2718_linebreak         mut:linebreak   PER              found=True exact=False miss=None leak=partial bnd={'under': 2, 'over': 0, 'direction': 'shorter'} :: 'МА\nКСИМОВА АННА МИХАЙЛОВНА'
sale_0001__m2718_linebreak         mut:linebreak   PER              found=True exact=True miss=None leak=partial bnd={'under': 0, 'over': 0, 'direction': 'exact'} :: 'Крылов\nа Юлия Олеговна'
sale_0001__m2718_linebreak         mut:linebreak   PER              found=True exact=True miss=None leak=partial bnd={'under': 0, 'over': 0, 'direction': 'exact'} :: 'Крылова Юлия Олегов\nна'
sale_0002__m1337_linebreak         mut:linebreak   INN_PER          found=False exact=False miss=nothing leak=partial bnd={'under': 14, 'over': 0, 'direction': 'not_found'} :: '96\n92\t86\n997422'
sale_0002__m1337_linebreak         mut:linebreak   INN_PER          found=True exact=True miss=None leak=partial bnd={'under': 0, 'over': 0, 'direction': 'exact'} :: '9692\n86997422'
sale_0002__m1337_linebreak         mut:linebreak   PASSPORT         found=False exact=False miss=nothing leak=full bnd={'under': 8, 'over': 0, 'direction': 'not_found'} :: '094-9\n25'
sale_0002__m1337_linebreak         mut:linebreak   PASSPORT         found=False exact=False miss=nothing leak=full bnd={'under': 8, 'over': 0, 'direction': 'not_found'} :: '094-9\n25'
sale_0002__m1337_linebreak         mut:linebreak   PASSPORT         found=False exact=False miss=nothing leak=full bnd={'under': 8, 'over': 0, 'direction': 'not_found'} :: '44\n8-818'
sale_0002__m1337_linebreak         mut:linebreak   PASSPORT         found=False exact=False miss=nothing leak=full bnd={'under': 8, 'over': 0, 'direction': 'not_found'} :: '448\n-818'
sale_0002__m1337_linebreak         mut:linebreak   PER              found=True exact=False miss=None leak=partial bnd={'under': 9, 'over': 0, 'direction': 'shorter'} :: 'Попов Его\nр Петрович'
sale_0002__m1337_linebreak         mut:linebreak   PER              found=True exact=False miss=None leak=partial bnd={'under': 16, 'over': 0, 'direction': 'shorter'} :: 'Тит\nова\tАнна Мих\nайловна'
sale_0002__m1337_linebreak         mut:linebreak   PER              found=True exact=False miss=None leak=partial bnd={'under': 11, 'over': 0, 'direction': 'shorter'} :: 'Титова Ан\nна Михайловна'
sale_0002__m1337_linebreak         mut:linebreak   PER              found=True exact=True miss=None leak=partial bnd={'under': 0, 'over': 0, 'direction': 'exact'} :: 'Попо\xadв\u200d \nЕгор Петрович'
sale_0002__m1337_linebreak         mut:linebreak   PER              found=True exact=True miss=None leak=partial bnd={'under': 0, 'over': 0, 'direction': 'exact'} :: 'Попов \nЕгор Петрович'
sale_0002__m1337_linebreak         mut:linebreak   PER              found=True exact=True miss=None leak=partial bnd={'under': 0, 'over': 0, 'direction': 'exact'} :: 'Попов Егор Петр\nович'
sale_0002__m1337_linebreak         mut:linebreak   PER              found=True exact=True miss=None leak=partial bnd={'under': 0, 'over': 0, 'direction': 'exact'} :: 'Тит\nова А. М.'
sale_0002__m1337_linebreak         mut:linebreak   PER              found=True exact=True miss=None leak=partial bnd={'under': 0, 'over': 0, 'direction': 'exact'} :: 'Титова\n Анна Михайловна'
sale_0002__m1337_linebreak         mut:linebreak   PER              found=True exact=True miss=None leak=partial bnd={'under': 0, 'over': 0, 'direction': 'exact'} :: 'Титова Анна М\nихайловна'
sale_0002__m1337_linebreak         mut:linebreak   PER              found=True exact=True miss=None leak=partial bnd={'under': 0, 'over': 0, 'direction': 'exact'} :: 'Титовой Анне Мих\nайловне'
sale_0002__m1337_linebreak         mut:linebreak   PER              found=True exact=True miss=None leak=partial bnd={'under': 0, 'over': 0, 'direction': 'exact'} :: 'тИтОв\nА Анна'
sale_0002__m1337_linebreak         mut:linebreak   PHONE            found=False exact=False miss=nothing leak=partial bnd={'under': 19, 'over': 0, 'direction': 'not_found'} :: '+7\n (495) 522-70-34'
sale_0002__m1337_linebreak         mut:linebreak   PHONE            found=False exact=False miss=nothing leak=partial bnd={'under': 19, 'over': 0, 'direction': 'not_found'} :: '+7 \n(499) 502-23-21'
sale_0004__m1337_cell_split        mut:cell_split  PER              found=False exact=False miss=nothing leak=partial bnd={'under': 15, 'over': 0, 'direction': 'not_found'} :: 'Е. \tО. Максимова'
sale_0007__m2718_linebreak         mut:linebreak   ADDRESS          found=False exact=False miss=nothing leak=partial bnd={'under': 19, 'over': 0, 'direction': 'not_found'} :: 'Москва, Твер\nская 42'
sale_0007__m2718_linebreak         mut:linebreak   ADDRESS          found=True exact=True miss=None leak=partial bnd={'under': 0, 'over': 0, 'direction': 'exact'} :: 'Москва, Профсою\nзная 64'
sale_0007__m2718_linebreak         mut:linebreak   INN_PER          found=False exact=False miss=nothing leak=partial bnd={'under': 12, 'over': 0, 'direction': 'not_found'} :: '2062833908\n45'
sale_0007__m2718_linebreak         mut:linebreak   INN_PER          found=True exact=True miss=None leak=partial bnd={'under': 0, 'over': 0, 'direction': 'exact'} :: '206283390\n845'
sale_0007__m2718_linebreak         mut:linebreak   PASSPORT         found=False exact=False miss=nothing leak=full bnd={'under': 7, 'over': 0, 'direction': 'not_found'} :: '86\n5-710'
sale_0007__m2718_linebreak         mut:linebreak   PASSPORT         found=False exact=False miss=nothing leak=full bnd={'under': 7, 'over': 0, 'direction': 'not_found'} :: '865\n-710'
sale_0007__m2718_linebreak         mut:linebreak   PER              found=False exact=False miss=wrong_type:ORG leak=partial bnd={'under': 7, 'over': 0, 'direction': 'not_found'} :: 'Белов Юрий Але\nксеевич'
sale_0007__m2718_linebreak         mut:linebreak   PER              found=True exact=False miss=None leak=partial bnd={'under': 9, 'over': 0, 'direction': 'shorter'} :: 'Фёдорова Ивана \nЮрьевича'
sale_0007__m2718_linebreak         mut:linebreak   PER              found=True exact=False miss=None leak=partial bnd={'under': 9, 'over': 0, 'direction': 'shorter'} :: 'Фёдорову Ивану\n Юрьевичу'
sale_0007__m2718_linebreak         mut:linebreak   PER              found=True exact=True miss=None leak=partial bnd={'under': 0, 'over': 0, 'direction': 'exact'} :: 'Фёдо\nров И. Ю.'
sale_0007__m2718_linebreak         mut:linebreak   PER              found=True exact=True miss=None leak=partial bnd={'under': 0, 'over': 0, 'direction': 'exact'} :: 'Фёдо\nров И. Ю.'
sale_0007__m2718_linebreak         mut:linebreak   PER              found=True exact=True miss=None leak=partial bnd={'under': 0, 'over': 0, 'direction': 'exact'} :: 'Фёдо\nров Иван Юрьевич'
sale_0007__m2718_linebreak         mut:linebreak   PER              found=True exact=True miss=None leak=partial bnd={'under': 0, 'over': 0, 'direction': 'exact'} :: 'Фёдоров\nу Ивану Юрьевичу'
sale_0007__m2718_linebreak         mut:linebreak   PER              found=True exact=True miss=None leak=partial bnd={'under': 0, 'over': 0, 'direction': 'exact'} :: 'Фёдоров Ива\nн Юрьевич'
sale_0007__m2718_linebreak         mut:linebreak   PER              found=True exact=True miss=None leak=partial bnd={'under': 0, 'over': 0, 'direction': 'exact'} :: 'Фёдоров Иван Юрь\nевич'
sale_0007__m2718_linebreak         mut:linebreak   PER              found=True exact=True miss=None leak=partial bnd={'under': 0, 'over': 0, 'direction': 'exact'} :: 'Фёдоров Иван Юрье\nвич'
sale_0007__m2718_linebreak         mut:linebreak   SNILS            found=False exact=False miss=nothing leak=partial bnd={'under': 14, 'over': 0, 'direction': 'not_found'} :: '43\n1-625-539 62'
sale_0013__m2718_linebreak         mut:linebreak   ADDRESS          found=True exact=False miss=None leak=partial bnd={'under': 28, 'over': 0, 'direction': 'shorter'} :: '141300, г. Сергиев Посад, \nбул. Победы, д. 1, кв. 144'
sale_0013__m2718_linebreak         mut:linebreak   ADDRESS          found=True exact=True miss=None leak=partial bnd={'under': 0, 'over': 0, 'direction': 'exact'} :: '190000, г. Санкт-Петербург, на\nб. Ленинградская, д. 61, кв. 43'
sale_0013__m2718_linebreak         mut:linebreak   BIRTHDATE        found=False exact=False miss=nothing leak=full bnd={'under': 10, 'over': 0, 'direction': 'not_found'} :: '19.0\n7.1995'
sale_0013__m2718_linebreak         mut:linebreak   INN_PER          found=False exact=False miss=nothing leak=partial bnd={'under': 12, 'over': 0, 'direction': 'not_found'} :: '171132624\n221'
sale_0013__m2718_linebreak         mut:linebreak   INN_PER          found=False exact=False miss=nothing leak=partial bnd={'under': 12, 'over': 0, 'direction': 'not_found'} :: '39031124\n0192'
sale_0013__m2718_linebreak         mut:linebreak   INN_PER          found=False exact=False miss=nothing leak=partial bnd={'under': 12, 'over': 0, 'direction': 'not_found'} :: '39031124\n0192'
sale_0013__m2718_linebreak         mut:linebreak   OGRN             found=False exact=False miss=nothing leak=partial bnd={'under': 15, 'over': 0, 'direction': 'not_found'} :: '33867860631\n0851'
sale_0013__m2718_linebreak         mut:linebreak   PASSPORT         found=False exact=False miss=nothing leak=partial bnd={'under': 12, 'over': 0, 'direction': 'not_found'} :: '66 11 41\n8017'
sale_0013__m2718_linebreak         mut:linebreak   PASSPORT         found=False exact=False miss=nothing leak=full bnd={'under': 7, 'over': 0, 'direction': 'not_found'} :: '808-\n581'
sale_0013__m2718_linebreak         mut:linebreak   PASSPORT         found=False exact=False miss=nothing leak=full bnd={'under': 7, 'over': 0, 'direction': 'not_found'} :: '808-\n581'
sale_0013__m2718_linebreak         mut:linebreak   PASSPORT         found=True exact=True miss=None leak=partial bnd={'under': 0, 'over': 0, 'direction': 'exact'} :: '66 \n11 418017'
sale_0013__m2718_linebreak         mut:linebreak   PER              found=True exact=False miss=None leak=partial bnd={'under': 11, 'over': 0, 'direction': 'shorter'} :: 'ЕРШОВА ИРИ\nНА ИВАНОВНА'
sale_0013__m2718_linebreak         mut:linebreak   PER              found=True exact=False miss=None leak=partial bnd={'under': 14, 'over': 0, 'direction': 'shorter'} :: 'Пирогова \nАнна Павловна'
sale_0013__m2718_linebreak         mut:linebreak   PER              found=True exact=False miss=None leak=partial bnd={'under': 9, 'over': 0, 'direction': 'shorter'} :: 'Пирогова Анна\n Павловна'
sale_0013__m2718_linebreak         mut:linebreak   PER              found=True exact=False miss=None leak=partial bnd={'under': 9, 'over': 0, 'direction': 'shorter'} :: 'Пирогова Анна \nПавловна'
sale_0013__m2718_linebreak         mut:linebreak   PER              found=True exact=True miss=None leak=partial bnd={'under': 0, 'over': 0, 'direction': 'exact'} :: 'Ер\nшова Ирина Ивановна'
sale_0013__m2718_linebreak         mut:linebreak   PER              found=True exact=True miss=None leak=partial bnd={'under': 0, 'over': 0, 'direction': 'exact'} :: 'Пироговой Анне Пав\nловне'
sale_0014__m2718_linebreak         mut:linebreak   ADDRESS          found=True exact=True miss=None leak=partial bnd={'under': 0, 'over': 0, 'direction': 'exact'} :: 'Санкт-Пет\nербург, Победы 39'
sale_0014__m2718_linebreak         mut:linebreak   PASSPORT         found=False exact=False miss=nothing leak=full bnd={'under': 8, 'over': 0, 'direction': 'not_found'} :: '306-3\n87'
sale_0014__m2718_linebreak         mut:linebreak   PASSPORT         found=False exact=False miss=nothing leak=full bnd={'under': 8, 'over': 0, 'direction': 'not_found'} :: '306-3\n87'
sale_0014__m2718_linebreak         mut:linebreak   PASSPORT         found=False exact=False miss=nothing leak=full bnd={'under': 8, 'over': 0, 'direction': 'not_found'} :: '906\n-655'
sale_0014__m2718_linebreak         mut:linebreak   PASSPORT         found=False exact=False miss=nothing leak=full bnd={'under': 8, 'over': 0, 'direction': 'not_found'} :: '906-6\n55'
sale_0014__m2718_linebreak         mut:linebreak   PHONE            found=False exact=False miss=nothing leak=partial bnd={'under': 19, 'over': 0, 'direction': 'not_found'} :: '+7 (843) \n194-74-74'
services_0002__m1337_linebreak     mut:linebreak   PASSPORT         found=False exact=False miss=nothing leak=full bnd={'under': 8, 'over': 0, 'direction': 'not_found'} :: '479-\n259'
services_0002__m1337_linebreak     mut:linebreak   PASSPORT         found=False exact=False miss=nothing leak=full bnd={'under': 8, 'over': 0, 'direction': 'not_found'} :: '479-\n259'
services_0002__m1337_linebreak     mut:linebreak   PASSPORT         found=False exact=False miss=nothing leak=full bnd={'under': 8, 'over': 0, 'direction': 'not_found'} :: '58\n2-034'
services_0002__m1337_linebreak     mut:linebreak   PASSPORT         found=False exact=False miss=nothing leak=full bnd={'under': 8, 'over': 0, 'direction': 'not_found'} :: '582-\n034'
services_0002__m1337_linebreak     mut:linebreak   PHONE            found=False exact=False miss=nothing leak=partial bnd={'under': 19, 'over': 0, 'direction': 'not_found'} :: '+7 (495\n) 782-95-42'
services_0004__m1337_cell_split    mut:cell_split  PER              found=False exact=False miss=nothing leak=partial bnd={'under': 11, 'over': 0, 'direction': 'not_found'} :: 'А.\t М. Орлов'
services_0005__m2718_linebreak     mut:linebreak   ACCOUNT          found=False exact=False miss=nothing leak=partial bnd={'under': 20, 'over': 0, 'direction': 'not_found'} :: '407028109706632412\n25'
services_0005__m2718_linebreak     mut:linebreak   ADDRESS          found=False exact=False miss=nothing leak=partial bnd={'under': 20, 'over': 0, 'direction': 'not_found'} :: 'Воронеж, Гагари\nна 33'
services_0005__m2718_linebreak     mut:linebreak   BIK              found=False exact=False miss=nothing leak=full bnd={'under': 9, 'over': 0, 'direction': 'not_found'} :: '04452\n5700'
services_0005__m2718_linebreak     mut:linebreak   KPP              found=False exact=False miss=nothing leak=partial bnd={'under': 9, 'over': 0, 'direction': 'not_found'} :: '174178\n763'
services_0005__m2718_linebreak     mut:linebreak   ORG              found=True exact=False miss=None leak=partial bnd={'under': 5, 'over': 0, 'direction': 'shorter'} :: 'ООО "\nРомашка"'
services_0005__m2718_linebreak     mut:linebreak   ORG              found=True exact=True miss=None leak=partial bnd={'under': 0, 'over': 0, 'direction': 'exact'} :: 'ООО "Рома\nшка"'
services_0005__m2718_linebreak     mut:linebreak   PASSPORT         found=False exact=False miss=nothing leak=full bnd={'under': 7, 'over': 0, 'direction': 'not_found'} :: '11\n6-752'
services_0005__m2718_linebreak     mut:linebreak   PASSPORT         found=False exact=False miss=nothing leak=full bnd={'under': 7, 'over': 0, 'direction': 'not_found'} :: '116\n-752'
services_0005__m2718_linebreak     mut:linebreak   PASSPORT         found=False exact=False miss=nothing leak=partial bnd={'under': 12, 'over': 0, 'direction': 'not_found'} :: '26 04 644\n140'
services_0005__m2718_linebreak     mut:linebreak   PASSPORT         found=True exact=True miss=None leak=partial bnd={'under': 0, 'over': 0, 'direction': 'exact'} :: '26 04\n 644140'
services_0011__m2718_linebreak     mut:linebreak   ADDRESS          found=True exact=False miss=None leak=partial bnd={'under': 8, 'over': 0, 'direction': 'shorter'} :: '344002,\n г. Ростов-на-Дону, ул. Пушкина, д. 59, кв. 105'
services_0011__m2718_linebreak     mut:linebreak   ADDRESS          found=True exact=False miss=None leak=partial bnd={'under': 15, 'over': 0, 'direction': 'shorter'} :: '344002, г. Ростов-на-Дону, пер. Лесная,\n д. 17, кв. 73'
services_0011__m2718_linebreak     mut:linebreak   BIK              found=False exact=False miss=nothing leak=full bnd={'under': 9, 'over': 0, 'direction': 'not_found'} :: '04452\n5700'
services_0011__m2718_linebreak     mut:linebreak   INN              found=False exact=False miss=nothing leak=partial bnd={'under': 10, 'over': 0, 'direction': 'not_found'} :: '678\n5881178'
services_0011__m2718_linebreak     mut:linebreak   KPP              found=False exact=False miss=nothing leak=full bnd={'under': 9, 'over': 0, 'direction': 'not_found'} :: '58257\n9926'
services_0011__m2718_linebreak     mut:linebreak   OGRN             found=False exact=False miss=nothing leak=partial bnd={'under': 13, 'over': 0, 'direction': 'not_found'} :: '134400\n9759270'
services_0011__m2718_linebreak     mut:linebreak   PASSPORT         found=False exact=False miss=nothing leak=full bnd={'under': 7, 'over': 0, 'direction': 'not_found'} :: '714-\n857'
services_0011__m2718_linebreak     mut:linebreak   PASSPORT         found=False exact=False miss=nothing leak=full bnd={'under': 7, 'over': 0, 'direction': 'not_found'} :: '714-\n857'
services_0011__m2718_linebreak     mut:linebreak   PASSPORT         found=False exact=False miss=nothing leak=partial bnd={'under': 12, 'over': 0, 'direction': 'not_found'} :: '88 03 75\n0941'
services_0011__m2718_linebreak     mut:linebreak   PASSPORT         found=True exact=True miss=None leak=partial bnd={'under': 0, 'over': 0, 'direction': 'exact'} :: '88 \n03 750941'
services_0011__m2718_linebreak     mut:linebreak   PER              found=True exact=True miss=None leak=partial bnd={'under': 0, 'over': 0, 'direction': 'exact'} :: 'О.О.Новик\nова'
services_0011__m2718_linebreak     mut:linebreak   SNILS            found=False exact=False miss=nothing leak=partial bnd={'under': 14, 'over': 0, 'direction': 'not_found'} :: '600-912\n-277 54'
services_0014__m2718_linebreak     mut:linebreak   ADDRESS          found=True exact=False miss=None leak=partial bnd={'under': 31, 'over': 0, 'direction': 'shorter'} :: 'бул. Мира, д. 30,\n с. Ивановское, Тверская обл.'
services_0014__m2718_linebreak     mut:linebreak   ADDRESS          found=True exact=False miss=None leak=partial bnd={'under': 42, 'over': 0, 'direction': 'shorter'} :: 'проезд Космонавтов, д\n. 58, д. Малые Вязёмы, Новосибирская обл.'
services_0014__m2718_linebreak     mut:linebreak   BIRTHDATE        found=False exact=False miss=nothing leak=full bnd={'under': 11, 'over': 0, 'direction': 'not_found'} :: '03.0\n5.1977'
services_0014__m2718_linebreak     mut:linebreak   PASSPORT         found=False exact=False miss=nothing leak=full bnd={'under': 8, 'over': 0, 'direction': 'not_found'} :: '01\n8-927'
services_0014__m2718_linebreak     mut:linebreak   PASSPORT         found=False exact=False miss=nothing leak=full bnd={'under': 8, 'over': 0, 'direction': 'not_found'} :: '018-9\n27'
services_0014__m2718_linebreak     mut:linebreak   PASSPORT         found=False exact=False miss=nothing leak=full bnd={'under': 8, 'over': 0, 'direction': 'not_found'} :: '79\n8-238'
services_0014__m2718_linebreak     mut:linebreak   PASSPORT         found=False exact=False miss=nothing leak=full bnd={'under': 8, 'over': 0, 'direction': 'not_found'} :: '798\n-238'
services_0014__m2718_linebreak     mut:linebreak   PER              found=True exact=True miss=None leak=partial bnd={'under': 0, 'over': 0, 'direction': 'exact'} :: 'Гусева Ел\nена Юрьевна'
services_0014__m2718_linebreak     mut:linebreak   PER              found=True exact=True miss=None leak=partial bnd={'under': 0, 'over': 0, 'direction': 'exact'} :: 'Гусева Ел\nена Юрьевна'
supply_0002__m1337_linebreak       mut:linebreak   BIK              found=False exact=False miss=nothing leak=full bnd={'under': 10, 'over': 0, 'direction': 'not_found'} :: '0445\n25187'
supply_0002__m1337_linebreak       mut:linebreak   BIK              found=False exact=False miss=nothing leak=full bnd={'under': 10, 'over': 0, 'direction': 'not_found'} :: '045004\n763'
supply_0002__m1337_linebreak       mut:linebreak   KPP              found=False exact=False miss=nothing leak=full bnd={'under': 10, 'over': 0, 'direction': 'not_found'} :: '4072\n65752'
supply_0002__m1337_linebreak       mut:linebreak   PER              found=True exact=True miss=None leak=partial bnd={'under': 0, 'over': 0, 'direction': 'exact'} :: 'Н. Ю. Сокол\nова'
supply_0002__m1337_linebreak       mut:linebreak   PHONE            found=False exact=False miss=nothing leak=partial bnd={'under': 19, 'over': 0, 'direction': 'not_found'} :: '+7 \n(383) 989-48-18'
supply_0002__m2718_cell_split      mut:cell_split  PER              found=False exact=False miss=nothing leak=partial bnd={'under': 14, 'over': 0, 'direction': 'not_found'} :: 'Н.\t Ю. Соколова'
supply_0003__m2718_linebreak       mut:linebreak   ACCOUNT          found=False exact=False miss=nothing leak=partial bnd={'under': 20, 'over': 0, 'direction': 'not_found'} :: '407028\n10294116116592'
supply_0003__m2718_linebreak       mut:linebreak   ADDRESS          found=True exact=False miss=None leak=partial bnd={'under': 12, 'over': 0, 'direction': 'shorter'} :: '101000, г. Москва, ш. Пушкина, д. \n49, кв. 111'
supply_0003__m2718_linebreak       mut:linebreak   ADDRESS          found=True exact=False miss=None leak=partial bnd={'under': 34, 'over': 0, 'direction': 'shorter'} :: '170100, г. Тверь\n, наб. Кутузовский, д. 13, кв. 166'
supply_0003__m2718_linebreak       mut:linebreak   KPP              found=False exact=False miss=nothing leak=partial bnd={'under': 9, 'over': 0, 'direction': 'not_found'} :: '78\n9904579'
supply_0003__m2718_linebreak       mut:linebreak   PASSPORT         found=False exact=False miss=nothing leak=full bnd={'under': 7, 'over': 0, 'direction': 'not_found'} :: '05\n1-237'
supply_0003__m2718_linebreak       mut:linebreak   PASSPORT         found=False exact=False miss=nothing leak=full bnd={'under': 7, 'over': 0, 'direction': 'not_found'} :: '051\n-237'
supply_0003__m2718_linebreak       mut:linebreak   PER              found=True exact=True miss=None leak=partial bnd={'under': 0, 'over': 0, 'direction': 'exact'} :: 'Богданов Арт\nём Егорович'
supply_0004__m1337_cell_split      mut:cell_split  PER              found=False exact=False miss=nothing leak=partial bnd={'under': 12, 'over': 0, 'direction': 'not_found'} :: 'Тит\tова И. А.'
supply_0009__m2718_linebreak       mut:linebreak   ADDRESS          found=True exact=False miss=None leak=partial bnd={'under': 29, 'over': 0, 'direction': 'shorter'} :: '394000, г. Воронеж, \nбул. Кирова, д. 32, кв. 130'
supply_0009__m2718_linebreak       mut:linebreak   KPP              found=False exact=False miss=nothing leak=full bnd={'under': 9, 'over': 0, 'direction': 'not_found'} :: '4640\n63151'
supply_0009__m2718_linebreak       mut:linebreak   ORG              found=True exact=False miss=None leak=partial bnd={'under': 2, 'over': 0, 'direction': 'shorter'} :: 'ПАО «Альтаи\nр»'
supply_0009__m2718_linebreak       mut:linebreak   PASSPORT         found=False exact=False miss=nothing leak=full bnd={'under': 7, 'over': 0, 'direction': 'not_found'} :: '707\n-748'
supply_0009__m2718_linebreak       mut:linebreak   PASSPORT         found=False exact=False miss=nothing leak=full bnd={'under': 7, 'over': 0, 'direction': 'not_found'} :: '707-7\n48'
supply_0009__m2718_linebreak       mut:linebreak   PER              found=True exact=False miss=None leak=partial bnd={'under': 16, 'over': 0, 'direction': 'shorter'} :: 'Зайцева \nЮлия Николаевна'
supply_0009__m2718_linebreak       mut:linebreak   PER              found=True exact=True miss=None leak=partial bnd={'under': 0, 'over': 0, 'direction': 'exact'} :: 'Зайц\nева Юлия Николаевна'
supply_0009__m2718_linebreak       mut:linebreak   PER              found=True exact=True miss=None leak=partial bnd={'under': 0, 'over': 0, 'direction': 'exact'} :: 'Зайцева Юлия Ник\nолаевна'
supply_0009__m2718_linebreak       mut:linebreak   PER              found=True exact=True miss=None leak=partial bnd={'under': 0, 'over': 0, 'direction': 'exact'} :: 'Зайцевой Юли\nи Николаевне'
supply_0009__m2718_linebreak       mut:linebreak   PER              found=True exact=True miss=None leak=partial bnd={'under': 0, 'over': 0, 'direction': 'exact'} :: 'Петр\nова Павла Юрьевича'
supply_0014__m2718_linebreak       mut:linebreak   ADDRESS          found=True exact=True miss=None leak=partial bnd={'under': 0, 'over': 0, 'direction': 'exact'} :: '39400\n0, г. Воронеж, наб. Мира, д. 36, кв. 150'
supply_0014__m2718_linebreak       mut:linebreak   ADDRESS          found=True exact=True miss=None leak=partial bnd={'under': 0, 'over': 0, 'direction': 'exact'} :: '394000, г. Воронеж, проезд Лени\nна, д. 70, кв. 70'
supply_0014__m2718_linebreak       mut:linebreak   BIK              found=False exact=False miss=nothing leak=full bnd={'under': 10, 'over': 0, 'direction': 'not_found'} :: '044525\n593'
supply_0014__m2718_linebreak       mut:linebreak   BIK              found=False exact=False miss=nothing leak=full bnd={'under': 10, 'over': 0, 'direction': 'not_found'} :: '0450\n04763'
supply_0014__m2718_linebreak       mut:linebreak   KPP              found=False exact=False miss=nothing leak=full bnd={'under': 10, 'over': 0, 'direction': 'not_found'} :: '214\n327260'
supply_0014__m2718_linebreak       mut:linebreak   PER              found=True exact=True miss=None leak=partial bnd={'under': 0, 'over': 0, 'direction': 'exact'} :: 'Крыл\nова Е. П.'
supply_0014__m2718_linebreak       mut:linebreak   PHONE            found=False exact=False miss=nothing leak=partial bnd={'under': 19, 'over': 0, 'direction': 'not_found'} :: '+7 (\n499) 203-43-61'
supply_0015__m2718_linebreak       mut:linebreak   ADDRESS          found=True exact=False miss=None leak=partial bnd={'under': 31, 'over': 0, 'direction': 'shorter'} :: '620014, г. Екатеринбург,\n наб. Тверская, д. 26, кв. 111'
supply_0015__m2718_linebreak       mut:linebreak   ADDRESS          found=True exact=True miss=None leak=partial bnd={'under': 1, 'over': 0, 'direction': 'shorter'} :: '420111, г.\n Казань, наб. Профсоюзная, д. 83, кв. 62'
supply_0015__m2718_linebreak       mut:linebreak   KPP              found=False exact=False miss=nothing leak=partial bnd={'under': 9, 'over': 0, 'direction': 'not_found'} :: '86\n9314006'
supply_0015__m2718_linebreak       mut:linebreak   ORG              found=True exact=False miss=None leak=partial bnd={'under': 3, 'over': 0, 'direction': 'shorter'} :: 'ООО\n «Меридиан»'
supply_0015__m2718_linebreak       mut:linebreak   ORG              found=True exact=True miss=None leak=partial bnd={'under': 0, 'over': 0, 'direction': 'exact'} :: 'ООО «Мер\nидиан»'
supply_0015__m2718_linebreak       mut:linebreak   PASSPORT         found=False exact=False miss=nothing leak=full bnd={'under': 7, 'over': 0, 'direction': 'not_found'} :: '06\n1-662'
supply_0015__m2718_linebreak       mut:linebreak   PASSPORT         found=False exact=False miss=nothing leak=full bnd={'under': 7, 'over': 0, 'direction': 'not_found'} :: '06\n1-662'
supply_0015__m2718_linebreak       mut:linebreak   PASSPORT         found=False exact=False miss=nothing leak=partial bnd={'under': 12, 'over': 0, 'direction': 'not_found'} :: '76 05 37\n6027'
supply_0015__m2718_linebreak       mut:linebreak   PASSPORT         found=True exact=True miss=None leak=partial bnd={'under': 0, 'over': 0, 'direction': 'exact'} :: '76 05 3\n76027'
supply_0015__m2718_linebreak       mut:linebreak   PER              found=True exact=False miss=None leak=partial bnd={'under': 9, 'over': 0, 'direction': 'shorter'} :: 'Голубев Роман\n Петрович'
supply_0015__m2718_linebreak       mut:linebreak   PER              found=True exact=False miss=None leak=partial bnd={'under': 9, 'over': 0, 'direction': 'shorter'} :: 'Голубеву \nРоману Петровичу'
supply_0015__m2718_linebreak       mut:linebreak   PER              found=True exact=False miss=None leak=partial bnd={'under': 9, 'over': 0, 'direction': 'shorter'} :: 'Семёнов Андрей \nПавлович'
supply_0015__m2718_linebreak       mut:linebreak   PER              found=True exact=True miss=None leak=partial bnd={'under': 0, 'over': 0, 'direction': 'exact'} :: 'Го\nлубев Р. П.'
supply_0015__m2718_linebreak       mut:linebreak   PER              found=True exact=True miss=None leak=partial bnd={'under': 0, 'over': 0, 'direction': 'exact'} :: 'Голубев Роман П\nетрович'
supply_0015__m2718_linebreak       mut:linebreak   PER              found=True exact=True miss=None leak=partial bnd={'under': 0, 'over': 0, 'direction': 'exact'} :: 'Голубев Роман Петров\nич'
supply_0015__m2718_linebreak       mut:linebreak   PER              found=True exact=True miss=None leak=partial bnd={'under': 0, 'over': 0, 'direction': 'exact'} :: 'Семёнова Андрея Павло\nвича'
supply_0016__m1337_linebreak       mut:linebreak   BIK              found=False exact=False miss=nothing leak=full bnd={'under': 10, 'over': 0, 'direction': 'not_found'} :: '044\n525225'
supply_0016__m1337_linebreak       mut:linebreak   BIK              found=False exact=False miss=nothing leak=full bnd={'under': 10, 'over': 0, 'direction': 'not_found'} :: '04452\n5974'
works_0002__m1337_cell_split       mut:cell_split  PER              found=False exact=False miss=nothing leak=partial bnd={'under': 10, 'over': 0, 'direction': 'not_found'} :: 'Й. д\tе Врис'
works_0005__m2718_linebreak        mut:linebreak   ACCOUNT          found=False exact=False miss=nothing leak=partial bnd={'under': 20, 'over': 0, 'direction': 'not_found'} :: '4080281001752\n2488126'
works_0005__m2718_linebreak        mut:linebreak   ADDRESS          found=True exact=False miss=None leak=partial bnd={'under': 5, 'over': 0, 'direction': 'shorter'} :: '101000, г. Москва, бул. Промышленная, д. 11, кв\n. 133'
works_0005__m2718_linebreak        mut:linebreak   ADDRESS          found=True exact=False miss=None leak=partial bnd={'under': 21, 'over': 0, 'direction': 'shorter'} :: '420111, г. Казань, ул. \nЛенина, д. 59, кв. 5'
works_0005__m2718_linebreak        mut:linebreak   ADDRESS          found=True exact=True miss=None leak=partial bnd={'under': 0, 'over': 0, 'direction': 'exact'} :: '101000, г. Москва, наб. Ленингр\nадская, д. 42, кв. 24'
works_0005__m2718_linebreak        mut:linebreak   INN_PER          found=False exact=False miss=nothing leak=partial bnd={'under': 12, 'over': 0, 'direction': 'not_found'} :: '320\n214436879'
works_0005__m2718_linebreak        mut:linebreak   INN_PER          found=False exact=False miss=nothing leak=partial bnd={'under': 12, 'over': 0, 'direction': 'not_found'} :: '320214436\n879'
works_0005__m2718_linebreak        mut:linebreak   OGRN             found=False exact=False miss=nothing leak=partial bnd={'under': 15, 'over': 0, 'direction': 'not_found'} :: '359\n366332881608'
works_0005__m2718_linebreak        mut:linebreak   PASSPORT         found=False exact=False miss=nothing leak=full bnd={'under': 7, 'over': 0, 'direction': 'not_found'} :: '683\n-381'
works_0005__m2718_linebreak        mut:linebreak   PASSPORT         found=False exact=False miss=nothing leak=full bnd={'under': 7, 'over': 0, 'direction': 'not_found'} :: '683-3\n81'
works_0005__m2718_linebreak        mut:linebreak   PER              found=False exact=False miss=wrong_type:ORG leak=partial bnd={'under': 3, 'over': 0, 'direction': 'not_found'} :: 'Максимова Мария Николае\nвна'
works_0005__m2718_linebreak        mut:linebreak   PER              found=True exact=False miss=None leak=partial bnd={'under': 7, 'over': 0, 'direction': 'shorter'} :: 'МАКСИМО\nВА МАРИЯ НИКОЛАЕВНА'
works_0005__m2718_linebreak        mut:linebreak   PER              found=True exact=False miss=None leak=partial bnd={'under': 22, 'over': 0, 'direction': 'shorter'} :: 'Никитина \nСветлана Владимировна'
works_0005__m2718_linebreak        mut:linebreak   PER              found=True exact=False miss=None leak=partial bnd={'under': 22, 'over': 0, 'direction': 'shorter'} :: 'Никитиной \nСветлане Владимировне'
works_0005__m2718_linebreak        mut:linebreak   PER              found=True exact=True miss=None leak=partial bnd={'under': 0, 'over': 0, 'direction': 'exact'} :: 'Мак\nсимова М. Н.'
works_0005__m2718_linebreak        mut:linebreak   PER              found=True exact=True miss=None leak=partial bnd={'under': 0, 'over': 0, 'direction': 'exact'} :: 'Макси\nмова М. Н.'
works_0005__m2718_linebreak        mut:linebreak   PER              found=True exact=True miss=None leak=partial bnd={'under': 0, 'over': 0, 'direction': 'exact'} :: 'Никитин\nа Светлана Владимировна'
works_0005__m2718_linebreak        mut:linebreak   PER              found=True exact=True miss=None leak=partial bnd={'under': 0, 'over': 0, 'direction': 'exact'} :: 'Никитина Светлана Влади\nмировна'
works_0011__m2718_linebreak        mut:linebreak   BIK              found=False exact=False miss=nothing leak=partial bnd={'under': 9, 'over': 0, 'direction': 'not_found'} :: '04\n5004763'
works_0011__m2718_linebreak        mut:linebreak   INN_PER          found=False exact=False miss=nothing leak=partial bnd={'under': 12, 'over': 0, 'direction': 'not_found'} :: '27\n7340727414'
works_0011__m2718_linebreak        mut:linebreak   INN_PER          found=False exact=False miss=nothing leak=partial bnd={'under': 12, 'over': 0, 'direction': 'not_found'} :: '277340\n727414'
works_0011__m2718_linebreak        mut:linebreak   OGRN             found=False exact=False miss=nothing leak=partial bnd={'under': 15, 'over': 0, 'direction': 'not_found'} :: '39648466\n2452161'
works_0011__m2718_linebreak        mut:linebreak   PASSPORT         found=False exact=False miss=nothing leak=full bnd={'under': 7, 'over': 0, 'direction': 'not_found'} :: '30\n0-212'
works_0011__m2718_linebreak        mut:linebreak   PASSPORT         found=False exact=False miss=nothing leak=full bnd={'under': 7, 'over': 0, 'direction': 'not_found'} :: '30\n0-212'
works_0011__m2718_linebreak        mut:linebreak   PER              found=True exact=True miss=None leak=partial bnd={'under': 0, 'over': 0, 'direction': 'exact'} :: 'Макарова Романа Его\nровича'
works_0011__m2718_linebreak        mut:linebreak   PHONE            found=False exact=False miss=nothing leak=partial bnd={'under': 11, 'over': 0, 'direction': 'not_found'} :: '846 174\n5087'
works_0011__m2718_linebreak        mut:linebreak   SNILS            found=False exact=False miss=nothing leak=partial bnd={'under': 14, 'over': 0, 'direction': 'not_found'} :: '633-679-17\n6 34'
works_0012__m2718_linebreak        mut:linebreak   ADDRESS          found=True exact=True miss=None leak=partial bnd={'under': 0, 'over': 0, 'direction': 'exact'} :: 'Нижний Новгород, Зар\nечная 12'
works_0012__m2718_linebreak        mut:linebreak   PASSPORT         found=False exact=False miss=nothing leak=full bnd={'under': 8, 'over': 0, 'direction': 'not_found'} :: '684-\n847'
works_0012__m2718_linebreak        mut:linebreak   PASSPORT         found=False exact=False miss=nothing leak=full bnd={'under': 8, 'over': 0, 'direction': 'not_found'} :: '684-\n847'
works_0012__m2718_linebreak        mut:linebreak   PASSPORT         found=False exact=False miss=nothing leak=full bnd={'under': 8, 'over': 0, 'direction': 'not_found'} :: '70\n2-982'
works_0012__m2718_linebreak        mut:linebreak   PASSPORT         found=False exact=False miss=nothing leak=full bnd={'under': 8, 'over': 0, 'direction': 'not_found'} :: '702-9\n82'
works_0012__m2718_linebreak        mut:linebreak   PER              found=True exact=False miss=None leak=partial bnd={'under': 7, 'over': 0, 'direction': 'shorter'} :: 'Бело\nв Сергей Дмитриевич'
works_0012__m2718_linebreak        mut:linebreak   PER              found=True exact=False miss=None leak=partial bnd={'under': 10, 'over': 7, 'direction': 'both'} :: 'Зайцева Дарья Пав\nловна'
works_0012__m2718_linebreak        mut:linebreak   PER              found=True exact=True miss=None leak=partial bnd={'under': 0, 'over': 0, 'direction': 'exact'} :: 'Бело\nв С. Д.'
works_0012__m2718_linebreak        mut:linebreak   PER              found=True exact=True miss=None leak=partial bnd={'under': 0, 'over': 0, 'direction': 'exact'} :: 'Бело\nву Сергею Дмитриевичу'
