== где лежит разрыв ==
  cross:'\n'   PER          104
  cross:'\n'   PASSPORT     48
  intra        PER          40
  intra        PASSPORT     28
  cross:'\n'   ADDRESS      25
  intra        BIK          16
  intra        PHONE        14
  ?            PER          13
  intra        ADDRESS      12
  cross:'\n'   INN_PER      11
  cross:'\n'   ORG          8
  cross:'\n'   KPP          8
  cross:'\n'   OGRN         7
  intra        INN_PER      6
  intra        KPP          5
  cross:'\n'   BIRTHDATE    4
  cross:'\n'   INN          4
  cross:'\n'   BIK          4
  intra        OGRN         4
  cross:'\n'   ACCOUNT      4
  intra        BIRTHDATE    3
  cross:'\n'   SNILS        3
  intra        ACCOUNT      2
  intra        INN          1
  ?            INN_PER      1
  cross:'\n'   PHONE        1

== форма разрыва (тип, место, прогоны) ==
    21  PER         cross:'\n'   (("' '", True, True), ("' '", True, True), ("'\\n'", True, True))
    17  PER         cross:'\n'   (("'\\n'", True, True), ("' '", True, True), ("' '", True, True))
    16  BIK         intra        (("'\\n'", True, True),)
    16  PASSPORT    cross:'\n'   (("'\\n'", True, True),)
    16  PASSPORT    intra        (("'\\n'", True, True),)
    15  PER         cross:'\n'   (("' '", True, True), ("'\\n'", True, True), ("' '", True, True))
    12  PASSPORT    cross:'\n'   (("'\\n'", True, False),)
    12  PER         intra        (("' '", True, True), ("' '", True, True), ("'\\n'", True, True))
    11  INN_PER     cross:'\n'   (("'\\n'", True, True),)
    10  PER         cross:'\n'   (("'\\n'", True, True), ("' '", True, True), ("' '", False, True))
    10  PER         intra        (("'\\n'", True, True), ("' '", True, True), ("' '", True, True))
     8  PASSPORT    cross:'\n'   (("'\\n'", False, True),)
     8  PER         cross:'\n'   (("' \\n'", True, True), ("' '", True, True))
     8  KPP         cross:'\n'   (("'\\n'", True, True),)
     7  PER         cross:'\n'   (("' '", True, True), ("'\\n '", True, True))
     7  PER         cross:'\n'   (("' '", True, True), ("' \\n'", True, True))
     7  PASSPORT    intra        (("'\\n'", False, True),)
     7  OGRN        cross:'\n'   (("'\\n'", True, True),)
     7  PER         intra        (("'\\n'", True, True), ("' '", True, True), ("' '", False, True))
     6  PASSPORT    cross:'\n'   (("' '", True, True), ("' '", True, True), ("'\\n'", True, True))
     6  INN_PER     intra        (("'\\n'", True, True),)
     5  PASSPORT    intra        (("'\\n'", True, False),)
     5  KPP         intra        (("'\\n'", True, True),)
     5  PER         intra        (("' '", True, True), ("'\\n'", True, True), ("' '", True, True))
     4  ORG         cross:'\n'   (("' '", True, False), ("'\\n'", True, True))
     4  INN         cross:'\n'   (("'\\n'", True, True),)
     4  BIK         cross:'\n'   (("'\\n'", True, True),)
     4  OGRN        intra        (("'\\n'", True, True),)
     4  ACCOUNT     cross:'\n'   (("'\\n'", True, True),)
     3  PER         cross:'\n'   (("'\\n '", True, True), ("' '", True, True))
     3  BIRTHDATE   cross:'\n'   (("'\\n'", True, True),)
     3  BIRTHDATE   intra        (("'\\n'", True, True),)
     3  PER         ?            (("'\\t '", False, True), ("' '", False, True))
     3  ADDRESS     cross:'\n'   (("' '", False, True), ("'\\n'", True, True), ("' '", True, True))
     2  PHONE       intra        (("' '", True, False), ("' \\n'", False, True))
     2  ACCOUNT     intra        (("'\\n'", True, True),)
     2  PER         intra        (("'\\n '", True, True), ("' '", True, True))
     2  PASSPORT    cross:'\n'   (("' '", True, True), ("' \\n'", True, True))
     2  PER         cross:'\n'   (("' '", True, True), ("'\\n '", False, True))
     2  PER         ?            (("' \\t'", False, True), ("' '", False, True))
     2  PER         cross:'\n'   (("'\\n'", True, True), ("' '", True, True), ("' '", True, True), ("' '", True, True))
     2  PER         cross:'\n'   (("' '", True, True), ("'\\n'", True, False), ("' '", False, True))
     2  ORG         cross:'\n'   (("'\\n '", True, False),)
     2  ADDRESS     cross:'\n'   (("' '", False, True), ("' '", False, True), ("' '", False, True), ("' '", False, True), ("'\\n'", True, True), ("' '", False, True), ("' '", False, True), ("' '", False, True), ("' '", False, True))
     2  PHONE       intra        (("' '", True, False), ("'\\n'", False, True), ("' '", False, True))
     2  PHONE       intra        (("' '", True, False), ("'\\n'", True, False), ("' '", False, True))
     2  PHONE       intra        (("' '", True, False), ("'\\n '", False, True))
     2  PER         ?            (("'\\t'", True, True), ("' '", True, True), ("' '", False, True))
     2  ADDRESS     cross:'\n'   (("' '", False, True), ("' '", False, True), ("' \\n'", False, True), ("' '", False, True), ("' '", False, True), ("' '", False, True), ("' '", False, True), ("' '", False, True))
     2  PHONE       intra        (("' \\n'", True, False), ("' '", False, True))
     2  SNILS       cross:'\n'   (("'\\n'", True, True), ("' '", True, True))
     2  PASSPORT    cross:'\n'   (("' \\n'", True, True), ("' '", True, True))
     1  PER         cross:'\n'   (("'\\n'", True, True), ("' '", True, True))
     1  ADDRESS     cross:'\n'   (("'\\n'", True, True), ("' '", True, True), ("' '", False, True), ("' '", True, True), ("' '", False, True), ("' '", True, True), ("' '", True, True), ("' '", True, True), ("' '", True, False), ("' '", False, True), ("' '", False, True))
     1  PER         cross:'\n'   (("' '", True, True), ("'\\n'", True, True))
     1  PHONE       intra        (("'\\n '", True, True),)
     1  PHONE       intra        (("'\\n'", True, False),)
     1  PHONE       intra        (("'\\n'", True, True),)
     1  PER         ?            (("'\\t'", True, True), ("' '", True, True), ("' '", True, True))
     1  PER         cross:'\n'   (("' '", True, True), ("'\\n '", True, True), ("' '", True, True))

== поимённо ==
agency_0005__m2718_linebreak       txt   ADDRESS     cross:'\n'   (("'\\n'", True, True), ("' '", True, True), ("' '", False, True), ("' '", True, True), ("' '", False, True), ("' '", True, True), ("' '", True, True), ("' '", True, True), ("' '", True, False), ("' '", False, True), ("' '", False, True)) :: 'Мос\nковская обл., Ленинский р-н, 64 км автодороги М-1 «Дон», стр. 4'
agency_0005__m2718_linebreak       txt   PASSPORT    cross:'\n'   (("'\\n'", False, True),) :: '704-\n068'
agency_0005__m2718_linebreak       txt   PASSPORT    cross:'\n'   (("'\\n'", True, False),) :: '704\n-068'
agency_0005__m2718_linebreak       txt   PER         cross:'\n'   (("' '", True, True), ("' '", True, True), ("'\\n'", True, True)) :: 'Петров Иван Олегов\nич'
agency_0005__m2718_linebreak       txt   PER         cross:'\n'   (("' '", True, True), ("'\\n '", True, True)) :: 'Петрова Ивана\n Олеговича'
agency_0005__m2718_linebreak       txt   PER         cross:'\n'   (("' '", True, True), ("'\\n'", True, True), ("' '", True, True)) :: 'Петров Ив\nан Олегович'
agency_0005__m2718_linebreak       txt   PER         cross:'\n'   (("' '", True, True), ("'\\n'", True, True), ("' '", True, True)) :: 'Петрову Иван\nу Олеговичу'
agency_0005__m2718_linebreak       txt   PER         cross:'\n'   (("' \\n'", True, True), ("' '", True, True)) :: 'Петров \nИван Олегович'
agency_0005__m2718_linebreak       txt   PER         cross:'\n'   (("'\\n '", True, True), ("' '", True, True)) :: 'Петрову\n Ивану Олеговичу'
agency_0005__m2718_linebreak       txt   PER         cross:'\n'   (("'\\n '", True, True), ("' '", True, True)) :: 'Петровым\n Иваном Олеговичем'
agency_0005__m2718_linebreak       txt   PER         cross:'\n'   (("'\\n'", True, True), ("' '", True, True)) :: 'пЕт\nРоВ Иван'
agency_0005__m2718_linebreak       txt   PER         cross:'\n'   (("'\\n'", True, True), ("' '", True, True), ("' '", False, True)) :: 'Кузнец\nова А. М.'
agency_0005__m2718_linebreak       txt   PER         cross:'\n'   (("'\\n'", True, True), ("' '", True, True), ("' '", True, True)) :: 'Пе\nтров Иван Олегович'
agency_0010__m2718_linebreak       docx  ACCOUNT     intra        (("'\\n'", True, True),) :: '40802810205\n101445449'
agency_0010__m2718_linebreak       docx  BIK         intra        (("'\\n'", True, True),) :: '044\n525187'
agency_0010__m2718_linebreak       docx  BIK         intra        (("'\\n'", True, True),) :: '04500\n4763'
agency_0010__m2718_linebreak       docx  PER         intra        (("' '", True, True), ("' '", True, True), ("'\\n'", True, True)) :: 'Морозова Екатерина О\nлеговна'
agency_0010__m2718_linebreak       docx  PER         intra        (("' '", True, True), ("' '", True, True), ("'\\n'", True, True)) :: 'Попов Олег Олегов\nич'
agency_0010__m2718_linebreak       docx  PER         intra        (("'\\n '", True, True), ("' '", True, True)) :: 'Попов\n Олег Олегович'
agency_0010__m2718_linebreak       docx  PER         intra        (("'\\n'", True, True), ("' '", True, True), ("' '", True, True)) :: 'Морозо\nва Екатерина Олеговна'
agency_0010__m2718_linebreak       docx  PHONE       intra        (("' '", True, False), ("' \\n'", False, True)) :: '+7 (495) \n981-19-41'
cession_0001__m2718_linebreak      txt   BIRTHDATE   cross:'\n'   (("'\\n'", True, True),) :: '05.06.19\n86'
cession_0001__m2718_linebreak      txt   PASSPORT    cross:'\n'   (("' '", True, True), ("' '", True, True), ("'\\n'", True, True)) :: '90 14 617\n085'
cession_0001__m2718_linebreak      txt   PASSPORT    cross:'\n'   (("' '", True, True), ("' \\n'", True, True)) :: '90 14 \n617085'
cession_0001__m2718_linebreak      txt   PASSPORT    cross:'\n'   (("'\\n'", False, True),) :: '787-\n280'
cession_0001__m2718_linebreak      txt   PASSPORT    cross:'\n'   (("'\\n'", True, True),) :: '787-2\n80'
cession_0001__m2718_linebreak      txt   PER         cross:'\n'   (("' '", True, True), ("' '", True, True), ("'\\n'", True, True)) :: 'Попову Ивану Павл\nовичу'
cession_0001__m2718_linebreak      txt   PER         cross:'\n'   (("' '", True, True), ("' \\n'", True, True)) :: 'Попова Ивана \nПавловича'
cession_0001__m2718_linebreak      txt   PER         cross:'\n'   (("' '", True, True), ("' \\n'", True, True)) :: 'Поповым Иваном \nПавловичем'
cession_0001__m2718_linebreak      txt   PER         cross:'\n'   (("' '", True, True), ("'\\n '", False, True)) :: 'Коваль В.\n А.'
cession_0001__m2718_linebreak      txt   PER         cross:'\n'   (("' '", True, True), ("'\\n'", True, True)) :: 'пОпОв И\nван'
cession_0001__m2718_linebreak      txt   PER         cross:'\n'   (("' '", True, True), ("'\\n'", True, True), ("' '", True, True)) :: 'Коваль Вла\nдимир Алексеевич'
cession_0001__m2718_linebreak      txt   PER         cross:'\n'   (("' '", True, True), ("'\\n'", True, True), ("' '", True, True)) :: 'Коваль Влад\nимир Алексеевич'
cession_0001__m2718_linebreak      txt   PER         cross:'\n'   (("' '", True, True), ("'\\n'", True, True), ("' '", True, True)) :: 'Попов И\nван Павлович'
cession_0001__m2718_linebreak      txt   PER         cross:'\n'   (("' '", True, True), ("'\\n'", True, True), ("' '", True, True)) :: 'Попов Ив\nан Павлович'
cession_0001__m2718_linebreak      txt   PER         cross:'\n'   (("' \\n'", True, True), ("' '", True, True)) :: 'Попов \nИван Павлович'
cession_0001__m2718_linebreak      txt   PER         cross:'\n'   (("'\\n'", True, True), ("' '", True, True), ("' '", False, True)) :: 'Ко\nваль В. А.'
cession_0001__m2718_linebreak      txt   PER         cross:'\n'   (("'\\n'", True, True), ("' '", True, True), ("' '", False, True)) :: 'По\nпов И. П.'
cession_0001__m2718_linebreak      txt   PER         cross:'\n'   (("'\\n'", True, True), ("' '", True, True), ("' '", True, True)) :: 'Поп\nов Иван Павлович'
cession_0002__m1337_linebreak      docx  PASSPORT    intra        (("'\\n'", False, True),) :: '117-\n815'
cession_0002__m1337_linebreak      docx  PASSPORT    intra        (("'\\n'", True, False),) :: '117\n-815'
cession_0002__m1337_linebreak      docx  PASSPORT    intra        (("'\\n'", True, True),) :: '92\n6-827'
cession_0002__m1337_linebreak      docx  PASSPORT    intra        (("'\\n'", True, True),) :: '926-8\n27'
cession_0002__m1337_linebreak      docx  PER         intra        (("' '", True, True), ("' '", True, True), ("'\\n'", True, True)) :: 'Макаров Юрий Ник\nолаевич'
cession_0002__m1337_linebreak      docx  PER         intra        (("'\\n'", True, True), ("' '", True, True), ("' '", True, True)) :: 'Мак\nаров Юрий Николаевич'
cession_0002__m1337_linebreak      docx  PHONE       intra        (("'\\n '", True, True),) :: '812\n 4528997'
cession_0002__m1337_linebreak      docx  PHONE       intra        (("'\\n'", True, False),) :: '8(843\n)4341367'
cession_0002__m1337_linebreak      docx  PHONE       intra        (("'\\n'", True, True),) :: '8-499-6\n61-94-74'
cession_0002__m2718_cell_split     docx  PER         ?            (("'\\t'", True, True), ("' '", True, True), ("' '", True, True)) :: 'Макаро\tв Юрий Николаевич'
cession_0004__m1337_cell_split     docx  PER         ?            (("' \\t'", False, True), ("' '", False, True)) :: 'С. \tВ. Максимова'
cession_0007__m2718_linebreak      txt   ADDRESS     cross:'\n'   (("' '", False, True), ("'\\n'", True, True), ("' '", True, True), ("' '", False, True), ("' '", False, True), ("' '", False, True), ("' '", False, True), ("' '", False, True), ("' '", False, True), ("' '", False, True), ("' '", False, True), ("' '", False, True), ("' '", True, True), ("' '", False, True), ("' '", False, True), ("' '", False, True), ("' '", False, True)) :: '190000, Краснода\nрский край, г. Санкт-Петербург, ул. Гагарина, д. 60, корп. 3, литера А, пом. 16, оф. 466'
cession_0007__m2718_linebreak      txt   ADDRESS     cross:'\n'   (("' '", True, True), ("' '", False, True), ("' '", True, True), ("' \\n'", False, True), ("' '", True, True), ("' '", True, True), ("' '", True, True), ("' '", True, False), ("' '", False, True), ("' '", False, True)) :: 'Тверская обл., Дмитровский р-н, \n35 км автодороги М-6 «Дон», стр. 5'
cession_0007__m2718_linebreak      txt   ADDRESS     cross:'\n'   (("' '", True, True), ("'\\n'", True, True), ("' '", False, True), ("' '", True, True), ("' '", False, True), ("' '", True, True), ("' '", True, True), ("' '", True, True), ("' '", True, False), ("' '", False, True), ("' '", False, True)) :: 'Тверская об\nл., Наро-Фоминский р-н, 53 км автодороги М-4 «Дон», стр. 4'
cession_0007__m2718_linebreak      txt   BIRTHDATE   cross:'\n'   (("'\\n'", False, True),) :: '23.08.\n1984'
cession_0007__m2718_linebreak      txt   PASSPORT    cross:'\n'   (("'\\n'", True, False),) :: '356\n-324'
cession_0007__m2718_linebreak      txt   PASSPORT    cross:'\n'   (("'\\n'", True, True),) :: '356-3\n24'
cession_0007__m2718_linebreak      txt   PER         cross:'\n'   (("' '", True, True), ("' '", True, True), ("'\\n'", True, True)) :: 'ТЕР-ПЕТРОСЯН АРТУР АШОТОВ\nИЧ'
cession_0007__m2718_linebreak      txt   PER         cross:'\n'   (("' '", True, True), ("' '", True, True), ("'\\n'", True, True), ("' '", True, True)) :: 'Мамедов Рашид А\nли оглы'
cession_0007__m2718_linebreak      txt   PER         cross:'\n'   (("' '", True, True), ("'\\n '", False, True)) :: 'Тер-Петросян А.\n А.'
cession_0007__m2718_linebreak      txt   PER         cross:'\n'   (("' '", True, True), ("'\\n '", True, True), ("' '", True, True)) :: 'Мамедов Рашид\n Али оглы'
cession_0007__m2718_linebreak      txt   PER         cross:'\n'   (("' '", True, True), ("'\\n'", True, False), ("' '", False, True)) :: 'Тер-Петросян А\n. А.'
cession_0007__m2718_linebreak      txt   PER         cross:'\n'   (("'\\n'", True, True), ("' '", True, True), ("' '", False, True), ("' '", False, True)) :: 'Мамед\nов Р. А. оглы'
cession_0007__m2718_linebreak      txt   PER         cross:'\n'   (("'\\n'", True, True), ("' '", True, True), ("' '", True, True)) :: 'Тер-Пе\nтросян Артур Ашотович'
cession_0007__m2718_linebreak      txt   PER         cross:'\n'   (("'\\n'", True, True), ("' '", True, True), ("' '", True, True)) :: 'Тер-Петр\nосян Артур Ашотович'
cession_0007__m2718_linebreak      txt   PER         cross:'\n'   (("'\\n'", True, True), ("' '", True, True), ("' '", True, True)) :: 'Тер-Петр\nосян Артур Ашотович'
cession_0007__m2718_linebreak      txt   PER         cross:'\n'   (("'\\n'", True, True), ("' '", True, True), ("' '", True, True), ("' '", True, True)) :: 'Мам\nедову Рашиду Али оглы'
cession_0007__m2718_linebreak      txt   PER         cross:'\n'   (("'\\n'", True, True), ("' '", True, True), ("' '", True, True), ("' '", True, True)) :: 'Маме\nдов Рашид Али оглы'
labor_0005__m2718_linebreak        txt   ADDRESS     cross:'\n'   (("' '", False, True), ("' '", False, True), ("' '", False, True), ("' '", False, True), ("'\\n'", True, True), ("' '", False, True), ("' '", False, True), ("' '", False, True), ("' '", False, True)) :: '443010, г. Самара, просп. Лесна\nя, д. 41, кв. 186'
labor_0005__m2718_linebreak        txt   ADDRESS     cross:'\n'   (("' '", False, True), ("'\\n'", True, False), ("' '", False, True), ("' '", False, True), ("' '", False, True), ("' '", False, True), ("' '", False, True), ("' '", False, True), ("' '", False, True)) :: '614000, г\n. Пермь, ш. Советская, д. 82, кв. 54'
labor_0005__m2718_linebreak        txt   BIK         cross:'\n'   (("'\\n'", True, True),) :: '0440307\n90'
labor_0005__m2718_linebreak        txt   INN         cross:'\n'   (("'\\n'", True, True),) :: '34\n78735100'
labor_0005__m2718_linebreak        txt   INN         cross:'\n'   (("'\\n'", True, True),) :: '34787\n35100'
labor_0005__m2718_linebreak        txt   INN_PER     cross:'\n'   (("'\\n'", True, True),) :: '03029272\n8066'
labor_0005__m2718_linebreak        txt   KPP         cross:'\n'   (("'\\n'", True, True),) :: '4378544\n79'
labor_0005__m2718_linebreak        txt   KPP         cross:'\n'   (("'\\n'", True, True),) :: '4378544\n79'
labor_0005__m2718_linebreak        txt   OGRN        cross:'\n'   (("'\\n'", True, True),) :: '19037227191\n31'
labor_0005__m2718_linebreak        txt   ORG         cross:'\n'   (("' '", True, False), ("'\\n'", True, True)) :: 'ПАО «Альтаи\nр»'
labor_0005__m2718_linebreak        txt   ORG         cross:'\n'   (("' '", True, True), ("'\\n'", True, True)) :: 'ПАО Альт\nаир'
labor_0005__m2718_linebreak        txt   ORG         cross:'\n'   (("'\\n '", True, False),) :: 'ПАО\n «Альтаир»'
labor_0005__m2718_linebreak        txt   PASSPORT    cross:'\n'   (("'\\n'", True, False),) :: '272\n-910'
labor_0005__m2718_linebreak        txt   PASSPORT    cross:'\n'   (("'\\n'", True, True),) :: '27\n2-910'
labor_0005__m2718_linebreak        txt   PER         cross:'\n'   (("'\\n '", False, True), ("' '", False, True)) :: 'О.\n Ю. Зайцев'
labor_0005__m2718_linebreak        txt   PER         cross:'\n'   (("'\\n'", True, False),) :: 'О.Ю\n.Зайцев'
labor_0005__m2718_linebreak        txt   PER         cross:'\n'   (("'\\n'", True, True), ("' '", True, True), ("' '", False, True)) :: 'За\nйцев О. Ю.'
labor_0006__m2718_linebreak        docx  ADDRESS     intra        (("' '", False, True), ("' '", False, True), ("' '", False, True), ("' '", False, True), ("' '", False, True), ("'\\n'", True, False), ("' '", False, True), ("' '", False, True), ("' '", False, True)) :: '614000, г. Пермь, ш. Ленинградская, д\n. 85, кв. 149'
labor_0006__m2718_linebreak        docx  ADDRESS     intra        (("' \\n'", False, True), ("' '", True, True)) :: 'Пермь, \nПрофсоюзная 24'
labor_0006__m2718_linebreak        docx  BIK         intra        (("'\\n'", True, True),) :: '0450\n04763'
labor_0006__m2718_linebreak        docx  BIRTHDATE   intra        (("'\\n'", True, True),) :: '27.0\n6.1959'
labor_0006__m2718_linebreak        docx  INN         intra        (("'\\n'", True, True),) :: '81\n74351040'
labor_0006__m2718_linebreak        docx  KPP         intra        (("'\\n'", True, True),) :: '33\n8749449'
labor_0006__m2718_linebreak        docx  PASSPORT    intra        (("'\\n'", True, True),) :: '56\n7-240'
labor_0006__m2718_linebreak        docx  PASSPORT    intra        (("'\\n'", True, True),) :: '567-2\n40'
labor_0006__m2718_linebreak        docx  PER         intra        (("' '", True, True), ("' '", True, True), ("'\\n'", True, True)) :: 'Иванова Егора Олегови\nча'
labor_0006__m2718_linebreak        docx  PER         intra        (("'\\n'", True, True), ("' '", True, True), ("' '", False, True)) :: 'Ива\nнов Е. О.'
labor_0006__m2718_linebreak        docx  PER         intra        (("'\\n'", True, True), ("' '", True, True), ("' '", True, True)) :: 'ИВАНО\nВ ЕГОР ОЛЕГОВИЧ'
labor_0006__m2718_linebreak        docx  PHONE       intra        (("' '", True, False), ("'\\n'", False, True), ("' '", False, True)) :: '+7 (\n383) 241-93-63'
labor_0006__m2718_linebreak        docx  PHONE       intra        (("' '", True, False), ("'\\n'", True, False), ("' '", False, True)) :: '+7 (812\n) 271-60-20'
labor_0008__m1337_linebreak        docx  ADDRESS     intra        (("' '", False, True), ("' '", False, True), ("'\\n '", False, True), ("' '", False, True), ("' '", False, True), ("' '", False, True), ("' '", True, True)) :: 'просп. Космонавтов, д.\n 29, рп. Обухово, Ленинградская обл.'
labor_0008__m1337_linebreak        docx  BIK         intra        (("'\\n'", True, True),) :: '0445259\n74'
labor_0008__m1337_linebreak        docx  BIRTHDATE   intra        (("'\\n'", True, True),) :: '16.05.1\n969'
labor_0008__m1337_linebreak        docx  INN_PER     intra        (("'\\n'", True, True),) :: '2017\n27300597'
labor_0008__m1337_linebreak        docx  KPP         intra        (("'\\n'", True, True),) :: '40\n1990669'
labor_0008__m1337_linebreak        docx  PASSPORT    intra        (("'\\n'", False, True),) :: '347-\n995'
labor_0008__m1337_linebreak        docx  PASSPORT    intra        (("'\\n'", True, False),) :: '347\n-995'
labor_0008__m1337_linebreak        docx  PER         ?            (("' '", True, True), ("' '", True, True), ("'\\n'", True, True)) :: 'Ершова Екатерина Але\nксеевна'
labor_0008__m1337_linebreak        docx  PER         intra        (("'\\n'", True, True), ("' '", True, True), ("' '", True, True)) :: 'Кры\nлова Ирина Сергеевна'
labor_0008__m1337_linebreak        docx  PHONE       intra        (("' '", True, False), ("'\\n '", False, True)) :: '+7 (495)\n 581-65-78'
labor_0008__m2718_cell_split       docx  PER         ?            (("'\\t '", False, True), ("' '", False, True)) :: 'И.\t С. Крылова'
labor_0011__m2718_linebreak        txt   INN         cross:'\n'   (("'\\n'", True, True),) :: '49\n16046281'
labor_0011__m2718_linebreak        txt   INN_PER     cross:'\n'   (("'\\n'", True, True),) :: '732\n366993586'
labor_0011__m2718_linebreak        txt   KPP         cross:'\n'   (("'\\n'", True, True),) :: '20832\n1813'
labor_0011__m2718_linebreak        txt   OGRN        cross:'\n'   (("'\\n'", True, True),) :: '1453061\n245846'
labor_0011__m2718_linebreak        txt   PASSPORT    cross:'\n'   (("'\\n'", True, False),) :: '998\n-988'
labor_0011__m2718_linebreak        txt   PASSPORT    cross:'\n'   (("'\\n'", True, False),) :: '998\n-988'
labor_0011__m2718_linebreak        txt   PER         cross:'\n'   (("' '", True, True), ("' '", True, True), ("'\\n'", True, True)) :: 'Пирогова Ольга Юрь\nевна'
labor_0011__m2718_linebreak        txt   PER         cross:'\n'   (("' '", True, True), ("' '", True, True), ("'\\n'", True, True)) :: 'Пирогова Ольга Юрьев\nна'
labor_0011__m2718_linebreak        txt   PER         cross:'\n'   (("' '", True, True), ("'\\n '", True, True), ("'\\u200b'", True, True)) :: 'Пирогова Ольга\n Юр\u2060ьев\u200bна'
labor_0011__m2718_linebreak        txt   PER         cross:'\n'   (("' \\n'", True, True), ("' '", True, True)) :: 'Новикова \nОлега Юрьевича'
labor_0011__m2718_linebreak        txt   PER         cross:'\n'   (("'\\n'", True, True), ("' '", True, True), ("' '", True, True)) :: 'Пир\nогова Ольга Юрьевна'
lease_0005__m2718_linebreak        txt   PASSPORT    cross:'\n'   (("'\\n'", True, False),) :: '117\n-042'
lease_0005__m2718_linebreak        txt   PASSPORT    cross:'\n'   (("'\\n'", True, True),) :: '11\n7-042'
lease_0005__m2718_linebreak        txt   PER         cross:'\n'   (("' '", True, True), ("' '", True, True), ("'\\n'", True, True)) :: 'Беляев Пётр Петр\nович'
lease_0005__m2718_linebreak        txt   PER         cross:'\n'   (("' '", True, True), ("'\\n '", True, True)) :: 'Михайлов Артём\n Егорович'
lease_0005__m2718_linebreak        txt   PER         cross:'\n'   (("' '", True, True), ("'\\n'", True, True), ("' '", True, True)) :: 'Михайлов Артё\nм Егорович'
lease_0005__m2718_linebreak        txt   PER         cross:'\n'   (("'\\n'", True, True), ("' '", True, True), ("' '", True, True)) :: 'Михайло\nв Артём Егорович'
lease_0008__m2718_linebreak        docx  ADDRESS     intra        (("' \\n'", True, True), ("' '", False, True), ("' '", False, True), ("' '", False, True)) :: 'а/я \n68, г. Воронеж, 394000'
lease_0008__m2718_linebreak        docx  BIK         intra        (("'\\n'", True, True),) :: '0440\n30790'
lease_0008__m2718_linebreak        docx  BIK         intra        (("'\\n'", True, True),) :: '04403\n0790'
lease_0008__m2718_linebreak        docx  KPP         intra        (("'\\n'", True, True),) :: '1683\n69073'
lease_0008__m2718_linebreak        docx  OGRN        intra        (("'\\n'", True, True),) :: '3737595\n48106404'
lease_0008__m2718_linebreak        docx  PER         intra        (("' '", True, True), ("' '", True, True), ("'\\n'", True, True)) :: 'Оганесян Гурген Ашото\nвич'
lease_0008__m2718_linebreak        docx  PHONE       intra        (("' '", True, False), ("'\\n '", False, True)) :: '+7 (499)\n 319-45-31'
lease_0010__m1337_linebreak        docx  BIK         intra        (("'\\n'", True, True),) :: '04\n4525225'
lease_0010__m1337_linebreak        docx  BIK         intra        (("'\\n'", True, True),) :: '044\n525225'
lease_0010__m1337_linebreak        docx  INN_PER     intra        (("'\\n'", True, True),) :: '36\n1220201569'
lease_0010__m1337_linebreak        docx  INN_PER     intra        (("'\\n'", True, True),) :: '361\n220201569'
lease_0010__m1337_linebreak        docx  INN_PER     intra        (("'\\n'", True, True),) :: '41785505\n0890'
lease_0010__m1337_linebreak        docx  INN_PER     intra        (("'\\n'", True, True),) :: '4178550508\n90'
lease_0010__m1337_linebreak        docx  OGRN        intra        (("'\\n'", True, True),) :: '3098484\n16157618'
lease_0010__m1337_linebreak        docx  OGRN        intra        (("'\\n'", True, True),) :: '31535445163\n3792'
lease_0010__m1337_linebreak        docx  PER         intra        (("' '", True, True), ("' '", True, True), ("'\\n'", True, True)) :: 'Лебедев Артём Дмитрие\nвич'
lease_0010__m1337_linebreak        docx  PER         intra        (("' '", True, True), ("' '", True, True), ("'\\n'", True, True)) :: 'Лебедеву Артёму Дмит\nриевичу'
lease_0010__m1337_linebreak        docx  PER         intra        (("' '", True, True), ("'\\n'", True, True), ("' '", True, True)) :: 'Попов Па\nвел Петрович'
lease_0010__m1337_linebreak        docx  PER         intra        (("'\\n'", True, True), ("' '", True, True), ("' '", False, True)) :: 'Попо\nв П. П.'
lease_0010__m1337_linebreak        docx  PER         intra        (("'\\n'", True, True), ("' '", True, True), ("' '", True, True)) :: 'Поп\nов Павел Петрович'
lease_0010__m1337_linebreak        docx  PER         intra        (("'\\n'", True, True), ("' '", True, True), ("' '", True, True)) :: 'Попо\nв Павел Петрович'
lease_0010__m2718_cell_split       docx  PER         ?            (("' '", True, True), ("' '", True, True), ("'\\t'", True, True)) :: 'Попов Павел Петр\tович'
lease_0011__m2718_linebreak        txt   ACCOUNT     cross:'\n'   (("'\\n'", True, True),) :: '408028104897690495\n70'
lease_0011__m2718_linebreak        txt   ADDRESS     cross:'\n'   (("' '", True, True), ("'\\n'", True, True), ("' '", True, True), ("' '", True, True), ("' '", True, True)) :: 'Самара Г\nагарина 30/3 кв 66'
lease_0011__m2718_linebreak        txt   ADDRESS     cross:'\n'   (("' \\n'", True, True), ("' '", True, True), ("' '", True, True), ("' '", True, True)) :: 'Самара \nОктябрьская 20/4 кв 44'
lease_0011__m2718_linebreak        txt   BIRTHDATE   cross:'\n'   (("'\\n'", True, True),) :: '14.0\n8.1971'
lease_0011__m2718_linebreak        txt   OGRN        cross:'\n'   (("'\\n'", True, True),) :: '363350845\n165794'
lease_0011__m2718_linebreak        txt   PASSPORT    cross:'\n'   (("' '", True, True), ("' \\n'", True, True)) :: '92 17 \n222993'
lease_0011__m2718_linebreak        txt   PASSPORT    cross:'\n'   (("' '", True, True), ("'\\n'", True, True), ("' '", True, True)) :: '92 1\n7 222993'
lease_0011__m2718_linebreak        txt   PASSPORT    cross:'\n'   (("'\\n'", False, True),) :: '777-\n183'
lease_0011__m2718_linebreak        txt   PASSPORT    cross:'\n'   (("'\\n'", True, True),) :: '77\n7-183'
lease_0011__m2718_linebreak        txt   PER         cross:'\n'   (("' '", True, True), ("' '", True, True), ("'\\n'", True, True)) :: 'Новикова Анна Алексе\nевна'
lease_0011__m2718_linebreak        txt   PER         cross:'\n'   (("' '", True, True), ("' '", True, True), ("'\\n'", True, True)) :: 'Новиковой Анне Алек\nсеевне'
lease_0011__m2718_linebreak        txt   PER         cross:'\n'   (("' '", True, True), ("' '", True, True), ("'\\n'", True, True)) :: 'Новиковой Анной Алексее\nвной'
lease_0011__m2718_linebreak        txt   PER         cross:'\n'   (("' '", True, True), ("' \\n'", True, True)) :: 'Новикова Анна \nАлексеевна'
lease_0011__m2718_linebreak        txt   PER         cross:'\n'   (("' '", True, True), ("'\\n '", True, True)) :: 'Новикова Анна\n Алексеевна'
lease_0011__m2718_linebreak        txt   PER         cross:'\n'   (("' '", True, True), ("'\\n'", True, True), ("' '", True, True)) :: 'Новикова Анн\nа Алексеевна'
lease_0011__m2718_linebreak        txt   PER         cross:'\n'   (("' '", True, True), ("'\\n'", True, True), ("' '", True, True)) :: 'Соколова Юли\nя Юрьевна'
lease_0011__m2718_linebreak        txt   PER         cross:'\n'   (("'\\n '", True, True), ("' '", True, True)) :: 'Соколова\n Юлия Юрьевна'
lease_0012__m1337_cell_split       docx  PER         ?            (("'\\t'", True, True), ("' '", True, True), ("' '", False, True)) :: 'Соко\tлова С. А.'
loan_0005__m2718_linebreak         txt   ADDRESS     cross:'\n'   (("' '", False, True), ("' '", False, True), ("' \\n'", False, True), ("' '", False, True), ("' '", False, True), ("' '", False, True), ("' '", False, True), ("' '", False, True)) :: '141400, г. Химки, \nш. Пушкина, д. 50, кв. 55'
loan_0005__m2718_linebreak         txt   PASSPORT    cross:'\n'   (("'\\n'", True, False),) :: '321\n-993'
loan_0005__m2718_linebreak         txt   PASSPORT    cross:'\n'   (("'\\n'", True, True),) :: '321-9\n93'
loan_0005__m2718_linebreak         txt   PER         cross:'\n'   (("' '", True, True), ("' \\n'", False, True)) :: 'Кисель Е. \nП.'
loan_0005__m2718_linebreak         txt   PER         cross:'\n'   (("' '", True, True), ("'\\n'", True, False), ("' '", False, True)) :: 'Кисель Е\n. П.'
loan_0005__m2718_linebreak         txt   PER         cross:'\n'   (("' '", True, True), ("'\\n'", True, True), ("' '", True, True)) :: 'Кисель Его\nр Петрович'
loan_0005__m2718_linebreak         txt   PER         cross:'\n'   (("' '", True, True), ("'\\n'", True, True), ("' '", True, True)) :: 'Соколова Ю\nлия Андреевна'
loan_0005__m2718_linebreak         txt   PER         cross:'\n'   (("'\\n'", True, True), ("' '", True, True), ("' '", False, True)) :: 'Кис\nель Е. П.'
loan_0005__m2718_linebreak         txt   PER         cross:'\n'   (("'\\n'", True, True), ("' '", True, True), ("' '", True, True)) :: 'КИС\nЕЛЬ ЕГОР ПЕТРОВИЧ'
loan_0010__m2718_linebreak         docx  ACCOUNT     intra        (("'\\n'", True, True),) :: '408028104\n24316357961'
loan_0010__m2718_linebreak         docx  ADDRESS     intra        (("' '", True, True), ("' '", False, True), ("' '", True, True), ("' '", False, True), ("' '", True, True), ("' '", True, True), ("' '", True, True), ("' '", True, False), ("'\\n'", False, False), ("' '", False, True), ("' '", False, True)) :: 'Краснодарский край, Ленинский р-н, 33 км автодороги М-3 «Дон»\n, стр. 3'
loan_0010__m2718_linebreak         docx  ADDRESS     intra        (("' '", True, True), ("' '", False, True), ("'\\n '", True, True), ("' '", False, True), ("' '", True, True), ("' '", True, True), ("' '", True, True), ("' '", True, False), ("' '", False, True), ("' '", False, True)) :: 'Тверская обл., Ленинский\n р-н, 63 км автодороги М-9 «Дон», стр. 6'
loan_0010__m2718_linebreak         docx  BIK         intra        (("'\\n'", True, True),) :: '0445251\n87'
loan_0010__m2718_linebreak         docx  BIK         intra        (("'\\n'", True, True),) :: '0445259\n74'
loan_0010__m2718_linebreak         docx  OGRN        intra        (("'\\n'", True, True),) :: '318003774\n586301'
loan_0010__m2718_linebreak         docx  PER         ?            (("'\\n'", True, True), ("' '", True, True), ("' '", False, True)) :: 'Воро\nбьёв И. Е.'
loan_0010__m2718_linebreak         docx  PER         intra        (("' '", True, True), ("' '", True, True), ("'\\n'", True, True)) :: 'Нурмагомедова Хадижат Магом\nедовна'
loan_0010__m2718_linebreak         docx  PER         intra        (("'\\n'", True, True), ("' '", True, True), ("' '", False, True)) :: 'Вор\nобьёв И. Е.'
loan_0010__m2718_linebreak         docx  PER         intra        (("'\\n'", True, True), ("' '", True, True), ("' '", False, True)) :: 'Нурмаго\nмедова Х. М.'
loan_0010__m2718_linebreak         docx  PER         intra        (("'\\n'", True, True), ("' '", True, True), ("' '", True, True)) :: 'Нур\nмагомедова Хадижат Магомедовна'
loan_0010__m2718_linebreak         docx  PER         intra        (("'\\n'", True, True), ("' '", True, True), ("' '", True, True)) :: 'Нурмагомед\nова Хадижат Магомедовна'
sale_0001__m2718_linebreak         txt   ADDRESS     cross:'\n'   (("' '", False, True), ("' '", True, True), ("' '", False, True), ("' '", False, True), ("' '", False, True), ("'\\n'", True, False), ("' '", False, True), ("' '", False, True), ("' '", False, True), ("' '", False, True), ("' '", False, True), ("' '", False, True), ("' '", False, True)) :: '630099, Республика Татарстан, г. Новосибирск, бул\n. Кутузовский, вл. 69, стр. 5, пом. VII'
sale_0001__m2718_linebreak         txt   PASSPORT    cross:'\n'   (("'\\n'", False, True),) :: '046-\n177'
sale_0001__m2718_linebreak         txt   PASSPORT    cross:'\n'   (("'\\n'", True, True),) :: '04\n6-177'
sale_0001__m2718_linebreak         txt   PER         cross:'\n'   (("' '", True, True), ("' '", True, True), ("'\\n'", True, True)) :: 'Крылова Юлия Олегов\nна'
sale_0001__m2718_linebreak         txt   PER         cross:'\n'   (("' '", True, True), ("' \\n'", True, True)) :: 'Крылова Юлия \nОлеговна'
sale_0001__m2718_linebreak         txt   PER         cross:'\n'   (("' '", True, True), ("'\\n '", True, True)) :: 'Максимова Анна\n Михайловна'
sale_0001__m2718_linebreak         txt   PER         cross:'\n'   (("'\\n'", True, True), ("' '", True, True), ("' '", True, True)) :: 'Крылов\nа Юлия Олеговна'
sale_0001__m2718_linebreak         txt   PER         cross:'\n'   (("'\\n'", True, True), ("' '", True, True), ("' '", True, True)) :: 'МА\nКСИМОВА АННА МИХАЙЛОВНА'
sale_0002__m1337_linebreak         docx  INN_PER     ?            (("'\\n'", True, True), ("'\\t'", True, True), ("'\\n'", True, True)) :: '96\n92\t86\n997422'
sale_0002__m1337_linebreak         docx  INN_PER     intra        (("'\\n'", True, True),) :: '9692\n86997422'
sale_0002__m1337_linebreak         docx  PASSPORT    intra        (("'\\n'", True, False),) :: '448\n-818'
sale_0002__m1337_linebreak         docx  PASSPORT    intra        (("'\\n'", True, True),) :: '094-9\n25'
sale_0002__m1337_linebreak         docx  PASSPORT    intra        (("'\\n'", True, True),) :: '094-9\n25'
sale_0002__m1337_linebreak         docx  PASSPORT    intra        (("'\\n'", True, True),) :: '44\n8-818'
sale_0002__m1337_linebreak         docx  PER         ?            (("'\\n'", True, True), ("'\\t'", True, True), ("' '", True, True), ("'\\n'", True, True)) :: 'Тит\nова\tАнна Мих\nайловна'
sale_0002__m1337_linebreak         docx  PER         intra        (("' '", True, True), ("' '", True, True), ("'\\n'", True, True)) :: 'Попов Егор Петр\nович'
sale_0002__m1337_linebreak         docx  PER         intra        (("' '", True, True), ("' '", True, True), ("'\\n'", True, True)) :: 'Титова Анна М\nихайловна'
sale_0002__m1337_linebreak         docx  PER         intra        (("' '", True, True), ("' '", True, True), ("'\\n'", True, True)) :: 'Титовой Анне Мих\nайловне'
sale_0002__m1337_linebreak         docx  PER         intra        (("' '", True, True), ("'\\n'", True, True), ("' '", True, True)) :: 'Попов Его\nр Петрович'
sale_0002__m1337_linebreak         docx  PER         intra        (("' '", True, True), ("'\\n'", True, True), ("' '", True, True)) :: 'Титова Ан\nна Михайловна'
sale_0002__m1337_linebreak         docx  PER         intra        (("' \\n'", True, True), ("' '", True, True)) :: 'Попов \nЕгор Петрович'
sale_0002__m1337_linebreak         docx  PER         intra        (("'\\n '", True, True), ("' '", True, True)) :: 'Титова\n Анна Михайловна'
sale_0002__m1337_linebreak         docx  PER         intra        (("'\\n'", True, True), ("' '", True, True)) :: 'тИтОв\nА Анна'
sale_0002__m1337_linebreak         docx  PER         intra        (("'\\n'", True, True), ("' '", True, True), ("' '", False, True)) :: 'Тит\nова А. М.'
sale_0002__m1337_linebreak         docx  PER         intra        (("'\\xad'", True, True), ("' \\n'", False, True), ("' '", True, True)) :: 'Попо\xadв\u200d \nЕгор Петрович'
sale_0002__m1337_linebreak         docx  PHONE       intra        (("' \\n'", True, False), ("' '", False, True)) :: '+7 \n(499) 502-23-21'
sale_0002__m1337_linebreak         docx  PHONE       intra        (("'\\n '", True, False), ("' '", False, True)) :: '+7\n (495) 522-70-34'
sale_0004__m1337_cell_split        docx  PER         ?            (("' \\t'", False, True), ("' '", False, True)) :: 'Е. \tО. Максимова'
sale_0007__m2718_linebreak         txt   ADDRESS     cross:'\n'   (("' '", False, True), ("'\\n'", True, True), ("' '", True, True)) :: 'Москва, Профсою\nзная 64'
sale_0007__m2718_linebreak         txt   ADDRESS     cross:'\n'   (("' '", False, True), ("'\\n'", True, True), ("' '", True, True)) :: 'Москва, Твер\nская 42'
sale_0007__m2718_linebreak         txt   INN_PER     cross:'\n'   (("'\\n'", True, True),) :: '206283390\n845'
sale_0007__m2718_linebreak         txt   INN_PER     cross:'\n'   (("'\\n'", True, True),) :: '2062833908\n45'
sale_0007__m2718_linebreak         txt   PASSPORT    cross:'\n'   (("'\\n'", True, False),) :: '865\n-710'
sale_0007__m2718_linebreak         txt   PASSPORT    cross:'\n'   (("'\\n'", True, True),) :: '86\n5-710'
sale_0007__m2718_linebreak         txt   PER         cross:'\n'   (("' '", True, True), ("' '", True, True), ("'\\n'", True, True)) :: 'Белов Юрий Але\nксеевич'
sale_0007__m2718_linebreak         txt   PER         cross:'\n'   (("' '", True, True), ("' '", True, True), ("'\\n'", True, True)) :: 'Фёдоров Иван Юрь\nевич'
sale_0007__m2718_linebreak         txt   PER         cross:'\n'   (("' '", True, True), ("' '", True, True), ("'\\n'", True, True)) :: 'Фёдоров Иван Юрье\nвич'
sale_0007__m2718_linebreak         txt   PER         cross:'\n'   (("' '", True, True), ("' \\n'", True, True)) :: 'Фёдорова Ивана \nЮрьевича'
sale_0007__m2718_linebreak         txt   PER         cross:'\n'   (("' '", True, True), ("'\\n '", True, True)) :: 'Фёдорову Ивану\n Юрьевичу'
sale_0007__m2718_linebreak         txt   PER         cross:'\n'   (("' '", True, True), ("'\\n'", True, True), ("' '", True, True)) :: 'Фёдоров Ива\nн Юрьевич'
sale_0007__m2718_linebreak         txt   PER         cross:'\n'   (("'\\n'", True, True), ("' '", True, True), ("' '", False, True)) :: 'Фёдо\nров И. Ю.'
sale_0007__m2718_linebreak         txt   PER         cross:'\n'   (("'\\n'", True, True), ("' '", True, True), ("' '", False, True)) :: 'Фёдо\nров И. Ю.'
sale_0007__m2718_linebreak         txt   PER         cross:'\n'   (("'\\n'", True, True), ("' '", True, True), ("' '", True, True)) :: 'Фёдо\nров Иван Юрьевич'
sale_0007__m2718_linebreak         txt   PER         cross:'\n'   (("'\\n'", True, True), ("' '", True, True), ("' '", True, True)) :: 'Фёдоров\nу Ивану Юрьевичу'
sale_0007__m2718_linebreak         txt   SNILS       cross:'\n'   (("'\\n'", True, True), ("' '", True, True)) :: '43\n1-625-539 62'
sale_0013__m2718_linebreak         txt   ADDRESS     cross:'\n'   (("' '", False, True), ("' '", False, True), ("' '", False, True), ("'\\n'", True, True), ("' '", False, True), ("' '", False, True), ("' '", False, True), ("' '", False, True), ("' '", False, True)) :: '190000, г. Санкт-Петербург, на\nб. Ленинградская, д. 61, кв. 43'
sale_0013__m2718_linebreak         txt   ADDRESS     cross:'\n'   (("' '", False, True), ("' '", False, True), ("' '", True, True), ("' \\n'", False, True), ("' '", False, True), ("' '", False, True), ("' '", False, True), ("' '", False, True), ("' '", False, True)) :: '141300, г. Сергиев Посад, \nбул. Победы, д. 1, кв. 144'
sale_0013__m2718_linebreak         txt   BIRTHDATE   cross:'\n'   (("'\\n'", True, True),) :: '19.0\n7.1995'
sale_0013__m2718_linebreak         txt   INN_PER     cross:'\n'   (("'\\n'", True, True),) :: '171132624\n221'
sale_0013__m2718_linebreak         txt   INN_PER     cross:'\n'   (("'\\n'", True, True),) :: '39031124\n0192'
sale_0013__m2718_linebreak         txt   INN_PER     cross:'\n'   (("'\\n'", True, True),) :: '39031124\n0192'
sale_0013__m2718_linebreak         txt   OGRN        cross:'\n'   (("'\\n'", True, True),) :: '33867860631\n0851'
sale_0013__m2718_linebreak         txt   PASSPORT    cross:'\n'   (("' '", True, True), ("' '", True, True), ("'\\n'", True, True)) :: '66 11 41\n8017'
sale_0013__m2718_linebreak         txt   PASSPORT    cross:'\n'   (("' \\n'", True, True), ("' '", True, True)) :: '66 \n11 418017'
sale_0013__m2718_linebreak         txt   PASSPORT    cross:'\n'   (("'\\n'", False, True),) :: '808-\n581'
sale_0013__m2718_linebreak         txt   PASSPORT    cross:'\n'   (("'\\n'", False, True),) :: '808-\n581'
sale_0013__m2718_linebreak         txt   PER         cross:'\n'   (("' '", True, True), ("' '", True, True), ("'\\n'", True, True)) :: 'Пироговой Анне Пав\nловне'
sale_0013__m2718_linebreak         txt   PER         cross:'\n'   (("' '", True, True), ("' \\n'", True, True)) :: 'Пирогова Анна \nПавловна'
sale_0013__m2718_linebreak         txt   PER         cross:'\n'   (("' '", True, True), ("'\\n '", True, True)) :: 'Пирогова Анна\n Павловна'
sale_0013__m2718_linebreak         txt   PER         cross:'\n'   (("' '", True, True), ("'\\n'", True, True), ("' '", True, True)) :: 'ЕРШОВА ИРИ\nНА ИВАНОВНА'
sale_0013__m2718_linebreak         txt   PER         cross:'\n'   (("' \\n'", True, True), ("' '", True, True)) :: 'Пирогова \nАнна Павловна'
sale_0013__m2718_linebreak         txt   PER         cross:'\n'   (("'\\n'", True, True), ("' '", True, True), ("' '", True, True)) :: 'Ер\nшова Ирина Ивановна'
sale_0014__m2718_linebreak         docx  ADDRESS     intra        (("'\\n'", True, True), ("' '", False, True), ("' '", True, True)) :: 'Санкт-Пет\nербург, Победы 39'
sale_0014__m2718_linebreak         docx  PASSPORT    intra        (("'\\n'", True, False),) :: '906\n-655'
sale_0014__m2718_linebreak         docx  PASSPORT    intra        (("'\\n'", True, True),) :: '306-3\n87'
sale_0014__m2718_linebreak         docx  PASSPORT    intra        (("'\\n'", True, True),) :: '306-3\n87'
sale_0014__m2718_linebreak         docx  PASSPORT    intra        (("'\\n'", True, True),) :: '906-6\n55'
sale_0014__m2718_linebreak         docx  PHONE       intra        (("' '", True, False), ("' \\n'", False, True)) :: '+7 (843) \n194-74-74'
services_0002__m1337_linebreak     docx  PASSPORT    intra        (("'\\n'", False, True),) :: '479-\n259'
services_0002__m1337_linebreak     docx  PASSPORT    intra        (("'\\n'", False, True),) :: '479-\n259'
services_0002__m1337_linebreak     docx  PASSPORT    intra        (("'\\n'", False, True),) :: '582-\n034'
services_0002__m1337_linebreak     docx  PASSPORT    intra        (("'\\n'", True, True),) :: '58\n2-034'
services_0002__m1337_linebreak     docx  PHONE       intra        (("' '", True, False), ("'\\n'", True, False), ("' '", False, True)) :: '+7 (495\n) 782-95-42'
services_0004__m1337_cell_split    docx  PER         ?            (("'\\t '", False, True), ("' '", False, True)) :: 'А.\t М. Орлов'
services_0005__m2718_linebreak     txt   ACCOUNT     cross:'\n'   (("'\\n'", True, True),) :: '407028109706632412\n25'
services_0005__m2718_linebreak     txt   ADDRESS     cross:'\n'   (("' '", False, True), ("'\\n'", True, True), ("' '", True, True)) :: 'Воронеж, Гагари\nна 33'
services_0005__m2718_linebreak     txt   BIK         cross:'\n'   (("'\\n'", True, True),) :: '04452\n5700'
services_0005__m2718_linebreak     txt   KPP         cross:'\n'   (("'\\n'", True, True),) :: '174178\n763'
services_0005__m2718_linebreak     txt   ORG         cross:'\n'   (("' '", True, False), ("'\\n'", False, True)) :: 'ООО "\nРомашка"'
services_0005__m2718_linebreak     txt   ORG         cross:'\n'   (("' '", True, False), ("'\\n'", True, True)) :: 'ООО "Рома\nшка"'
services_0005__m2718_linebreak     txt   PASSPORT    cross:'\n'   (("' '", True, True), ("' '", True, True), ("'\\n'", True, True)) :: '26 04 644\n140'
services_0005__m2718_linebreak     txt   PASSPORT    cross:'\n'   (("' '", True, True), ("'\\n '", True, True)) :: '26 04\n 644140'
services_0005__m2718_linebreak     txt   PASSPORT    cross:'\n'   (("'\\n'", True, False),) :: '116\n-752'
services_0005__m2718_linebreak     txt   PASSPORT    cross:'\n'   (("'\\n'", True, True),) :: '11\n6-752'
services_0011__m2718_linebreak     txt   ADDRESS     cross:'\n'   (("' '", False, True), ("' '", False, True), ("' '", False, True), ("' '", False, True), ("'\\n '", False, True), ("' '", False, True), ("' '", False, True), ("' '", False, True)) :: '344002, г. Ростов-на-Дону, пер. Лесная,\n д. 17, кв. 73'
services_0011__m2718_linebreak     txt   ADDRESS     cross:'\n'   (("'\\n '", False, True), ("' '", False, True), ("' '", False, True), ("' '", False, True), ("' '", False, True), ("' '", False, True), ("' '", False, True), ("' '", False, True)) :: '344002,\n г. Ростов-на-Дону, ул. Пушкина, д. 59, кв. 105'
services_0011__m2718_linebreak     txt   BIK         cross:'\n'   (("'\\n'", True, True),) :: '04452\n5700'
services_0011__m2718_linebreak     txt   INN         cross:'\n'   (("'\\n'", True, True),) :: '678\n5881178'
services_0011__m2718_linebreak     txt   KPP         cross:'\n'   (("'\\n'", True, True),) :: '58257\n9926'
services_0011__m2718_linebreak     txt   OGRN        cross:'\n'   (("'\\n'", True, True),) :: '134400\n9759270'
services_0011__m2718_linebreak     txt   PASSPORT    cross:'\n'   (("' '", True, True), ("' '", True, True), ("'\\n'", True, True)) :: '88 03 75\n0941'
services_0011__m2718_linebreak     txt   PASSPORT    cross:'\n'   (("' \\n'", True, True), ("' '", True, True)) :: '88 \n03 750941'
services_0011__m2718_linebreak     txt   PASSPORT    cross:'\n'   (("'\\n'", False, True),) :: '714-\n857'
services_0011__m2718_linebreak     txt   PASSPORT    cross:'\n'   (("'\\n'", False, True),) :: '714-\n857'
services_0011__m2718_linebreak     txt   PER         cross:'\n'   (("'\\n'", True, True),) :: 'О.О.Новик\nова'
services_0011__m2718_linebreak     txt   SNILS       cross:'\n'   (("'\\n'", True, False), ("' '", True, True)) :: '600-912\n-277 54'
services_0014__m2718_linebreak     docx  ADDRESS     intra        (("' '", False, True), ("' '", False, True), ("' '", False, True), ("'\\n '", False, True), ("' '", False, True), ("' '", False, True), ("' '", True, True)) :: 'бул. Мира, д. 30,\n с. Ивановское, Тверская обл.'
services_0014__m2718_linebreak     docx  ADDRESS     intra        (("' '", True, True), ("' '", False, True), ("'\\n'", True, False), ("' '", False, True), ("' '", False, True), ("' '", False, True), ("' '", True, True), ("' '", False, True), ("' '", True, True)) :: 'проезд Космонавтов, д\n. 58, д. Малые Вязёмы, Новосибирская обл.'
services_0014__m2718_linebreak     docx  BIRTHDATE   intra        (("'\\n'", True, True),) :: '03.0\n5.1977'
services_0014__m2718_linebreak     docx  PASSPORT    intra        (("'\\n'", True, False),) :: '798\n-238'
services_0014__m2718_linebreak     docx  PASSPORT    intra        (("'\\n'", True, True),) :: '01\n8-927'
services_0014__m2718_linebreak     docx  PASSPORT    intra        (("'\\n'", True, True),) :: '018-9\n27'
services_0014__m2718_linebreak     docx  PASSPORT    intra        (("'\\n'", True, True),) :: '79\n8-238'
services_0014__m2718_linebreak     docx  PER         intra        (("' '", True, True), ("'\\n'", True, True), ("' '", True, True)) :: 'Гусева Ел\nена Юрьевна'
services_0014__m2718_linebreak     docx  PER         intra        (("' '", True, True), ("'\\n'", True, True), ("' '", True, True)) :: 'Гусева Ел\nена Юрьевна'
supply_0002__m1337_linebreak       docx  BIK         intra        (("'\\n'", True, True),) :: '0445\n25187'
supply_0002__m1337_linebreak       docx  BIK         intra        (("'\\n'", True, True),) :: '045004\n763'
supply_0002__m1337_linebreak       docx  KPP         intra        (("'\\n'", True, True),) :: '4072\n65752'
supply_0002__m1337_linebreak       docx  PER         intra        (("' '", False, True), ("' '", False, True), ("'\\n'", True, True)) :: 'Н. Ю. Сокол\nова'
supply_0002__m1337_linebreak       docx  PHONE       intra        (("' \\n'", True, False), ("' '", False, True)) :: '+7 \n(383) 989-48-18'
supply_0002__m2718_cell_split      docx  PER         ?            (("'\\t '", False, True), ("' '", False, True)) :: 'Н.\t Ю. Соколова'
supply_0003__m2718_linebreak       txt   ACCOUNT     cross:'\n'   (("'\\n'", True, True),) :: '407028\n10294116116592'
supply_0003__m2718_linebreak       txt   ADDRESS     cross:'\n'   (("' '", False, True), ("' '", False, True), ("' '", False, True), ("' '", False, True), ("' '", False, True), ("' \\n'", False, True), ("' '", False, True), ("' '", False, True)) :: '101000, г. Москва, ш. Пушкина, д. \n49, кв. 111'
supply_0003__m2718_linebreak       txt   ADDRESS     cross:'\n'   (("' '", False, True), ("' '", False, True), ("'\\n'", True, False), ("' '", False, True), ("' '", False, True), ("' '", False, True), ("' '", False, True), ("' '", False, True), ("' '", False, True)) :: '170100, г. Тверь\n, наб. Кутузовский, д. 13, кв. 166'
supply_0003__m2718_linebreak       txt   KPP         cross:'\n'   (("'\\n'", True, True),) :: '78\n9904579'
supply_0003__m2718_linebreak       txt   PASSPORT    cross:'\n'   (("'\\n'", True, False),) :: '051\n-237'
supply_0003__m2718_linebreak       txt   PASSPORT    cross:'\n'   (("'\\n'", True, True),) :: '05\n1-237'
supply_0003__m2718_linebreak       txt   PER         cross:'\n'   (("' '", True, True), ("'\\n'", True, True), ("' '", True, True)) :: 'Богданов Арт\nём Егорович'
supply_0004__m1337_cell_split      docx  PER         ?            (("'\\t'", True, True), ("' '", True, True), ("' '", False, True)) :: 'Тит\tова И. А.'
supply_0009__m2718_linebreak       txt   ADDRESS     cross:'\n'   (("' '", False, True), ("' '", False, True), ("' \\n'", False, True), ("' '", False, True), ("' '", False, True), ("' '", False, True), ("' '", False, True), ("' '", False, True)) :: '394000, г. Воронеж, \nбул. Кирова, д. 32, кв. 130'
supply_0009__m2718_linebreak       txt   KPP         cross:'\n'   (("'\\n'", True, True),) :: '4640\n63151'
supply_0009__m2718_linebreak       txt   ORG         cross:'\n'   (("' '", True, False), ("'\\n'", True, True)) :: 'ПАО «Альтаи\nр»'
supply_0009__m2718_linebreak       txt   PASSPORT    cross:'\n'   (("'\\n'", True, False),) :: '707\n-748'
supply_0009__m2718_linebreak       txt   PASSPORT    cross:'\n'   (("'\\n'", True, True),) :: '707-7\n48'
supply_0009__m2718_linebreak       txt   PER         cross:'\n'   (("' '", True, True), ("' '", True, True), ("'\\n'", True, True)) :: 'Зайцева Юлия Ник\nолаевна'
supply_0009__m2718_linebreak       txt   PER         cross:'\n'   (("' '", True, True), ("'\\n'", True, True), ("' '", True, True)) :: 'Зайцевой Юли\nи Николаевне'
supply_0009__m2718_linebreak       txt   PER         cross:'\n'   (("' \\n'", True, True), ("' '", True, True)) :: 'Зайцева \nЮлия Николаевна'
supply_0009__m2718_linebreak       txt   PER         cross:'\n'   (("'\\n'", True, True), ("' '", True, True), ("' '", True, True)) :: 'Зайц\nева Юлия Николаевна'
supply_0009__m2718_linebreak       txt   PER         cross:'\n'   (("'\\n'", True, True), ("' '", True, True), ("' '", True, True)) :: 'Петр\nова Павла Юрьевича'
supply_0014__m2718_linebreak       docx  ADDRESS     intra        (("' '", False, True), ("' '", False, True), ("' '", False, True), ("' '", True, True), ("'\\n'", True, True), ("' '", False, True), ("' '", False, True), ("' '", False, True), ("' '", False, True)) :: '394000, г. Воронеж, проезд Лени\nна, д. 70, кв. 70'
supply_0014__m2718_linebreak       docx  ADDRESS     intra        (("'\\n'", True, True), ("' '", False, True), ("' '", False, True), ("' '", False, True), ("' '", False, True), ("' '", False, True), ("' '", False, True), ("' '", False, True), ("' '", False, True)) :: '39400\n0, г. Воронеж, наб. Мира, д. 36, кв. 150'
supply_0014__m2718_linebreak       docx  BIK         intra        (("'\\n'", True, True),) :: '044525\n593'
supply_0014__m2718_linebreak       docx  BIK         intra        (("'\\n'", True, True),) :: '0450\n04763'
supply_0014__m2718_linebreak       docx  KPP         intra        (("'\\n'", True, True),) :: '214\n327260'
supply_0014__m2718_linebreak       docx  PER         intra        (("'\\n'", True, True), ("' '", True, True), ("' '", False, True)) :: 'Крыл\nова Е. П.'
supply_0014__m2718_linebreak       docx  PHONE       intra        (("' '", True, False), ("'\\n'", False, True), ("' '", False, True)) :: '+7 (\n499) 203-43-61'
supply_0015__m2718_linebreak       txt   ADDRESS     cross:'\n'   (("' '", False, True), ("' '", False, True), ("'\\n '", False, True), ("' '", False, True), ("' '", False, True), ("' '", False, True), ("' '", False, True), ("' '", False, True)) :: '620014, г. Екатеринбург,\n наб. Тверская, д. 26, кв. 111'
supply_0015__m2718_linebreak       txt   ADDRESS     cross:'\n'   (("' '", False, True), ("'\\n '", False, True), ("' '", False, True), ("' '", False, True), ("' '", False, True), ("' '", False, True), ("' '", False, True), ("' '", False, True)) :: '420111, г.\n Казань, наб. Профсоюзная, д. 83, кв. 62'
supply_0015__m2718_linebreak       txt   KPP         cross:'\n'   (("'\\n'", True, True),) :: '86\n9314006'
supply_0015__m2718_linebreak       txt   ORG         cross:'\n'   (("' '", True, False), ("'\\n'", True, True)) :: 'ООО «Мер\nидиан»'
supply_0015__m2718_linebreak       txt   ORG         cross:'\n'   (("'\\n '", True, False),) :: 'ООО\n «Меридиан»'
supply_0015__m2718_linebreak       txt   PASSPORT    cross:'\n'   (("' '", True, True), ("' '", True, True), ("'\\n'", True, True)) :: '76 05 3\n76027'
supply_0015__m2718_linebreak       txt   PASSPORT    cross:'\n'   (("' '", True, True), ("' '", True, True), ("'\\n'", True, True)) :: '76 05 37\n6027'
supply_0015__m2718_linebreak       txt   PASSPORT    cross:'\n'   (("'\\n'", True, True),) :: '06\n1-662'
supply_0015__m2718_linebreak       txt   PASSPORT    cross:'\n'   (("'\\n'", True, True),) :: '06\n1-662'
supply_0015__m2718_linebreak       txt   PER         cross:'\n'   (("' '", True, True), ("' '", True, True), ("'\\n'", True, True)) :: 'Голубев Роман П\nетрович'
supply_0015__m2718_linebreak       txt   PER         cross:'\n'   (("' '", True, True), ("' '", True, True), ("'\\n'", True, True)) :: 'Голубев Роман Петров\nич'
supply_0015__m2718_linebreak       txt   PER         cross:'\n'   (("' '", True, True), ("' '", True, True), ("'\\n'", True, True)) :: 'Семёнова Андрея Павло\nвича'
supply_0015__m2718_linebreak       txt   PER         cross:'\n'   (("' '", True, True), ("' \\n'", True, True)) :: 'Семёнов Андрей \nПавлович'
supply_0015__m2718_linebreak       txt   PER         cross:'\n'   (("' '", True, True), ("'\\n '", True, True)) :: 'Голубев Роман\n Петрович'
supply_0015__m2718_linebreak       txt   PER         cross:'\n'   (("' \\n'", True, True), ("' '", True, True)) :: 'Голубеву \nРоману Петровичу'
supply_0015__m2718_linebreak       txt   PER         cross:'\n'   (("'\\n'", True, True), ("' '", True, True), ("' '", False, True)) :: 'Го\nлубев Р. П.'
supply_0016__m1337_linebreak       docx  BIK         intra        (("'\\n'", True, True),) :: '044\n525225'
supply_0016__m1337_linebreak       docx  BIK         intra        (("'\\n'", True, True),) :: '04452\n5974'
works_0002__m1337_cell_split       docx  PER         ?            (("' '", False, True), ("'\\t'", True, True), ("' '", True, True)) :: 'Й. д\tе Врис'
works_0005__m2718_linebreak        txt   ACCOUNT     cross:'\n'   (("'\\n'", True, True),) :: '4080281001752\n2488126'
works_0005__m2718_linebreak        txt   ADDRESS     cross:'\n'   (("' '", False, True), ("' '", False, True), ("' '", False, True), ("' '", False, True), ("' '", False, True), ("' '", False, True), ("' '", False, True), ("'\\n'", True, False), ("' '", False, True)) :: '101000, г. Москва, бул. Промышленная, д. 11, кв\n. 133'
works_0005__m2718_linebreak        txt   ADDRESS     cross:'\n'   (("' '", False, True), ("' '", False, True), ("' '", False, True), ("' '", False, True), ("'\\n'", True, True), ("' '", False, True), ("' '", False, True), ("' '", False, True), ("' '", False, True)) :: '101000, г. Москва, наб. Ленингр\nадская, д. 42, кв. 24'
works_0005__m2718_linebreak        txt   ADDRESS     cross:'\n'   (("' '", False, True), ("' '", False, True), ("' '", False, True), ("' \\n'", False, True), ("' '", False, True), ("' '", False, True), ("' '", False, True), ("' '", False, True)) :: '420111, г. Казань, ул. \nЛенина, д. 59, кв. 5'
works_0005__m2718_linebreak        txt   INN_PER     cross:'\n'   (("'\\n'", True, True),) :: '320\n214436879'
works_0005__m2718_linebreak        txt   INN_PER     cross:'\n'   (("'\\n'", True, True),) :: '320214436\n879'
works_0005__m2718_linebreak        txt   OGRN        cross:'\n'   (("'\\n'", True, True),) :: '359\n366332881608'
works_0005__m2718_linebreak        txt   PASSPORT    cross:'\n'   (("'\\n'", True, False),) :: '683\n-381'
works_0005__m2718_linebreak        txt   PASSPORT    cross:'\n'   (("'\\n'", True, True),) :: '683-3\n81'
works_0005__m2718_linebreak        txt   PER         cross:'\n'   (("' '", True, True), ("' '", True, True), ("'\\n'", True, True)) :: 'Максимова Мария Николае\nвна'
works_0005__m2718_linebreak        txt   PER         cross:'\n'   (("' '", True, True), ("' '", True, True), ("'\\n'", True, True)) :: 'Никитина Светлана Влади\nмировна'
works_0005__m2718_linebreak        txt   PER         cross:'\n'   (("' \\n'", True, True), ("' '", True, True)) :: 'Никитина \nСветлана Владимировна'
works_0005__m2718_linebreak        txt   PER         cross:'\n'   (("' \\n'", True, True), ("' '", True, True)) :: 'Никитиной \nСветлане Владимировне'
works_0005__m2718_linebreak        txt   PER         cross:'\n'   (("'\\n'", True, True), ("' '", True, True), ("' '", False, True)) :: 'Мак\nсимова М. Н.'
works_0005__m2718_linebreak        txt   PER         cross:'\n'   (("'\\n'", True, True), ("' '", True, True), ("' '", False, True)) :: 'Макси\nмова М. Н.'
works_0005__m2718_linebreak        txt   PER         cross:'\n'   (("'\\n'", True, True), ("' '", True, True), ("' '", True, True)) :: 'МАКСИМО\nВА МАРИЯ НИКОЛАЕВНА'
works_0005__m2718_linebreak        txt   PER         cross:'\n'   (("'\\n'", True, True), ("' '", True, True), ("' '", True, True)) :: 'Никитин\nа Светлана Владимировна'
works_0011__m2718_linebreak        txt   BIK         cross:'\n'   (("'\\n'", True, True),) :: '04\n5004763'
works_0011__m2718_linebreak        txt   INN_PER     cross:'\n'   (("'\\n'", True, True),) :: '27\n7340727414'
works_0011__m2718_linebreak        txt   INN_PER     cross:'\n'   (("'\\n'", True, True),) :: '277340\n727414'
works_0011__m2718_linebreak        txt   OGRN        cross:'\n'   (("'\\n'", True, True),) :: '39648466\n2452161'
works_0011__m2718_linebreak        txt   PASSPORT    cross:'\n'   (("'\\n'", True, True),) :: '30\n0-212'
works_0011__m2718_linebreak        txt   PASSPORT    cross:'\n'   (("'\\n'", True, True),) :: '30\n0-212'
works_0011__m2718_linebreak        txt   PER         cross:'\n'   (("' '", True, True), ("' '", True, True), ("'\\n'", True, True)) :: 'Макарова Романа Его\nровича'
works_0011__m2718_linebreak        txt   PHONE       cross:'\n'   (("' '", True, True), ("'\\n'", True, True)) :: '846 174\n5087'
works_0011__m2718_linebreak        txt   SNILS       cross:'\n'   (("'\\n'", True, True), ("' '", True, True)) :: '633-679-17\n6 34'
works_0012__m2718_linebreak        docx  ADDRESS     intra        (("' '", True, True), ("' '", False, True), ("'\\n'", True, True), ("' '", True, True)) :: 'Нижний Новгород, Зар\nечная 12'
works_0012__m2718_linebreak        docx  PASSPORT    intra        (("'\\n'", False, True),) :: '684-\n847'
works_0012__m2718_linebreak        docx  PASSPORT    intra        (("'\\n'", False, True),) :: '684-\n847'
works_0012__m2718_linebreak        docx  PASSPORT    intra        (("'\\n'", True, True),) :: '70\n2-982'
works_0012__m2718_linebreak        docx  PASSPORT    intra        (("'\\n'", True, True),) :: '702-9\n82'
works_0012__m2718_linebreak        docx  PER         intra        (("' '", True, True), ("' '", True, True), ("'\\n'", True, True)) :: 'Зайцева Дарья Пав\nловна'
works_0012__m2718_linebreak        docx  PER         intra        (("'\\n'", True, True), ("' '", True, True), ("' '", False, True)) :: 'Бело\nв С. Д.'
works_0012__m2718_linebreak        docx  PER         intra        (("'\\n'", True, True), ("' '", True, True), ("' '", True, True)) :: 'Бело\nв Сергей Дмитриевич'
works_0012__m2718_linebreak        docx  PER         intra        (("'\\n'", True, True), ("' '", True, True), ("' '", True, True)) :: 'Бело\nву Сергею Дмитриевичу'
