== потолок сшивки (только ненайденные сегодня) ==
  ACCOUNT      НЕТ              6
  ADDRESS      ЦЕЛИКОМ          5
  BIK          НЕТ              6
  BIK          ЦЕЛИКОМ          14
  BIRTHDATE    ЦЕЛИКОМ          4
  BIRTHDATE    ЧУЖОЙ:DATE       3
  INN          НЕТ              1
  INN          ЦЕЛИКОМ          3
  INN          ЧУЖОЙ:ADDRESS    1
  INN_PER      НЕТ              2
  INN_PER      ЦЕЛИКОМ          13
  INN_PER      не найден в тексте 1
  KPP          НЕТ              4
  KPP          ЦЕЛИКОМ          9
  OGRN         НЕТ              2
  OGRN         ЦЕЛИКОМ          9
  PASSPORT     НЕТ              13
  PASSPORT     ЦЕЛИКОМ          55
  PASSPORT     ЧУЖОЙ:PHONE      2
  PER          НЕТ              3
  PER          ЦЕЛИКОМ          3
  PER          ЧУЖОЙ:ORG        12
  PER          не найден в тексте 11
  PHONE        ЦЕЛИКОМ          15
  SNILS        НЕТ              3

== поимённо ==
  ACCOUNT     НЕТ              agency_0010__m2718_linebreak       '40802810205\n101445449'
  ACCOUNT     НЕТ              lease_0011__m2718_linebreak        '408028104897690495\n70'
  ACCOUNT     НЕТ              loan_0010__m2718_linebreak         '408028104\n24316357961'
  ACCOUNT     НЕТ              services_0005__m2718_linebreak     '407028109706632412\n25'
  ACCOUNT     НЕТ              supply_0003__m2718_linebreak       '407028\n10294116116592'
  ACCOUNT     НЕТ              works_0005__m2718_linebreak        '4080281001752\n2488126'
  ADDRESS     ЦЕЛИКОМ          cession_0007__m2718_linebreak      'Тверская обл., Дмитровский р-н, \n35 км автодороги М-6 «Дон», стр. 5'
  ADDRESS     ЦЕЛИКОМ          labor_0006__m2718_linebreak        'Пермь, \nПрофсоюзная 24'
  ADDRESS     ЦЕЛИКОМ          lease_0011__m2718_linebreak        'Самара \nОктябрьская 20/4 кв 44'
  ADDRESS     ЦЕЛИКОМ          sale_0007__m2718_linebreak         'Москва, Твер\nская 42'
  ADDRESS     ЦЕЛИКОМ          services_0005__m2718_linebreak     'Воронеж, Гагари\nна 33'
  BIK         НЕТ              labor_0005__m2718_linebreak        '0440307\n90'
  BIK         НЕТ              lease_0008__m2718_linebreak        '0440\n30790'
  BIK         НЕТ              services_0005__m2718_linebreak     '04452\n5700'
  BIK         НЕТ              services_0011__m2718_linebreak     '04452\n5700'
  BIK         НЕТ              supply_0014__m2718_linebreak       '044525\n593'
  BIK         НЕТ              works_0011__m2718_linebreak        '04\n5004763'
  BIK         ЦЕЛИКОМ          agency_0010__m2718_linebreak       '044\n525187'
  BIK         ЦЕЛИКОМ          agency_0010__m2718_linebreak       '04500\n4763'
  BIK         ЦЕЛИКОМ          labor_0006__m2718_linebreak        '0450\n04763'
  BIK         ЦЕЛИКОМ          labor_0008__m1337_linebreak        '0445259\n74'
  BIK         ЦЕЛИКОМ          lease_0008__m2718_linebreak        '04403\n0790'
  BIK         ЦЕЛИКОМ          lease_0010__m1337_linebreak        '04\n4525225'
  BIK         ЦЕЛИКОМ          lease_0010__m1337_linebreak        '044\n525225'
  BIK         ЦЕЛИКОМ          loan_0010__m2718_linebreak         '0445251\n87'
  BIK         ЦЕЛИКОМ          loan_0010__m2718_linebreak         '0445259\n74'
  BIK         ЦЕЛИКОМ          supply_0002__m1337_linebreak       '0445\n25187'
  BIK         ЦЕЛИКОМ          supply_0002__m1337_linebreak       '045004\n763'
  BIK         ЦЕЛИКОМ          supply_0014__m2718_linebreak       '0450\n04763'
  BIK         ЦЕЛИКОМ          supply_0016__m1337_linebreak       '044\n525225'
  BIK         ЦЕЛИКОМ          supply_0016__m1337_linebreak       '04452\n5974'
  BIRTHDATE   ЦЕЛИКОМ          labor_0006__m2718_linebreak        '27.0\n6.1959'
  BIRTHDATE   ЦЕЛИКОМ          lease_0011__m2718_linebreak        '14.0\n8.1971'
  BIRTHDATE   ЦЕЛИКОМ          sale_0013__m2718_linebreak         '19.0\n7.1995'
  BIRTHDATE   ЦЕЛИКОМ          services_0014__m2718_linebreak     '03.0\n5.1977'
  BIRTHDATE   ЧУЖОЙ:DATE       cession_0001__m2718_linebreak      '05.06.19\n86'
  BIRTHDATE   ЧУЖОЙ:DATE       cession_0007__m2718_linebreak      '23.08.\n1984'
  BIRTHDATE   ЧУЖОЙ:DATE       labor_0008__m1337_linebreak        '16.05.1\n969'
  INN         НЕТ              labor_0005__m2718_linebreak        '34787\n35100'
  INN         ЦЕЛИКОМ          labor_0005__m2718_linebreak        '34\n78735100'
  INN         ЦЕЛИКОМ          labor_0011__m2718_linebreak        '49\n16046281'
  INN         ЦЕЛИКОМ          services_0011__m2718_linebreak     '678\n5881178'
  INN         ЧУЖОЙ:ADDRESS    labor_0006__m2718_linebreak        '81\n74351040'
  INN_PER     НЕТ              works_0005__m2718_linebreak        '320214436\n879'
  INN_PER     НЕТ              works_0011__m2718_linebreak        '277340\n727414'
  INN_PER     ЦЕЛИКОМ          labor_0005__m2718_linebreak        '03029272\n8066'
  INN_PER     ЦЕЛИКОМ          labor_0008__m1337_linebreak        '2017\n27300597'
  INN_PER     ЦЕЛИКОМ          labor_0011__m2718_linebreak        '732\n366993586'
  INN_PER     ЦЕЛИКОМ          lease_0010__m1337_linebreak        '36\n1220201569'
  INN_PER     ЦЕЛИКОМ          lease_0010__m1337_linebreak        '361\n220201569'
  INN_PER     ЦЕЛИКОМ          lease_0010__m1337_linebreak        '41785505\n0890'
  INN_PER     ЦЕЛИКОМ          lease_0010__m1337_linebreak        '4178550508\n90'
  INN_PER     ЦЕЛИКОМ          sale_0007__m2718_linebreak         '2062833908\n45'
  INN_PER     ЦЕЛИКОМ          sale_0013__m2718_linebreak         '171132624\n221'
  INN_PER     ЦЕЛИКОМ          sale_0013__m2718_linebreak         '39031124\n0192'
  INN_PER     ЦЕЛИКОМ          sale_0013__m2718_linebreak         '39031124\n0192'
  INN_PER     ЦЕЛИКОМ          works_0005__m2718_linebreak        '320\n214436879'
  INN_PER     ЦЕЛИКОМ          works_0011__m2718_linebreak        '27\n7340727414'
  KPP         НЕТ              labor_0008__m1337_linebreak        '40\n1990669'
  KPP         НЕТ              labor_0011__m2718_linebreak        '20832\n1813'
  KPP         НЕТ              services_0005__m2718_linebreak     '174178\n763'
  KPP         НЕТ              supply_0009__m2718_linebreak       '4640\n63151'
  KPP         ЦЕЛИКОМ          labor_0005__m2718_linebreak        '4378544\n79'
  KPP         ЦЕЛИКОМ          labor_0005__m2718_linebreak        '4378544\n79'
  KPP         ЦЕЛИКОМ          labor_0006__m2718_linebreak        '33\n8749449'
  KPP         ЦЕЛИКОМ          lease_0008__m2718_linebreak        '1683\n69073'
  KPP         ЦЕЛИКОМ          services_0011__m2718_linebreak     '58257\n9926'
  KPP         ЦЕЛИКОМ          supply_0002__m1337_linebreak       '4072\n65752'
  KPP         ЦЕЛИКОМ          supply_0003__m2718_linebreak       '78\n9904579'
  KPP         ЦЕЛИКОМ          supply_0014__m2718_linebreak       '214\n327260'
  KPP         ЦЕЛИКОМ          supply_0015__m2718_linebreak       '86\n9314006'
  OGRN        НЕТ              labor_0011__m2718_linebreak        '1453061\n245846'
  OGRN        НЕТ              works_0011__m2718_linebreak        '39648466\n2452161'
  OGRN        ЦЕЛИКОМ          labor_0005__m2718_linebreak        '19037227191\n31'
  OGRN        ЦЕЛИКОМ          lease_0008__m2718_linebreak        '3737595\n48106404'
  OGRN        ЦЕЛИКОМ          lease_0010__m1337_linebreak        '3098484\n16157618'
  OGRN        ЦЕЛИКОМ          lease_0010__m1337_linebreak        '31535445163\n3792'
  OGRN        ЦЕЛИКОМ          lease_0011__m2718_linebreak        '363350845\n165794'
  OGRN        ЦЕЛИКОМ          loan_0010__m2718_linebreak         '318003774\n586301'
  OGRN        ЦЕЛИКОМ          sale_0013__m2718_linebreak         '33867860631\n0851'
  OGRN        ЦЕЛИКОМ          services_0011__m2718_linebreak     '134400\n9759270'
  OGRN        ЦЕЛИКОМ          works_0005__m2718_linebreak        '359\n366332881608'
  PASSPORT    НЕТ              cession_0001__m2718_linebreak      '90 14 617\n085'
  PASSPORT    НЕТ              cession_0002__m1337_linebreak      '926-8\n27'
  PASSPORT    НЕТ              cession_0007__m2718_linebreak      '356\n-324'
  PASSPORT    НЕТ              lease_0011__m2718_linebreak        '92 17 \n222993'
  PASSPORT    НЕТ              loan_0005__m2718_linebreak         '321\n-993'
  PASSPORT    НЕТ              loan_0005__m2718_linebreak         '321-9\n93'
  PASSPORT    НЕТ              sale_0013__m2718_linebreak         '66 11 41\n8017'
  PASSPORT    НЕТ              sale_0013__m2718_linebreak         '808-\n581'
  PASSPORT    НЕТ              sale_0013__m2718_linebreak         '808-\n581'
  PASSPORT    НЕТ              sale_0014__m2718_linebreak         '906-6\n55'
  PASSPORT    НЕТ              services_0005__m2718_linebreak     '26 04 644\n140'
  PASSPORT    НЕТ              services_0014__m2718_linebreak     '79\n8-238'
  PASSPORT    НЕТ              supply_0009__m2718_linebreak       '707-7\n48'
  PASSPORT    ЦЕЛИКОМ          agency_0005__m2718_linebreak       '704\n-068'
  PASSPORT    ЦЕЛИКОМ          agency_0005__m2718_linebreak       '704-\n068'
  PASSPORT    ЦЕЛИКОМ          cession_0001__m2718_linebreak      '787-\n280'
  PASSPORT    ЦЕЛИКОМ          cession_0001__m2718_linebreak      '787-2\n80'
  PASSPORT    ЦЕЛИКОМ          cession_0002__m1337_linebreak      '117\n-815'
  PASSPORT    ЦЕЛИКОМ          cession_0002__m1337_linebreak      '117-\n815'
  PASSPORT    ЦЕЛИКОМ          cession_0002__m1337_linebreak      '92\n6-827'
  PASSPORT    ЦЕЛИКОМ          cession_0007__m2718_linebreak      '356-3\n24'
  PASSPORT    ЦЕЛИКОМ          labor_0005__m2718_linebreak        '27\n2-910'
  PASSPORT    ЦЕЛИКОМ          labor_0005__m2718_linebreak        '272\n-910'
  PASSPORT    ЦЕЛИКОМ          labor_0006__m2718_linebreak        '56\n7-240'
  PASSPORT    ЦЕЛИКОМ          labor_0006__m2718_linebreak        '567-2\n40'
  PASSPORT    ЦЕЛИКОМ          labor_0008__m1337_linebreak        '347\n-995'
  PASSPORT    ЦЕЛИКОМ          labor_0008__m1337_linebreak        '347-\n995'
  PASSPORT    ЦЕЛИКОМ          labor_0011__m2718_linebreak        '998\n-988'
  PASSPORT    ЦЕЛИКОМ          labor_0011__m2718_linebreak        '998\n-988'
  PASSPORT    ЦЕЛИКОМ          lease_0005__m2718_linebreak        '11\n7-042'
  PASSPORT    ЦЕЛИКОМ          lease_0005__m2718_linebreak        '117\n-042'
  PASSPORT    ЦЕЛИКОМ          lease_0011__m2718_linebreak        '77\n7-183'
  PASSPORT    ЦЕЛИКОМ          lease_0011__m2718_linebreak        '777-\n183'
  PASSPORT    ЦЕЛИКОМ          sale_0001__m2718_linebreak         '04\n6-177'
  PASSPORT    ЦЕЛИКОМ          sale_0001__m2718_linebreak         '046-\n177'
  PASSPORT    ЦЕЛИКОМ          sale_0002__m1337_linebreak         '094-9\n25'
  PASSPORT    ЦЕЛИКОМ          sale_0002__m1337_linebreak         '094-9\n25'
  PASSPORT    ЦЕЛИКОМ          sale_0002__m1337_linebreak         '44\n8-818'
  PASSPORT    ЦЕЛИКОМ          sale_0002__m1337_linebreak         '448\n-818'
  PASSPORT    ЦЕЛИКОМ          sale_0007__m2718_linebreak         '86\n5-710'
  PASSPORT    ЦЕЛИКОМ          sale_0007__m2718_linebreak         '865\n-710'
  PASSPORT    ЦЕЛИКОМ          sale_0014__m2718_linebreak         '306-3\n87'
  PASSPORT    ЦЕЛИКОМ          sale_0014__m2718_linebreak         '306-3\n87'
  PASSPORT    ЦЕЛИКОМ          sale_0014__m2718_linebreak         '906\n-655'
  PASSPORT    ЦЕЛИКОМ          services_0002__m1337_linebreak     '479-\n259'
  PASSPORT    ЦЕЛИКОМ          services_0002__m1337_linebreak     '479-\n259'
  PASSPORT    ЦЕЛИКОМ          services_0002__m1337_linebreak     '58\n2-034'
  PASSPORT    ЦЕЛИКОМ          services_0002__m1337_linebreak     '582-\n034'
  PASSPORT    ЦЕЛИКОМ          services_0005__m2718_linebreak     '11\n6-752'
  PASSPORT    ЦЕЛИКОМ          services_0005__m2718_linebreak     '116\n-752'
  PASSPORT    ЦЕЛИКОМ          services_0011__m2718_linebreak     '714-\n857'
  PASSPORT    ЦЕЛИКОМ          services_0011__m2718_linebreak     '714-\n857'
  PASSPORT    ЦЕЛИКОМ          services_0014__m2718_linebreak     '01\n8-927'
  PASSPORT    ЦЕЛИКОМ          services_0014__m2718_linebreak     '018-9\n27'
  PASSPORT    ЦЕЛИКОМ          services_0014__m2718_linebreak     '798\n-238'
  PASSPORT    ЦЕЛИКОМ          supply_0003__m2718_linebreak       '05\n1-237'
  PASSPORT    ЦЕЛИКОМ          supply_0003__m2718_linebreak       '051\n-237'
  PASSPORT    ЦЕЛИКОМ          supply_0009__m2718_linebreak       '707\n-748'
  PASSPORT    ЦЕЛИКОМ          supply_0015__m2718_linebreak       '06\n1-662'
  PASSPORT    ЦЕЛИКОМ          supply_0015__m2718_linebreak       '06\n1-662'
  PASSPORT    ЦЕЛИКОМ          works_0005__m2718_linebreak        '683\n-381'
  PASSPORT    ЦЕЛИКОМ          works_0005__m2718_linebreak        '683-3\n81'
  PASSPORT    ЦЕЛИКОМ          works_0011__m2718_linebreak        '30\n0-212'
  PASSPORT    ЦЕЛИКОМ          works_0011__m2718_linebreak        '30\n0-212'
  PASSPORT    ЦЕЛИКОМ          works_0012__m2718_linebreak        '684-\n847'
  PASSPORT    ЦЕЛИКОМ          works_0012__m2718_linebreak        '684-\n847'
  PASSPORT    ЦЕЛИКОМ          works_0012__m2718_linebreak        '70\n2-982'
  PASSPORT    ЦЕЛИКОМ          works_0012__m2718_linebreak        '702-9\n82'
  PASSPORT    ЧУЖОЙ:PHONE      services_0011__m2718_linebreak     '88 03 75\n0941'
  PASSPORT    ЧУЖОЙ:PHONE      supply_0015__m2718_linebreak       '76 05 37\n6027'
  PER         НЕТ              cession_0001__m2718_linebreak      'Коваль В.\n А.'
  PER         НЕТ              loan_0005__m2718_linebreak         'Кисель Е\n. П.'
  PER         НЕТ              loan_0005__m2718_linebreak         'Кисель Е. \nП.'
  PER         ЦЕЛИКОМ          agency_0005__m2718_linebreak       'пЕт\nРоВ Иван'
  PER         ЦЕЛИКОМ          labor_0005__m2718_linebreak        'О.Ю\n.Зайцев'
  PER         ЦЕЛИКОМ          labor_0006__m2718_linebreak        'ИВАНО\nВ ЕГОР ОЛЕГОВИЧ'
  PER         ЧУЖОЙ:ORG        agency_0010__m2718_linebreak       'Морозова Екатерина О\nлеговна'
  PER         ЧУЖОЙ:ORG        agency_0010__m2718_linebreak       'Попов\n Олег Олегович'
  PER         ЧУЖОЙ:ORG        lease_0005__m2718_linebreak        'Беляев Пётр Петр\nович'
  PER         ЧУЖОЙ:ORG        lease_0008__m2718_linebreak        'Оганесян Гурген Ашото\nвич'
  PER         ЧУЖОЙ:ORG        lease_0010__m1337_linebreak        'Лебедев Артём Дмитрие\nвич'
  PER         ЧУЖОЙ:ORG        lease_0010__m1337_linebreak        'Поп\nов Павел Петрович'
  PER         ЧУЖОЙ:ORG        lease_0010__m1337_linebreak        'Попо\nв Павел Петрович'
  PER         ЧУЖОЙ:ORG        lease_0011__m2718_linebreak        'Соколова\n Юлия Юрьевна'
  PER         ЧУЖОЙ:ORG        lease_0011__m2718_linebreak        'Соколова Юли\nя Юрьевна'
  PER         ЧУЖОЙ:ORG        sale_0001__m2718_linebreak         'Максимова Анна\n Михайловна'
  PER         ЧУЖОЙ:ORG        sale_0007__m2718_linebreak         'Белов Юрий Але\nксеевич'
  PER         ЧУЖОЙ:ORG        works_0005__m2718_linebreak        'Максимова Мария Николае\nвна'
  PHONE       ЦЕЛИКОМ          agency_0010__m2718_linebreak       '+7 (495) \n981-19-41'
  PHONE       ЦЕЛИКОМ          cession_0002__m1337_linebreak      '8(843\n)4341367'
  PHONE       ЦЕЛИКОМ          cession_0002__m1337_linebreak      '8-499-6\n61-94-74'
  PHONE       ЦЕЛИКОМ          cession_0002__m1337_linebreak      '812\n 4528997'
  PHONE       ЦЕЛИКОМ          labor_0006__m2718_linebreak        '+7 (\n383) 241-93-63'
  PHONE       ЦЕЛИКОМ          labor_0006__m2718_linebreak        '+7 (812\n) 271-60-20'
  PHONE       ЦЕЛИКОМ          labor_0008__m1337_linebreak        '+7 (495)\n 581-65-78'
  PHONE       ЦЕЛИКОМ          lease_0008__m2718_linebreak        '+7 (499)\n 319-45-31'
  PHONE       ЦЕЛИКОМ          sale_0002__m1337_linebreak         '+7\n (495) 522-70-34'
  PHONE       ЦЕЛИКОМ          sale_0002__m1337_linebreak         '+7 \n(499) 502-23-21'
  PHONE       ЦЕЛИКОМ          sale_0014__m2718_linebreak         '+7 (843) \n194-74-74'
  PHONE       ЦЕЛИКОМ          services_0002__m1337_linebreak     '+7 (495\n) 782-95-42'
  PHONE       ЦЕЛИКОМ          supply_0002__m1337_linebreak       '+7 \n(383) 989-48-18'
  PHONE       ЦЕЛИКОМ          supply_0014__m2718_linebreak       '+7 (\n499) 203-43-61'
  PHONE       ЦЕЛИКОМ          works_0011__m2718_linebreak        '846 174\n5087'
  SNILS       НЕТ              sale_0007__m2718_linebreak         '43\n1-625-539 62'
  SNILS       НЕТ              services_0011__m2718_linebreak     '600-912\n-277 54'
  SNILS       НЕТ              works_0011__m2718_linebreak        '633-679-17\n6 34'
