  ОТКАЗ PHONE        '881-100-601 67'             слева: 'СНИЛС '
  ОТКАЗ INN          '3478735100'                 слева: 'аир ИНН '
  ОТКАЗ INN_PERSON   '030292728066'               слева: '26 97 ИНН '
  ОТКАЗ OGRN         '1903722719131'              слева: 'ОГРН '
  ОТКАЗ PHONE        '83832876265'                слева: 'л '
  ОТКАЗ INN          '4916046281'                 слева: 'ИНН '
  ОТКАЗ INN_PERSON   '732366993586'               слева: '-317 75 ИНН '
  ОТКАЗ INN_PERSON   '361220201569'               слева: 'ИП Попов Павел Петрович, ИНН '
  ОТКАЗ INN_PERSON   '417855050890'               слева: 'дуальный предприниматель Лебедев А\n. Д., ИНН '
  ОТКАЗ INN_PERSON   '361220201569'               слева: 'Пермь, просп. Октябрьская, д. 82, кв. 24\nИНН '
  ОТКАЗ OGRN         '309848416157618'            слева: 'ьская, д. 82, кв. 24\nИНН 361220201569 ОГРНИП '
  ОТКАЗ INN_PERSON   '417855050890'               слева: 'ор\nонеж, ул. Кутузовский, д. 63, кв. 177\nИНН '
  ОТКАЗ OGRN         '315354451633792'            слева: 'ский, д. 63, кв. 177\nИНН 417855050890 ОГРНИП '
  ОТКАЗ OGRN         '363350845165794'            слева: 'ИП '
  ОТКАЗ PHONE        '809-753-626 40'             слева: 'СНИЛС '
  ОТКАЗ INN_PERSON   '206283390845'               слева: 'НН '
  ОТКАЗ INN_PERSON   '390311240192'               слева: 'ва И. И., ИНН '
  ОТКАЗ INN_PERSON   '171132624221'               слева: '56 21 ИНН '
  ОТКАЗ OGRN         '338678606310851'            слева: '0192 ОГРНИП '
  ОТКАЗ INN          '07 23 184021'               слева: 'Сем\nёнов Николай Юрьевич, паспорт '
  ОТКАЗ INN          '07 23 184021'               слева: 'страции: Химки Строителей 49/2 кв 83\nПаспорт '
  ОТКАЗ INN          '6785881178'                 слева: 'ИНН '
  ОТКАЗ INN_PERSON   '548946159827'               слева: '-277 54 ИНН '
  ОТКАЗ OGRN         '1344009759270'              слева: 'ОГРН '
  ОТКАЗ PHONE        '70 15 963951'               слева: ' тер. СНТ «Родник», Свердловская обл.Паспорт '
  ОТКАЗ INN          '84 02 932671'               слева: 'олаевна, паспорт '
  ОТКАЗ INN          '84 02 932671'               слева: 'Паспорт '
  ОТКАЗ INN_PERSON   '320214436879'               слева: 'ИНН '
  ОТКАЗ INN_PERSON   '005735285458'               слева: '-328 73 ИНН '
  ОТКАЗ OGRN         '359366332881608'            слева: '214436879 ОГРНИП '
  ОТКАЗ PHONE        '879-362-328 73'             слева: 'СНИЛС '
  ОТКАЗ INN          '20 17 088328'               слева: 'каров Роман Егорович, паспорт '
  ОТКАЗ INN          '20 17 088328'               слева: 'Паспорт '
  ОТКАЗ INN_PERSON   '277340727414'               слева: 'ИНН '
  ОТКАЗ INN_PERSON   '165761330524'               слева: '6 34 ИНН '

== свод стража сборки ==
  BANK_ACCOUNT пропущен   21
  BIK          пропущен   30
  BIRTHDATE    пропущен   18
  CLAUSE_REF   пропущен   42
  CONTRACT_KIND пропущен   3
  DATE         пропущен   36
  EMAIL        пропущен   77
  INN          ОТВЕРГНУТ  9
  INN          пропущен   5
  INN_PERSON   ОТВЕРГНУТ  14
  INN_PERSON   пропущен   32
  KPP          пропущен   10
  OGRN         ОТВЕРГНУТ  7
  OGRN         пропущен   13
  PASSPORT     пропущен   114
  PASSPORT_ISSUER пропущен   4
  PERCENT      пропущен   2
  PHONE        ОТВЕРГНУТ  5
  PHONE        пропущен   148
  SNILS        пропущен   18
  SUM          пропущен   8
  TERM         пропущен   1
