[BUILD_MARK=build-20260729]
сервер: http://127.0.0.1:8766/

##### ПРАВКА 1 — высота подсказки «Проверьте глазами» #####

=== 1024x600 ===
  #v-eyes      высота     0 px  ширина     0 px  flex=0 0 auto  max-width=none
  текст: кегль 13px, заголовок 15px, ширина строки чтения 0 px
  .v-banners   высота    22 px  flex=0 0 auto
  .verify-grid высота   257 px  <- место текста договора
  #pane-anon   высота   204 px

=== 1366x768 ===
  #v-eyes      высота     0 px  ширина     0 px  flex=0 0 auto  max-width=none
  текст: кегль 13px, заголовок 15px, ширина строки чтения 0 px
  .v-banners   высота    22 px  flex=0 0 auto
  .verify-grid высота   409 px  <- место текста договора
  #pane-anon   высота   315 px

=== 1920x1080 ===
  #v-eyes      высота   117 px  ширина  1846 px  flex=0 0 auto  max-width=none
  текст: кегль 13px, заголовок 15px, ширина строки чтения 1100 px
  .v-banners   высота   185 px  flex=0 0 auto
  .verify-grid высота   586 px  <- место текста договора
  #pane-anon   высота   532 px

=== 1440x1080 ===
  #v-eyes      высота   117 px  ширина  1366 px  flex=0 0 auto  max-width=none
  текст: кегль 13px, заголовок 15px, ширина строки чтения 1100 px
  .v-banners   высота   185 px  flex=0 0 auto
  .verify-grid высота   554 px  <- место текста договора
  #pane-anon   высота   501 px

=== 1680x1080 ===
  #v-eyes      высота   117 px  ширина  1606 px  flex=0 0 auto  max-width=none
  текст: кегль 13px, заголовок 15px, ширина строки чтения 1100 px
  .v-banners   высота   185 px  flex=0 0 auto
  .verify-grid высота   586 px  <- место текста договора
  #pane-anon   высота   532 px

##### ПРАВКА 2 — запас прокрутки под полосу AI vision #####

=== 1024x600 ===
  полоса: от верха панели 69 px, от полосы до низа панели 31 px
  запас CSS: сверху 69px, снизу 135px
  прокрутка: видно 204 из 1401 px, ход 1197 px, строк 46
  край прокрутки: первая строка в самом верху +0 px от кромки полосы, последняя в самом низу -25 px
  ПЕРВАЯ    строка, подведена к полосе: +0 px от кромки -> ВСТАЛА НА ПОЛОСУ
  ПОСЛЕДНЯЯ строка, подведена к полосе: +0 px от кромки -> ВСТАЛА НА ПОЛОСУ

=== 1366x768 ===
  полоса: от верха панели 106 px, от полосы до низа панели 48 px
  запас CSS: сверху 106px, снизу 209px
  прокрутка: видно 315 из 1512 px, ход 1197 px, строк 46
  край прокрутки: первая строка в самом верху +0 px от кромки полосы, последняя в самом низу -25 px
  ПЕРВАЯ    строка, подведена к полосе: +0 px от кромки -> ВСТАЛА НА ПОЛОСУ
  ПОСЛЕДНЯЯ строка, подведена к полосе: +0 px от кромки -> ВСТАЛА НА ПОЛОСУ

=== 1920x1080 ===
  полоса: от верха панели 128 px, от полосы до низа панели 58 px
  запас CSS: сверху 128px, снизу 404px
  прокрутка: видно 532 из 1729 px, ход 1197 px, строк 46
  край прокрутки: первая строка в самом верху +0 px от кромки полосы, последняя в самом низу -25 px
  ПЕРВАЯ    строка, подведена к полосе: +0 px от кромки -> ВСТАЛА НА ПОЛОСУ
  ПОСЛЕДНЯЯ строка, подведена к полосе: +0 px от кромки -> ВСТАЛА НА ПОЛОСУ

##### ПРАВКА 2 — разметка мышью в крайних положениях #####

  документ в самом верху: выделено «ПЕРВАЯ» (строка 1, сегмент l0, границы [0:6], строка НА полосе)
    плашка типов: ОТКРЫЛАСЬ; фрагмент в заголовке СОВПАЛ -> 'Что это за данные?«ПЕРВАЯ»'

  документ в самом низу: выделено «ПОСЛЕДНЯЯ» (строка 46, сегмент l45, границы [0:9], строка вне полосы)
    плашка типов: ОТКРЫЛАСЬ; фрагмент в заголовке СОВПАЛ -> 'Что это за данные?«ПОСЛЕДНЯЯ»'

##### КАРТА РИСКА ВКЛЮЧЕНА ПО УМОЛЧАНИЮ #####
  при открытии экрана: {"видна":true,"кнопка_нажата":true,"ширина":62,"нарисована":true,"столбцов":14}
  после щелчка по кнопке: {"видна":false,"кнопка_нажата":false}

##### ПЛАШКА В ОПИСИ = ПЛАШКА В ТЕКСТЕ, обе темы #####
  тема «depth»: сличено типов 10, расходятся 0
  тема «glass»: сличено типов 10, расходятся 0
